10-27 18:03:00.483 23828 24699 V tt_libquic : c3978ece160e922abcbf17a7bb963a8609c1c1e764b4e40f8d3978c76588cee187198206970d9959a01e30c0da9d957bcd2581b6a6bfa4f5ca54e6a5264dd99dc3f13536b60fe3b3d0c8ba79889de9376961afce3ed589b858ecccb3b07fe1e63e6c494e714ba5d8473c6fa9bede8af724d1d3852ab72b752d4ad81d8beb68958cd1805f85f8f6d5115ce7dd004969ba5e9822ca0c8e3a5399d71b99faad7efce5a9679627b6bcb01d4facd2b7d437b9011b945457bf1c3d1ccda4908f0ed1f2b1c6a9658b596d47c8b70b34b96d4718e788db489baf4d6a54776ac4c5947a2a70f2fcce502faa56ed4c3204abfbe3ef7b1b2c1fc61ca70a1fa70fe7d8a4a85c7c6a75803dbe25f14d0c05dd4963fa2711fdb3bec92bb9505e79dea1fbed22979a6040b1ac82daa3baeab71d5495e242455090a1593ae2567ce5baa68f7069c3318d9167cc5c6caafa49b49bd0dc7edcd54b566c2659375820439c35d382740b747eef5179bd632225a30a217bbe99e85f65a6d9fe45514d65fe0dc542b0ae445a1a1f5748fa0fc89dc7436667121c0c13b016581c0e8f237c62a8ffa31cbf24b8875c8a97d7d15d0f52b2b7d5327cb26f2b69ac064eefff69c5820367cc637b5b3b04ebae9bbdcfe7bacbff154ba8e8bca33e50e85df603f24e712d278fb57ec9f875b020474b44c770ee55f6646669db1f8e4640b2766e50f639eb7a4dcb376dd71412d0378125fbdfa58de8521ac7ee6e149417cb7ff7add5488785f6c97d979c90b2c6da984d0775c8934f6c4b9b744738e59867d3464b181169cb5e85bcdb5e4ff2a005cbdba30697b1ee20cf53261a5d7ed119ed3b35f4b0a894537a2cbef6645f408ee078bc7d5c55a6a9a9423e2f697963c4fba504f4e3ce32a2d5b59e9891ceaafb53aea7b7b77620b4b1e6432da71d3bf5ee317c9e13eba3878cef98b9afa4cc0a0e548405e002297ffdaddea4fd87ee74c5d35a9cae6cfbeb548fb6764d5a91758bd75c6ba1f67dc95a8b3e0e2ef2b01c0a350da200789514ea31b0e157a27e97447fe2269220c28bccf7613f2bbf0f999264541c514973fce9c2555fb9907f53e2377e3dccaf81f9d572325e3a1000f32f7f7e4efa5471c28faf8270ac5234891b393392f0b641c8766698d4d0c880fc79dc308489ec40186110dddf9f118cd0b9feb3af322077063b92c90d845ce9a14824440a0c6530380c2e02b179e2c501f3879c39bf2434986eba83fe77605ddefb88e33898d80484869921794f92e3b8c4da784fb016648678d915f85e9ce04fe11af0a1eb3b73638c48271f943ab5bae02cffd8833db1abc87fd2d061a150d345ddfb366bf3d254426c6dfb6a5e77da9ffc8df221e72715651a46d7e4fd679db60671435abc373e2a317da099
10-27 18:03:00.483 23828 24699 V tt_libquic : 18e5493ec7529de4b7a4e4ca6e49a41c7a6d68bd51d6403dfaa9a549501177f0418a420e6170ef0f776fc49c71bc11b909f366a48424b3b0de80a96883790a188517d29dbc1c850ed6e4be89d0a84db94359f7babb6230eead5b15707d5b9ea196069bde9a8e09ef2b3860844d5ace362e54686827112e45a70e5f286a6e0c3048be4bf1e645a924f5d9f6389bbaad303aa1fcdf000000ffff46614a22
10-27 18:03:00.483 23828 24699 V tt_libquic : >
10-27 18:03:00.484 23828 24699 V tt_libquic : [1027/180300.484008:VERBOSE1:quic_crypto_client_handshaker.cc(190)] QUIC Handshake: DoReceiveREJ
10-27 18:03:00.484 23828 24699 W tt_libquic : [1027/180300.484067:WARNING:quic_session.cc(1253)] OnRejReceived No.1 reason for rejection: 2048
10-27 18:03:00.484 23828 24699 V tt_libquic : [1027/180300.484930:VERBOSE1:quic_crypto_client_handshaker.cc(194)] QUIC Handshake: DoVerifyProof
10-27 18:03:00.485 23828 24699 V tt_libquic : [1027/180300.485058:VERBOSE1:quic_crypto_client_handshaker.cc(198)] QUIC Handshake: DoVerifyProofComplete
10-27 18:03:00.485 23828 24699 V tt_libquic : [1027/180300.485144:VERBOSE1:quic_crypto_client_handshaker.cc(186)] QUIC Handshake: DoSendCHLO
10-27 18:03:00.485 23828 24699 V tt_libquic : [1027/180300.485261:VERBOSE1:quic_crypto_client_config.cc(513)] CCS: `~
10-27 18:03:00.486 23828 24699 V tt_libquic : [1027/180300.486029:VERBOSE1:tt_quic_client_session.h(152)] OnCryptoHandshakeMessageSent CHLO<
10-27 18:03:00.486 23828 24699 V tt_libquic :   SNI : "pull-f5-tt02.tiktokcdn.com"
10-27 18:03:00.486 23828 24699 V tt_libquic :   STK : 0x264d8878faed5dfc4b6d57f4a47652329efacb8194bd6057006226a784f277d4632065bd19177f0fd95d0703a7ac623c67d3dc4a47c7598f495bffe2e95bcd9ce4d65de1741e478f95ac26
10-27 18:03:00.486 23828 24699 V tt_libquic :   VER : 'Q043'
10-27 18:03:00.486 23828 24699 V tt_libquic :   NONC: 0x635aabb40774e0640a9f90034c3dea8139ffeeec75bfb2b19c0176b2b6339cd4
10-27 18:03:00.486 23828 24699 V tt_libquic :   AEAD: 'AESG'
10-27 18:03:00.486 23828 24699 V tt_libquic :   SCID: 0x0b7c8a694f1dbe1fff75fd2eb51e8473
10-27 18:03:00.486 23828 24699 V tt_libquic :   TCID: 0
10-27 18:03:00.486 23828 24699 V tt_libquic :   PDMD: 'X509'
10-27 18:03:00.486 23828 24699 V tt_libquic :   SMHL: 0x01000000
10-27 18:03:00.486 23828 24699 V tt_libquic :   ICSL: 15000
10-27 18:03:00.486 23828 24699 V tt_libquic :   NONP: 0xbf0f0a8747f8f566dea59f0c8a16c905198fc1dcdd0d4b143e6c815c0407fa27
10-27 18:03:00.486 23828 24699 V tt_libquic :   PUBS: 0x870a81966269a4ac8f0caa8a5a01af579f73e7a325c1eee8bf51fd21ff0dfd31
10-27 18:03:00.486 23828 24699 V tt_libquic :   MIDS: 10
10-27 18:03:00.486 23828 24699 V tt_libquic :   SCLS: 1
10-27 18:03:00.486 23828 24699 V tt_libquic :   KEXS: 'C255'
10-27 18:03:00.486 23828 24699 V tt_libquic :   XLCT: 0xbf807814927548b8
10-27 18:03:00.486 23828 24699 V tt_libquic :   CSCT: 0x
10-27 18:03:00.486 23828 24699 V tt_libquic :   COPT: 'NSTP','STMP','TIME','AKD2','AKDU','BBR3','BBR5','BBR6','BBR8','BBR9','BBQ1','BBQ2','IW10','B2ON'
10-27 18:03:00.486 23828 24699 V tt_libquic :   CCRT: 0xbf807814927548b89a653218be8d61c0
10-27 18:03:00.486 23828 24699 V tt_libquic :   CFCW: 25165824
10-27 18:03:00.486 23828 24699 V tt_libquic :   SFCW: 16777216
10-27 18:03:00.486 23828 24699 V tt_libquic : >
10-27 18:03:00.486 23828 24699 I tt_libquic : [1027/180300.486562:INFO:tt_quic_client_session.cc(212)] ENCRYPTION_REESTABLISHED
10-27 18:03:00.486 23828 24698 I tt_libquic : [1027/180300.486705:INFO:tt_quic_client.cc(403)] EncryptionBeingEstablished wait 40 ms
10-27 18:03:00.486 23828 24699 V tt_libquic : [1027/180300.486749:VERBOSE1:tt_quic_client.cc(1202)] OnDataProcess size: 442
10-27 18:03:00.486 23828 24698 I tt_libquic : [1027/180300.486757:INFO:tt_quic_client.cc(433)] connection id 0327e7b1b2a48712 sent chlo 2
10-27 18:03:00.486 23828 24699 V tt_libquic : [1027/180300.486853:VERBOSE1:quic_connection.cc(2443)] OnPathMtuIncreased 1350
10-27 18:03:00.486 23828 24699 V tt_libquic : [1027/180300.486922:VERBOSE1:tt_quic_client.cc(1202)] OnDataProcess size: 29
10-27 18:03:00.514 23828 24699 V tt_libquic : [1027/180300.514210:VERBOSE1:tt_quic_client_session.h(147)] OnCryptoHandshakeMessageReceived SHLO<
10-27 18:03:00.514 23828 24699 V tt_libquic :   SNO : 0x4123ecda8921c20125b2a62eb87be8f8e52884bab16edc92485dd15ba3bc9ae3
10-27 18:03:00.514 23828 24699 V tt_libquic :   VER : 'ff000022','ff000020','ff00001d','Q043','Q042','Q039','00000001'
10-27 18:03:00.514 23828 24699 V tt_libquic :   ICSL: 30
10-27 18:03:00.514 23828 24699 V tt_libquic :   PUBS: 0x001202db2dc889edc71d2623f65044172e9c413b3bddaaaf72be8aeebda23d04
10-27 18:03:00.514 23828 24699 V tt_libquic :   MIDS: 100
10-27 18:03:00.514 23828 24699 V tt_libquic :   CFCW: 786432
10-27 18:03:00.514 23828 24699 V tt_libquic :   SFCW: 524288
10-27 18:03:00.514 23828 24699 V tt_libquic : >
10-27 18:03:00.514 23828 24699 V tt_libquic : [1027/180300.514433:VERBOSE1:quic_crypto_client_handshaker.cc(202)] QUIC Handshake: DoReceiveSHLO
10-27 18:03:00.514 23828 24699 I tt_libquic : [1027/180300.514922:INFO:tt_quic_client_session.cc(229)] HANDSHAKE_CONFIRMED
10-27 18:03:00.515 23828 24699 I tt_libquic : [1027/180300.514991:INFO:quic_client_context.cc(338)] QuicClientContext::OnCryptoHandshakeComplete, connectionID: 0327e7b1b2a48712
10-27 18:03:00.515 23828 24699 I tt_libquic : [1027/180300.515030:INFO:quic_client_context.cc(333)] QuicClientContext::OnQuicOpen, connectionID: 0327e7b1b2a48712
10-27 18:03:00.515 23828 24699 V tt_libquic : [1027/180300.515353:VERBOSE1:tt_quic_client.cc(1202)] OnDataProcess size: 231
10-27 18:03:00.515 23828 24699 V tt_libquic : [1027/180300.515537:VERBOSE1:tt_quic_client.cc(1202)] OnDataProcess size: 21
10-27 18:03:00.520 23828 24699 V tt_libquic : [1027/180300.520373:VERBOSE1:tt_quic_client.cc(1286)] TTQuicClient::OnEventProcess, ev: 4
10-27 18:03:00.520 23828 24699 I tt_libquic : [1027/180300.520493:INFO:tt_quic_client.cc(1241)] send CloseConnection
10-27 18:03:00.520 23828 24699 I tt_libquic : [1027/180300.520808:INFO:quic_client_context.cc(360)] QuicClientContext::OnQuicStreamClose, streamID: 3
10-27 18:03:00.520 23828 24699 I tt_libquic : [1027/180300.520900:INFO:tt_quic_client.cc(637)] OnConnectionClosed, conn id 0327e7b1b2a48712, error code: QUIC_PEER_GOING_AWAY, error_details: Client disconnecting in loop thread
10-27 18:03:00.520 23828 24699 I tt_libquic : [1027/180300.520948:INFO:quic_client_context.cc(356)] QuicClientContext::OnQuicClose, connectionID: 0327e7b1b2a48712
10-27 18:03:00.520 23828 24699 I tt_libquic : [1027/180300.520974:INFO:tt_quic_client.cc(1245)] quic close connection frame has been sent
10-27 18:03:00.521 23828 24698 I tt_libquic : [1027/180300.521063:INFO:tt_looper_base.cc(90)] wait to exit bg_loop 
10-27 18:03:00.521 23828 24699 V tt_libquic : [1027/180300.521503:VERBOSE1:tt_quic_client.cc(1286)] TTQuicClient::OnEventProcess, ev: -1
10-27 18:03:00.521 23828 24699 I tt_libquic : [1027/180300.521602:INFO:tt_looper_v2.cc(115)] LooperV2::OnProcess() end
10-27 18:03:00.521 23828 24699 I tt_libquic : [1027/180300.521647:INFO:tt_looper_v2.cc(118)] end bg_loop
10-27 18:03:00.521 23828 24698 I tt_libquic : [1027/180300.521946:INFO:tt_looper_base.cc(92)] wait to exit bg_loop end
10-27 18:03:00.527 24505 24640 E fb4a.StartupInfraPreloader: Unknown component: stories_csr_storage
10-27 18:03:00.625 23828 23828 I System.out: class X.0I8 (Kotlin reflection is not available)
10-27 18:03:00.631 24505 24517 I facebook.katan: Method exceeds compiler instruction limit: 18701 in int X.19s.A00(java.lang.String)
10-27 18:03:00.861  1618  1788 W BroadcastQueue: Background execution not allowed: receiving Intent { act=android.intent.action.DROPBOX_ENTRY_ADDED flg=0x10 (has extras) } to com.google.android.gms/.stats.service.DropBoxEntryAddedReceiver
10-27 18:03:00.861  1618  1788 W BroadcastQueue: Background execution not allowed: receiving Intent { act=android.intent.action.DROPBOX_ENTRY_ADDED flg=0x10 (has extras) } to com.google.android.gms/.chimera.GmsIntentOperationService$PersistentTrustedReceiver
10-27 18:03:00.871  1618  8868 D CompatibilityInfo: mCompatibilityFlags - 0
10-27 18:03:00.871  1618  8868 D CompatibilityInfo: applicationDensity - 420
10-27 18:03:00.871  1618  8868 D CompatibilityInfo: applicationScale - 1.0
10-27 18:03:00.890 10483 24649 W adbd    : timed out while waiting for FUNCTIONFS_BIND, trying again
10-27 18:03:00.890 10483 24649 I adbd    : UsbFfs: connection terminated: monitor thread finished
10-27 18:03:00.890 10483 10483 I adbd    : UsbFfs: already offline
10-27 18:03:00.890 10483 10483 I adbd    : destroying transport UsbFfs
10-27 18:03:00.890 10483 10483 I adbd    : UsbFfsConnection being destroyed
10-27 18:03:00.909  1618  8868 D CompatibilityInfo: mCompatibilityFlags - 0
10-27 18:03:00.909  1618  8868 D CompatibilityInfo: applicationDensity - 420
10-27 18:03:00.909  1618  8868 D CompatibilityInfo: applicationScale - 1.0
10-27 18:03:00.914  1618  8868 D CompatibilityInfo: mCompatibilityFlags - 0
10-27 18:03:00.914  1618  8868 D CompatibilityInfo: applicationDensity - 420
10-27 18:03:00.914  1618  8868 D CompatibilityInfo: applicationScale - 1.0
10-27 18:03:00.964  1618  7927 D CompatibilityInfo: mCompatibilityFlags - 0
10-27 18:03:00.964  1618  7927 D CompatibilityInfo: applicationDensity - 420
10-27 18:03:00.964  1618  7927 D CompatibilityInfo: applicationScale - 1.0
10-27 18:03:00.978 24505 24518 I facebook.katan: Background young concurrent copying GC freed 122272(8963KB) AllocSpace objects, 57(1880KB) LOS objects, 73% free, 8637KB/32MB, paused 756us total 205.194ms
10-27 18:03:00.990 24505 24519 W JavaBinder: BinderProxy is being destroyed but the application did not call unlinkToDeath to unlink all of its death recipients beforehand.  Releasing leaked death recipient: X.063
10-27 18:03:00.991 24505 24519 I BpBinder: onLastStrongRef automatically unlinking death recipients: <uncached descriptor>
10-27 18:03:00.998 24505 24520 W System  : A resource failed to call close. 
10-27 18:03:00.998 24505 24520 W System  : A resource failed to call close. 
10-27 18:03:01.041 10483 10488 I adbd    : opening control endpoint /dev/usb-ffs/adb/ep0
10-27 18:03:01.045 10483 10488 I adbd    : UsbFfsConnection constructed
10-27 18:03:01.047 10483 24730 I adbd    : UsbFfs-monitor thread spawned
10-27 18:03:01.056 23828 23880 E SQLiteDatabase: Error inserting open_time=1666821600000
10-27 18:03:01.056 23828 23880 E SQLiteDatabase: android.database.sqlite.SQLiteConstraintException: UNIQUE constraint failed: app_open.open_time (code 2067 SQLITE_CONSTRAINT_UNIQUE)
10-27 18:03:01.056 23828 23880 E SQLiteDatabase: 	at android.database.sqlite.SQLiteConnection.nativeExecuteForLastInsertedRowId(Native Method)
10-27 18:03:01.056 23828 23880 E SQLiteDatabase: 	at android.database.sqlite.SQLiteConnection.executeForLastInsertedRowId(SQLiteConnection.java:938)
10-27 18:03:01.056 23828 23880 E SQLiteDatabase: 	at android.database.sqlite.SQLiteSession.executeForLastInsertedRowId(SQLiteSession.java:790)
10-27 18:03:01.056 23828 23880 E SQLiteDatabase: 	at android.database.sqlite.SQLiteStatement.executeInsert(SQLiteStatement.java:88)
10-27 18:03:01.056 23828 23880 E SQLiteDatabase: 	at android.database.sqlite.SQLiteDatabase.insertWithOnConflict(SQLiteDatabase.java:1701)
10-27 18:03:01.056 23828 23880 E SQLiteDatabase: 	at android.database.sqlite.SQLiteDatabase.insert(SQLiteDatabase.java:1570)
10-27 18:03:01.056 23828 23880 E SQLiteDatabase: 	at X.NeH.LIZ(SourceFile:327766)
10-27 18:03:01.056 23828 23880 E SQLiteDatabase: 	at X.NeH.LIZIZ(SourceFile:17039410)
10-27 18:03:01.056 23828 23880 E SQLiteDatabase: 	at X.Mfa.invoke(SourceFile:262173)
10-27 18:03:01.056 23828 23880 E SQLiteDatabase: 	at X.6ul.run(SourceFile:262174)
10-27 18:03:01.056 23828 23880 E SQLiteDatabase: 	at X.5kh.LIZ(SourceFile:16973833)
10-27 18:03:01.056 23828 23880 E SQLiteDatabase: 	at X.6uk.then(SourceFile:16973835)
10-27 18:03:01.056 23828 23880 E SQLiteDatabase: 	at X.0Gu.run(SourceFile:327711)
10-27 18:03:01.056 23828 23880 E SQLiteDatabase: 	at X.4Iu.run(SourceFile:459019)
10-27 18:03:01.056 23828 23880 E SQLiteDatabase: 	at java.util.concurrent.ThreadPoolExecutor.runWorker(ThreadPoolExecutor.java:1167)
10-27 18:03:01.056 23828 23880 E SQLiteDatabase: 	at java.util.concurrent.ThreadPoolExecutor$Worker.run(ThreadPoolExecutor.java:641)
10-27 18:03:01.056 23828 23880 E SQLiteDatabase: 	at X.4If.run(SourceFile:196623)
10-27 18:03:01.056 23828 23880 E SQLiteDatabase: 	at java.lang.Thread.run(Thread.java:923)
10-27 18:03:01.079 24505 24505 W AppInit2: type=1400 audit(0.0:11346): avc: denied { read } for name="zoneinfo" dev="proc" ino=4026532129 scontext=u:r:untrusted_app:s0:c172,c256,c512,c768 tcontext=u:object_r:proc_zoneinfo:s0 tclass=file permissive=0 app=com.facebook.katana
10-27 18:03:01.092 24505 24669 E nightwatch-target: /proc/zoneinfo open: errno=13
10-27 18:03:01.092 24505 24669 E nightwatch-target: sysmeminfo parse failed
10-27 18:03:01.097 23828 24734 W BitmapFactory: bitmap marked for reuse (43218 bytes) can't fit new bitmap (86436 bytes)
10-27 18:03:01.342 24505 24599 W fb4a.MultiSignalANRDetectorLacrima: Pausing error state checks
10-27 18:03:01.388 23828 24739 W BitmapFactory: bitmap marked for reuse (230400 bytes) can't fit new bitmap (460800 bytes)
10-27 18:03:01.460 23828 24741 W System.err: org.json.JSONException: No value for auto
10-27 18:03:01.460 23828 24741 W System.err: 	at org.json.JSONObject.get(JSONObject.java:400)
10-27 18:03:01.460 23828 24741 W System.err: 	at org.json.JSONObject.getJSONObject(JSONObject.java:620)
10-27 18:03:01.460 23828 24741 W System.err: 	at X.Tpn.LIZ(SourceFile:196625)
10-27 18:03:01.461 23828 24741 W System.err: 	at X.Tpc.LJJLI(SourceFile:458817)
10-27 18:03:01.461 23828 24741 W System.err: 	at X.Tpc.LIZLLL(SourceFile:590077)
10-27 18:03:01.461 23828 24741 W System.err: 	at X.Tpc.LIZJ(SourceFile:393259)
10-27 18:03:01.461 23828 24741 W System.err: 	at X.Tpf.handleMessage(SourceFile:50555)
10-27 18:03:01.461 23828 24741 W System.err: 	at android.os.Handler.dispatchMessage(Handler.java:102)
10-27 18:03:01.461 23828 24741 W System.err: 	at android.os.Looper.loop(Looper.java:223)
10-27 18:03:01.461 23828 24741 W System.err: 	at android.os.HandlerThread.run(HandlerThread.java:67)
10-27 18:03:01.509 23828 24751 I ttmn    : <0x0,av_base_thread.cpp,run,349>Looper-V2:thread to stop.mState:1431655768
10-27 18:03:01.533 23828 24741 W System.err: org.json.JSONException: End of input at character 0 of 
10-27 18:03:01.533 23828 24741 W System.err: 	at org.json.JSONTokener.syntaxError(JSONTokener.java:460)
10-27 18:03:01.533 23828 24741 W System.err: 	at org.json.JSONTokener.nextValue(JSONTokener.java:101)
10-27 18:03:01.533 23828 24741 W System.err: 	at org.json.JSONObject.<init>(JSONObject.java:165)
10-27 18:03:01.533 23828 24741 W System.err: 	at org.json.JSONObject.<init>(JSONObject.java:182)
10-27 18:03:01.533 23828 24741 W System.err: 	at X.Tpn.LJIIL(SourceFile:33882166)
10-27 18:03:01.533 23828 24741 W System.err: 	at X.Tpc.LJJJJL(SourceFile:459125)
10-27 18:03:01.533 23828 24741 W System.err: 	at X.Tpc.LIZJ(SourceFile:10468)
10-27 18:03:01.533 23828 24741 W System.err: 	at X.Tpc.LIZ(SourceFile:10315)
10-27 18:03:01.533 23828 24741 W System.err: 	at X.Tpc.LJIILLIIL(SourceFile:17368078)
10-27 18:03:01.533 23828 24741 W System.err: 	at X.Tpc.LJ(SourceFile:17170492)
10-27 18:03:01.533 23828 24741 W System.err: 	at X.Tpc.LJIIJ(SourceFile:17170590)
10-27 18:03:01.533 23828 24741 W System.err: 	at X.Tpc.LIZLLL(SourceFile:590687)
10-27 18:03:01.534 23828 24741 W System.err: 	at X.Tpc.LIZJ(SourceFile:393259)
10-27 18:03:01.534 23828 24741 W System.err: 	at X.Tpf.handleMessage(SourceFile:50555)
10-27 18:03:01.534 23828 24741 W System.err: 	at android.os.Handler.dispatchMessage(Handler.java:102)
10-27 18:03:01.534 23828 24741 W System.err: 	at android.os.Looper.loop(Looper.java:223)
10-27 18:03:01.534 23828 24741 W System.err: 	at android.os.HandlerThread.run(HandlerThread.java:67)
10-27 18:03:01.538 23828 24751 I ttmn    : <0x0,tt_player.cpp,prepare,293>global codec recycle enable: 0
10-27 18:03:01.540 23828 24751 I ttmn    : <0x0,av_sort_queue.h,enableFixSort,17>AVSortQueue::enableFixSort:0
10-27 18:03:01.563 23828 24754 I ttmn    : <0x0,av_base_thread.cpp,run,349>Reader-L2:thread to stop.mState:1431655768
10-27 18:03:01.567 23828 24756 I ttmn    : <0x0,av_base_thread.cpp,run,349>Player-L2:thread to stop.mState:1431655768
10-27 18:03:01.567 23828 24751 I ttmn    : <0x0,av_codec_ex.h,open,40>enable decode sei once: 1
10-27 18:03:01.601 23828 24754 V tt_libquic : [1027/180301.601901:VERBOSE1:quic_client_context.cc(132)] QuicClientContext::quic_open begin, host:pull-f5-tt02.tiktokcdn.com, port:80, mode:1, timerVersion:1
10-27 18:03:01.629 23828 24758 W BitmapFactory: bitmap marked for reuse (7200 bytes) can't fit new bitmap (14400 bytes)
10-27 18:03:01.651 23828 24751 W VideoCapabilities: Unsupported mime video/divx
10-27 18:03:01.651 23828 24751 W VideoCapabilities: Unsupported mime video/divx311
10-27 18:03:01.651 23828 24751 W VideoCapabilities: Unsupported mime video/divx4
10-27 18:03:01.654 23828 24751 W VideoCapabilities: Unrecognized profile/level 0/3 for video/mpeg2
10-27 18:03:01.655 23828 24751 W VideoCapabilities: Unrecognized profile/level 0/3 for video/mpeg2
10-27 18:03:01.655 23828 24751 W VideoCapabilities: Unsupported mime video/x-ms-wmv
10-27 18:03:01.656 23828 24751 W VideoCapabilities: Unsupported mime video/x-ms-wmv
10-27 18:03:01.660 23828 24751 W AudioCapabilities: Unsupported mime audio/ozoaudio
10-27 18:03:01.679 23828 24760 I OMXClient: IOmx service obtained
10-27 18:03:01.679  1235  3200 I OMXMaster: makeComponentInstance(OMX.qcom.video.decoder.hevc) in android.hardwar process
10-27 18:03:01.689  1235  3200 I OMX-VDEC-1080P: Video slvp perflock acquired
10-27 18:03:01.690  1235  3200 I OMX-VDEC-1080P: component_init: OMX.qcom.video.decoder.hevc : fd=7
10-27 18:03:01.701  1235  3200 I OMX-VDEC-1080P: omx_vdec::component_init() success : fd=7
10-27 18:03:01.703 23828 24759 D MediaCodecOpt: TryCall hook func called
10-27 18:03:01.703 23828 24759 D MediaCodecOpt: before call orig, retCode = 0
10-27 18:03:01.703 23828 24759 D MediaCodecOpt: after call orig, retCode = 0
10-27 18:03:01.710 23828 24759 D SurfaceUtils: connecting to surface 0x71b5b6a5c0, reason connectToSurface
10-27 18:03:01.710 23828 24759 I MediaCodec: [OMX.qcom.video.decoder.hevc] setting surface generation to 24399873
10-27 18:03:01.710 23828 24759 D SurfaceUtils: disconnecting from surface 0x71b5b6a5c0, reason connectToSurface(reconnect)
10-27 18:03:01.710 23828 24759 D SurfaceUtils: connecting to surface 0x71b5b6a5c0, reason connectToSurface(reconnect)
10-27 18:03:01.711  1235  3200 E OMX-VDEC-1080P: get_parameter: unknown param 7f000046
10-27 18:03:01.711  1235  3200 E OMXNodeInstance: getParameter(0xe5360034:qcom.decoder.hevc, ??(0x7f000046)) ERROR: UnsupportedIndex(0x8000101a)
10-27 18:03:01.711  1235  1314 E OMX-VDEC-1080P: Enable/Disable allocate-native-handle allowed only on input port!
10-27 18:03:01.712  1235  1314 E OMX-VDEC-1080P: set_parameter: Error: 0x80001019, setting param 0x7f00005d
10-27 18:03:01.712  1235  1314 E OMXNodeInstance: setParameter(0xe5360034:qcom.decoder.hevc, OMX.google.android.index.allocateNativeHandle(0x7f00005d): Output:1 en=0) ERROR: UnsupportedSetting(0x80001019)
10-27 18:03:01.712  1235  3200 E OMX-VDEC-1080P: get_parameter: unknown param 6f600011
10-27 18:03:01.712  1235  3200 E OMXNodeInstance: getParameter(0xe5360034:qcom.decoder.hevc, ??(0x6f600011)) ERROR: UnsupportedIndex(0x8000101a)
10-27 18:03:01.712 23828 24760 I ExtendedACodec: setupVideoDecoder()
10-27 18:03:01.722 23828 24760 I ExtendedACodec: Decoder will be in frame by frame mode
10-27 18:03:01.724  1235 11917 E OMXNodeInstance: getConfig(0xe5360034:qcom.decoder.hevc, ??(0x7f000062)) ERROR: UnsupportedSetting(0x80001019)
10-27 18:03:01.740 23828 24760 D SurfaceUtils: set up nativeWindow 0x71b5b6a5c0 for 720x1280, color 0x7fa30c06, rotation 0, usage 0x20002900
10-27 18:03:01.741 23828 24760 D NATIVE_ALLOCATOR: hook to set MaxDequeuedBufferCount, from buffer count:21, to buffer count:22
10-27 18:03:01.745  1205  3351 W ResourceManagerService: Ignoring request to add new resource entry with value <= 0
10-27 18:03:01.747 23828 24768 I ttmn    : <0x0,av_base_thread.cpp,run,349>fake_jmc_async:thread to stop.mState:1431655768
10-27 18:03:01.768 23828 24754 I ffmpeg  : [libbytevc1dec_van @ 0x7145b9cd80] <libbytevc1.c byte_vc1_decode_init 2445> dec thread: 0, output method 0, version:1.6.210
10-27 18:03:01.768 23828 24754 I ffmpeg  : 
10-27 18:03:01.768 23828 24754 I ByteVC1_dec: bytevc1_dec [info]: Bytedance bytevc1 ByteVC1 decoder (V1.6.210) is created.
10-27 18:03:01.768 23828 24754 I ByteVC1_dec: 
10-27 18:03:01.768 23828 24754 I ffmpeg  : [libbytevc1dec_van @ 0x7145b9cd80] <libbytevc1.c byte_vc1_logcallback 2391> bytevc1_dec [info]: set log callback, loglevel:3
10-27 18:03:01.768 23828 24754 I ffmpeg  : 
10-27 18:03:01.768 23828 24754 I ffmpeg  : 
10-27 18:03:01.779 23828 24769 I ttmn    : <0x0,av_base_thread.cpp,run,349>VDecode-L2:thread to stop.mState:1431655768
10-27 18:03:01.788 23828 24770 I ttmn    : <0x0,av_base_thread.cpp,run,349>ADecode-L2:thread to stop.mState:1431655768
10-27 18:03:01.790 23828 24770 I ttmn    : <0x0,ff_acodecer.cpp,open,83>support xheaac: 0, decodec all AAC through FDKAAC: 0
10-27 18:03:01.797 23828 24771 I ttmn    : <0x0,av_base_thread.cpp,run,349>AGraph-L2:thread to stop.mState:1431655768
10-27 18:03:01.805 23828 24772 I ttmn    : <0x0,av_base_thread.cpp,run,349>VOutlet-L2:thread to stop.mState:1431655768
10-27 18:03:01.806 23828 24773 I ttmn    : <0x0,av_base_thread.cpp,run,349>AOutlet-L2:thread to stop.mState:1431655768
10-27 18:03:01.810 23828 24759 D SurfaceUtils: connecting to surface 0x71b5bbd630, reason connectToSurface
10-27 18:03:01.810 23828 24759 I MediaCodec: [OMX.qcom.video.decoder.hevc] setting surface generation to 24399874
10-27 18:03:01.810 23828 24759 D SurfaceUtils: disconnecting from surface 0x71b5bbd630, reason connectToSurface(reconnect)
10-27 18:03:01.810 23828 24759 D SurfaceUtils: connecting to surface 0x71b5bbd630, reason connectToSurface(reconnect)
10-27 18:03:01.811 23828 24760 D SurfaceUtils: set up nativeWindow 0x71b5bbd630 for 720x1280, color 0x7fa30c06, rotation 0, usage 0x20002900
10-27 18:03:01.811 23828 24760 D NATIVE_ALLOCATOR: hook to set MaxDequeuedBufferCount, from buffer count:21, to buffer count:22
10-27 18:03:01.811 23828 24759 D SurfaceUtils: disconnecting from surface 0x71b5b6a5c0, reason disconnectFromSurface
10-27 18:03:01.812   621   621 I hwservicemanager: getTransport: Cannot find entry android.hardware.graphics.allocator@4.0::IAllocator/default in either framework or device manifest.
10-27 18:03:01.813 23828 24760 W Gralloc4: allocator 3.x is not supported
10-27 18:03:01.813   621   621 I hwservicemanager: getTransport: Cannot find entry android.hardware.graphics.allocator@3.0::IAllocator/default in either framework or device manifest.
10-27 18:03:01.814 23828 24760 W Gralloc3: allocator 3.x is not supported
10-27 18:03:01.842  1235  1314 E OMXNodeInstance: getConfig(0xe5360034:qcom.decoder.hevc, ??(0x7f000062)) ERROR: UnsupportedSetting(0x80001019)
10-27 18:03:01.852 23828 24760 D SurfaceUtils: set up nativeWindow 0x71b5bbd630 for 720x1280, color 0x7fa30c06, rotation 0, usage 0x20002900
10-27 18:03:01.854 23828 24760 D NATIVE_ALLOCATOR: hook to set MaxDequeuedBufferCount, from buffer count:10, to buffer count:11
10-27 18:03:01.868  1235  3200 E OMXNodeInstance: getConfig(0xe5360034:qcom.decoder.hevc, ??(0x7f000062)) ERROR: UnsupportedSetting(0x80001019)
10-27 18:03:01.875 23828 24771 W [mammon]android-13.3.1-alpha.0-player[Warning!UnredirectedLogger!!]: [mammon]android-13.3.1-alpha.0-player[mammon_business_ttplayer_open] effect name is compressor
10-27 18:03:01.875 23828 24771 W [mammon]android-13.3.1-alpha.0-player[Warning!UnredirectedLogger!!]: [mammon]android-13.3.1-alpha.0-player [mammon_business_ttplayer][process] context open param, samplerate: 44100, channels: 2, duration: 0
10-27 18:03:01.966  1618  7927 I system_server: oneway function results will be dropped but finished with status OK and parcel size 4
10-27 18:03:01.974  1618  7927 I chatty  : uid=1000(system) Binder:1618_19 identical 8 lines
10-27 18:03:01.974  1618  7927 I system_server: oneway function results will be dropped but finished with status OK and parcel size 4
10-27 18:03:01.980   861  2173 D audio_hw_primary: adev_get_parameters:vr_audio_mode_on
10-27 18:03:01.981   861  2173 I audio_hw_primary: getting vr mode to 0
10-27 18:03:01.981   861  2173 D audio_hw_primary: adev_get_parameters: exit: returns - vr_audio_mode_on=false
10-27 18:03:01.982   918  1319 I AudioPolicyManagerCustom: VR mode is 0, switch to primary output if request is for fast|raw
10-27 18:03:01.982   918  1319 D AudioPolicyManagerCustom: Force Direct Flag .. old flags(0x0)
10-27 18:03:01.983   918  1319 I AudioFlinger: openOutput() this 0x6ec7c539d0, module 10 Device type:0x2,@:, SamplingRate 44100, Format 0x000001, Channels 0x3, flags 0x1
10-27 18:03:01.983   861  2173 D audio_hw_primary: adev_open_output_stream: enter: format(0x1) sample_rate(44100) channel_mask(0x3) devices(0x2) flags(0x1)        stream_handle(0xe794eb00) address()
10-27 18:03:01.983   861  2173 I audio_hw_utils: PCM offload Fragment size to 7168 bytes
10-27 18:03:01.983   861  2173 I audio_hw_utils: audio_extn_utils_update_stream_output_app_type_cfg Allowing 24 and above bits playback on speaker ONLY at default sampling rate
10-27 18:03:01.983   861  2173 D audio_hw_primary: adev_open_output_stream: Stream (0xe794eb00) picks up usecase (compress-offload-playback2)
10-27 18:03:01.983   861  2173 D audio_hw_primary: io_streams_map_insert: Added stream in io_streams_map with handle 93
10-27 18:03:01.986   918  1319 I AudioFlinger: HAL output buffer size 1792 frames, normal sink buffer size 1792 frames
10-27 18:03:01.987   861  2173 D audio_hw_utils: audio_extn_utils_compress_get_dsp_latency:: Using Fix DSP delay
10-27 18:03:01.987   861  2173 D audio_hw_utils: audio_extn_utils_compress_get_dsp_latency:: delay in ms is 62
10-27 18:03:01.987   861  2173 D compress_voip: compress_voip_out_get_parameters: enter
10-27 18:03:01.988   918  1319 E AudioFlinger: Failed to add event callback
10-27 18:03:01.989   861  2173 D audio_hw_utils: audio_extn_utils_compress_get_dsp_latency:: Using Fix DSP delay
10-27 18:03:01.989   861  2173 D audio_hw_utils: audio_extn_utils_compress_get_dsp_latency:: delay in ms is 62
10-27 18:03:01.989   861  2173 D audio_hw_utils: audio_extn_utils_compress_get_dsp_latency:: Using Fix DSP delay
10-27 18:03:01.989   861  2173 D audio_hw_utils: audio_extn_utils_compress_get_dsp_latency:: delay in ms is 62
10-27 18:03:01.991   918 24776 I AudioFlinger: AudioFlinger's thread 0x6f47c5a3e0 tid=24776 ready to run
10-27 18:03:01.993  1618  7927 I system_server: oneway function results will be dropped but finished with status OK and parcel size 4
10-27 18:03:01.994  1618  7927 I system_server: oneway function results will be dropped but finished with status OK and parcel size 4
10-27 18:03:01.995   918 24776 D AudioFlinger: ro.audio.silent is ignored since no output device is set
10-27 18:03:01.996   861  2173 D audio_hw_primary: out_standby: enter: stream (0xe794eb00) usecase(4: compress-offload-playback2)
10-27 18:03:01.996   861  2173 D audio_hw_primary: out_standby: exit
10-27 18:03:01.998  1618  7927 I system_server: oneway function results will be dropped but finished with status OK and parcel size 4
10-27 18:03:01.998   918 24776 D AudioFlinger: ro.audio.silent is ignored since no output device is set
10-27 18:03:01.999  1618  8868 I system_server: oneway function results will be dropped but finished with status OK and parcel size 4
10-27 18:03:02.000  1618  8868 I system_server: oneway function results will be dropped but finished with status OK and parcel size 4
10-27 18:03:02.009 23828 23828 W Thread-17: type=1400 audit(0.0:11347): avc: denied { search } for name="input" dev="tmpfs" ino=11681 scontext=u:r:untrusted_app:s0:c175,c256,c512,c768 tcontext=u:object_r:input_device:s0 tclass=dir permissive=0 app=com.zhiliaoapp.musically
10-27 18:03:02.018   861  2173 D audio_hw_utils: audio_extn_utils_compress_get_dsp_latency:: Using Fix DSP delay
10-27 18:03:02.018   861  2173 D audio_hw_utils: audio_extn_utils_compress_get_dsp_latency:: delay in ms is 62
10-27 18:03:02.019   918  1319 D AudioFlinger: Client defaulted notificationFrames to 1794 for frameCount 3588
10-27 18:03:02.021   918  1319 D AF::TrackHandle: OpPlayAudio: track:70 usage:1 not muted
10-27 18:03:02.022   861  2173 D audio_hw_utils: audio_extn_utils_compress_get_dsp_latency:: Using Fix DSP delay
10-27 18:03:02.022   861  2173 D audio_hw_utils: audio_extn_utils_compress_get_dsp_latency:: delay in ms is 62
10-27 18:03:02.023   861  2173 D compress_voip: compress_voip_out_get_parameters: enter
10-27 18:03:02.035 23828 24773 W AudioTrack: Use of stream types is deprecated for operations other than volume control
10-27 18:03:02.035 23828 24773 W AudioTrack: See the documentation of AudioTrack() for what to use instead with android.media.AudioAttributes to qualify your playback use case
10-27 18:03:02.042  2556  3453 D Avrcp_ext: AudioManager Player: AudioPlaybackConfiguration piid:23 type:android.media.SoundPool u/pid:10039/2583 state:idle attr:AudioAttributes: usage=USAGE_ASSISTANCE_SONIFICATION content=CONTENT_TYPE_SONIFICATION flags=0x800 tags= bundle=null
10-27 18:03:02.042  2556  3453 D Avrcp_ext: AudioManager Player: AudioPlaybackConfiguration piid:15 type:android.media.SoundPool u/pid:1000/1618 state:idle attr:AudioAttributes: usage=USAGE_ASSISTANCE_SONIFICATION content=CONTENT_TYPE_SONIFICATION flags=0x800 tags= bundle=null
10-27 18:03:02.042  2556  3453 D Avrcp_ext: AudioManager Player: AudioPlaybackConfiguration piid:31 type:android.media.SoundPool u/pid:1027/3840 state:idle attr:AudioAttributes: usage=USAGE_ASSISTANCE_SONIFICATION content=CONTENT_TYPE_SONIFICATION flags=0x800 tags= bundle=null
10-27 18:03:02.042  2556  3453 D Avrcp_ext: AudioManager Player: AudioPlaybackConfiguration piid:111 type:android.media.MediaPlayer u/pid:1000/1618 state:idle attr:AudioAttributes: usage=USAGE_ASSISTANCE_SONIFICATION content=CONTENT_TYPE_SONIFICATION flags=0x800 tags= bundle=null
10-27 18:03:02.042  2556  3453 D Avrcp_ext: AudioManager Player: AudioPlaybackConfiguration piid:143 type:android.media.MediaPlayer u/pid:10053/11038 state:idle attr:AudioAttributes: usage=USAGE_UNKNOWN content=CONTENT_TYPE_UNKNOWN flags=0x800 tags= bundle=null
10-27 18:03:02.042  2556  3453 D Avrcp_ext: AudioManager Player: AudioPlaybackConfiguration piid:239 type:android.media.AudioTrack u/pid:10175/23828 state:started attr:AudioAttributes: usage=USAGE_MEDIA content=CONTENT_TYPE_MUSIC flags=0x800 tags= bundle=null
10-27 18:03:02.042  2556  3453 D Avrcp_ext: AudioManager isPlaying: true
10-27 18:03:02.043  2556  3453 V Avrcp_ext: updateCurrentMediaState: mMediaController: null
10-27 18:03:02.043  2556  3453 V Avrcp_ext: isMusicActive: false getBluetoothPlayState: 2
10-27 18:03:02.043  2556  3453 V Avrcp_ext: updateCurrentMediaState: isPlaying = false
10-27 18:03:02.043  2556  3453 V Avrcp_ext: Media update: id -1-1? [MediaAttributes: none] : [MediaAttributes: none]
10-27 18:03:02.043  2556  3453 D Avrcp_ext: isPackageNameValid: browsedPackage = isValid = false
10-27 18:03:02.043  2556  3453 V Avrcp_ext: newPlayStatus:2mReportedPlayStatus:-1
10-27 18:03:02.043  2556  3453 V Avrcp_ext: updatePlaybackState, state: PlaybackState {state=2, position=-1, buffered position=0, speed=0.0, updated=2019573, actions=0, custom actions=[], active item id=-1, error=null} device: null
10-27 18:03:02.043  2556  3453 V Avrcp_ext: Device: no name: 
10-27 18:03:02.043  2556  3453 I chatty  : uid=1002(bluetooth) BluetoothAvrcpH identical 3 lines
10-27 18:03:02.043  2556  3453 V Avrcp_ext: Device: no name: 
10-27 18:03:02.043  2556  3453 V Avrcp_ext: updatePlayerStateAndPosition, old=PlaybackState {state=2, position=-1, buffered position=0, speed=0.0, updated=1934840, actions=0, custom actions=[], active item id=-1, error=null}, state=PlaybackState {state=2, position=-1, buffered position=0, speed=0.0, updated=2019573, actions=0, custom actions=[], active item id=-1, error=null}
10-27 18:03:02.044  2556  3453 V Avrcp_ext: old state = PlaybackState {state=2, position=-1, buffered position=0, speed=0.0, updated=1934840, actions=0, custom actions=[], active item id=-1, error=null}, new state= PlaybackState {state=2, position=-1, buffered position=0, speed=0.0, updated=2019573, actions=0, custom actions=[], active item id=-1, error=null}
10-27 18:03:02.044  2556  3453 D HeadsetService: getHeadsetService(): returning com.android.bluetooth.hfp.HeadsetService@b0170e7
10-27 18:03:02.044  2556  3453 D HeadsetService:  isAudioOn: The number of audio connected devices 0
10-27 18:03:02.044  2556  3453 D HeadsetService: isScoOrCallActive(): Call Active:falseCall is Ringing:falseSCO is Active:false
10-27 18:03:02.044  2556  3453 D HeadsetService:  isAudioOn: The number of audio connected devices 0
10-27 18:03:02.044  2556  3453 I Avrcp_ext: updatePlayStatusForDevice: device: null
10-27 18:03:02.045  2556  3453 V Avrcp_ext: updatePlaybackState (1): old=PlaybackState {state=2, position=-1, buffered position=0, speed=0.0, updated=1934840, actions=0, custom actions=[], active item id=-1, error=null}(2), new=PlaybackState {state=2, position=-1, buffered position=0, speed=0.0, updated=2019573, actions=0, custom actions=[], active item id=-1, error=null}(2)
10-27 18:03:02.045  2556  3453 I Avrcp_ext: Exit updatePlayStatusForDevice
10-27 18:03:02.045  2556  3453 D HeadsetService:  isAudioOn: The number of audio connected devices 0
10-27 18:03:02.045  2556  3453 D HeadsetService: isScoOrCallActive(): Call Active:falseCall is Ringing:falseSCO is Active:false
10-27 18:03:02.045  2556  3453 D HeadsetService:  isAudioOn: The number of audio connected devices 0
10-27 18:03:02.045  2556  3453 I Avrcp_ext: updatePlayStatusForDevice: device: null
10-27 18:03:02.045  2556  3453 V Avrcp_ext: updatePlaybackState (1): old=PlaybackState {state=2, position=-1, buffered position=0, speed=0.0, updated=1934840, actions=0, custom actions=[], active item id=-1, error=null}(2), new=PlaybackState {state=2, position=-1, buffered position=0, speed=0.0, updated=2019573, actions=0, custom actions=[], active item id=-1, error=null}(2)
10-27 18:03:02.045  2556  3453 I Avrcp_ext: Exit updatePlayStatusForDevice
10-27 18:03:02.045  2556  3453 D HeadsetService:  isAudioOn: The number of audio connected devices 0
10-27 18:03:02.045  2556  3453 D HeadsetService: isScoOrCallActive(): Call Active:falseCall is Ringing:falseSCO is Active:false
10-27 18:03:02.045  2556  3453 D HeadsetService:  isAudioOn: The number of audio connected devices 0
10-27 18:03:02.045  2556  3453 I Avrcp_ext: updatePlayStatusForDevice: device: null
10-27 18:03:02.045  2556  3453 V Avrcp_ext: updatePlaybackState (1): old=PlaybackState {state=2, position=-1, buffered position=0, speed=0.0, updated=1934840, actions=0, custom actions=[], active item id=-1, error=null}(2), new=PlaybackState {state=2, position=-1, buffered position=0, speed=0.0, updated=2019573, actions=0, custom actions=[], active item id=-1, error=null}(2)
10-27 18:03:02.045  2556  3453 I Avrcp_ext: Exit updatePlayStatusForDevice
10-27 18:03:02.045  2556  3453 D HeadsetService:  isAudioOn: The number of audio connected devices 0
10-27 18:03:02.045  2556  3453 D HeadsetService: isScoOrCallActive(): Call Active:falseCall is Ringing:falseSCO is Active:false
10-27 18:03:02.045  2556  3453 D HeadsetService:  isAudioOn: The number of audio connected devices 0
10-27 18:03:02.045  2556  3453 I Avrcp_ext: updatePlayStatusForDevice: device: null
10-27 18:03:02.045  2556  3453 V Avrcp_ext: updatePlaybackState (1): old=PlaybackState {state=2, position=-1, buffered position=0, speed=0.0, updated=1934840, actions=0, custom actions=[], active item id=-1, error=null}(2), new=PlaybackState {state=2, position=-1, buffered position=0, speed=0.0, updated=2019573, actions=0, custom actions=[], active item id=-1, error=null}(2)
10-27 18:03:02.045  2556  3453 I Avrcp_ext: Exit updatePlayStatusForDevice
10-27 18:03:02.045  2556  3453 D HeadsetService:  isAudioOn: The number of audio connected devices 0
10-27 18:03:02.045  2556  3453 D HeadsetService: isScoOrCallActive(): Call Active:falseCall is Ringing:falseSCO is Active:false
10-27 18:03:02.045  2556  3453 D HeadsetService:  isAudioOn: The number of audio connected devices 0
10-27 18:03:02.045  2556  3453 I Avrcp_ext: updatePlayStatusForDevice: device: null
10-27 18:03:02.046  2556  3453 V Avrcp_ext: updatePlaybackState (1): old=PlaybackState {state=2, position=-1, buffered position=0, speed=0.0, updated=1934840, actions=0, custom actions=[], active item id=-1, error=null}(2), new=PlaybackState {state=2, position=-1, buffered position=0, speed=0.0, updated=2019573, actions=0, custom actions=[], active item id=-1, error=null}(2)
10-27 18:03:02.046  2556  3453 I Avrcp_ext: Exit updatePlayStatusForDevice
10-27 18:03:02.046  2556  3453 D Avrcp_ext: Enter sendPlayPosNotificationRsp
10-27 18:03:02.046  2556  3453 D Avrcp_ext: sendPlayPosNotificationRsp: Not registered or requesting.
10-27 18:03:02.046  2556  3453 D Avrcp_ext: Enter sendPlayPosNotificationRsp
10-27 18:03:02.046  2556  3453 D Avrcp_ext: sendPlayPosNotificationRsp: Not registered or requesting.
10-27 18:03:02.046  2556  3453 D Avrcp_ext: Enter sendPlayPosNotificationRsp
10-27 18:03:02.046  2556  3453 D Avrcp_ext: sendPlayPosNotificationRsp: Not registered or requesting.
10-27 18:03:02.046  2556  3453 D Avrcp_ext: Enter sendPlayPosNotificationRsp
10-27 18:03:02.046  2556  3453 D Avrcp_ext: sendPlayPosNotificationRsp: Not registered or requesting.
10-27 18:03:02.046  2556  3453 D Avrcp_ext: Enter sendPlayPosNotificationRsp
10-27 18:03:02.046  2556  3453 D Avrcp_ext: sendPlayPosNotificationRsp: Not registered or requesting.
10-27 18:03:02.046  2556  3453 V Avrcp_ext: Exit updatePlayerStateAndPosition
10-27 18:03:02.047  3434  3434 I NearbyDiscovery: FastPair: AudioEventListener check active usage=1, package=com.zhiliaoapp.musically [CONTEXT service_id=49 ]
10-27 18:03:02.048 10483 24730 W adbd    : timed out while waiting for FUNCTIONFS_BIND, trying again
10-27 18:03:02.048 10483 24730 I adbd    : UsbFfs: connection terminated: monitor thread finished
10-27 18:03:02.050 10483 10483 I adbd    : UsbFfs: already offline
10-27 18:03:02.051 10483 10483 I adbd    : destroying transport UsbFfs
10-27 18:03:02.051 10483 10483 I adbd    : UsbFfsConnection being destroyed
10-27 18:03:02.052  3434  3434 I NearbyDiscovery: FastPair: AudioEventListener check pkg is game app, pkg = com.zhiliaoapp.musically, category = -1 [CONTEXT service_id=49 ]
10-27 18:03:02.052  3434  3434 I NearbyDiscovery: FastPair: AudioEventListener find media event [CONTEXT service_id=49 ]
10-27 18:03:02.052  3434  3434 I NearbyDiscovery: FastPair: ConnectionSwitchManager receiveAudioEvent=MEDIA and try to switch [CONTEXT service_id=49 ]
10-27 18:03:02.054   861  2173 I EffectsFactory: EffectCreate() create_effect
10-27 18:03:02.055   918  1282 W AudioFlinger: moveEffectChain_l() effect chain for session 0 not on source thread 0x70aa5fc040
10-27 18:03:02.087   861  2173 E volume_listener: check_and_set_gain_dep_cal: Failed to set gain dep cal level
10-27 18:03:02.088   861   917 D audio_hw_primary: adev_create_audio_patch: enter: num sources 1, num_sinks 1, handle 0
10-27 18:03:02.088   861   917 D audio_hw_primary: adev_create_audio_patch: Playback patch from mix handle 93 to device 2
10-27 18:03:02.088   861   917 D audio_hw_primary: update_patch: enter
10-27 18:03:02.088   861   917 D audio_hw_primary: route_output_stream: enter: usecase(4: compress-offload-playback2) devices 2
10-27 18:03:02.088   861   917 D audio_hw_primary: adev_create_audio_patch: Added a new patch with handle 8
10-27 18:03:02.089   861   917 D audio_hw_utils: audio_extn_utils_compress_get_dsp_latency:: Using Fix DSP delay
10-27 18:03:02.089   861   917 D audio_hw_utils: audio_extn_utils_compress_get_dsp_latency:: delay in ms is 62
10-27 18:03:02.091   918  1282 W APM::AudioPolicyEngine: getDevicesForStrategy() unknown strategy: -1
10-27 18:03:02.091   918  1282 W APM::AudioPolicyEngine: getDevicesForStrategy() unknown strategy: -1
10-27 18:03:02.092   861   917 D audio_hw_primary: copl(0xe794eb00):calling compress flush
10-27 18:03:02.092   861   917 W audio_hw_primary: out_flush called in invalid state 0
10-27 18:03:02.092   861   917 D audio_hw_primary: copl(0xe794eb00):out of compress flush
10-27 18:03:02.094  1618  7012 I system_server: oneway function results will be dropped but finished with status OK and parcel size 4
10-27 18:03:02.109 24505 24505 W AppInit2: type=1400 audit(0.0:11348): avc: denied { read } for name="zoneinfo" dev="proc" ino=4026532129 scontext=u:r:untrusted_app:s0:c172,c256,c512,c768 tcontext=u:object_r:proc_zoneinfo:s0 tclass=file permissive=0 app=com.facebook.katana
10-27 18:03:02.114   861   917 E volume_listener: check_and_set_gain_dep_cal: Failed to set gain dep cal level
10-27 18:03:02.115   861   917 D audio_hw_primary: out_set_volume: called with left_vol=0.000000, right_vol=0.000000
10-27 18:03:02.115   861   917 E audio_hw_primary: out_set_compr_volume:ctl for mixer cmd - Compress Playback 15 Volume, left 0.000000, right 0.000000
10-27 18:03:02.118   861  2173 E FMQ     : grantorIdx must be less than 3
10-27 18:03:02.118   861  2173 E FMQ     : grantorIdx must be less than 3
10-27 18:03:02.118   918 24776 E FMQ     : grantorIdx must be less than 3
10-27 18:03:02.119   918 24776 E FMQ     : grantorIdx must be less than 3
10-27 18:03:02.119   861 24777 D audio_hw_primary: start_output_stream: enter: stream(0xe794eb00)usecase(4: compress-offload-playback2) devices(0x2) is_haptic_usecase(0)
10-27 18:03:02.119   861 24777 D audio_hw_primary: select_devices for use case (compress-offload-playback2)
10-27 18:03:02.119   861 24777 I msm8974_platform: platform_check_and_set_codec_backend_cfg:becf: afe: bitwidth 16, samplerate 44100 channels 2, backend_idx 0 usecase = 4 device (speaker)
10-27 18:03:02.119   861 24777 D msm8974_platform: platform_split_snd_device: snd_device(2) num devices(1) new_snd_devices(0)
10-27 18:03:02.119   861 24777 I msm8974_platform: platform_check_and_set_codec_backend_cfg: new_snd_devices[0] is 2
10-27 18:03:02.119   861 24777 I msm8974_platform: platform_check_codec_backend_cfg:becf: afe: bitwidth 16, samplerate 44100 channels 2, backend_idx 0 usecase = 4 device (speaker)
10-27 18:03:02.120   861 24777 E audio_hw_extn: audio_extn_enable_hifi_filter: Could not get ctl for mixer cmd - HiFi Filter, using default control
10-27 18:03:02.120   861 24777 D msm8974_platform: platform_check_codec_backend_cfg:becf: updated afe: bitwidth 16, samplerate 44100 channels 2,backend_idx 0 usecase = 4 device (speaker)
10-27 18:03:02.120   861 24777 D msm8974_platform: platform_check_codec_backend_cfg:becf: afe: playback on codec device not supporting native playback set default Sample Rate(48k)
10-27 18:03:02.120   861 24777 I msm8974_platform: platform_check_codec_backend_cfg:becf: afe: Codec selected backend: 0 updated bit width: 16 and sample rate: 48000
10-27 18:03:02.120   861 24777 D audio_hw_primary: check_usecases_codec_backend:becf: force routing 0
10-27 18:03:02.120   861 24777 E msm8974_platform: platform_check_backends_match: Invalid snd_device = 
10-27 18:03:02.120   861 24777 D audio_hw_primary: check_usecases_codec_backend:becf: (78) check_usecases curr device: speaker, usecase device: backends match 0
10-27 18:03:02.120   861 24777 D audio_hw_primary: check_usecases_codec_backend:becf: check_usecases num.of Usecases to switch 0
10-27 18:03:02.120   861 24777 D hardware_info: hw_info_append_hw_type : device_name = speaker
10-27 18:03:02.121   861 24777 D msm8974_platform: platform_split_snd_device: snd_device(2) num devices(0) new_snd_devices(0)
10-27 18:03:02.121   861 24777 D audio_hw_primary: enable_snd_device: snd_device(2: speaker)
10-27 18:03:02.121   861 24777 D msm8974_platform: platform_get_island_cfg_on_device:island cfg status on snd_device = (speaker 0)
10-27 18:03:02.121   861 24777 I soundtrigger: audio_extn_sound_trigger_update_device_status: device 0x2 of type 0 for Event 1, with Raise=0
10-27 18:03:02.121   861 24777 D audio_route: Apply path: speaker
10-27 18:03:02.121 24505 24669 E nightwatch-target: /proc/zoneinfo open: errno=13
10-27 18:03:02.121 24505 24669 E nightwatch-target: sysmeminfo parse failed
10-27 18:03:02.134   861 24777 I audio_hw_utils: audio_extn_utils_update_stream_output_app_type_cfg Allowing 24 and above bits playback on speaker ONLY at default sampling rate
10-27 18:03:02.134   861 24777 D audio_hw_primary: audio_is_true_native_stream_active:napb: (0) (compress-offload-playback2)id (4) sr 44100 bw (16) device speaker
10-27 18:03:02.134   861 24777 D audio_hw_primary: audio_is_true_native_stream_active:napb:native stream detected
10-27 18:03:02.134   861 24777 E soundtrigger: audio_extn_sound_trigger_update_stream_status: invalid input device 0x0, for event 3
10-27 18:03:02.134   861 24777 D soundtrigger: audio_extn_sound_trigger_update_stream_status: uc_info->id 4 of type 0 for Event 3, with Raise=1
10-27 18:03:02.134   861 24777 I sound_trigger_platform: platform_stdev_check_and_update_concurrency: Received STREAM event, event type 3, usecase type 0
10-27 18:03:02.134   861 24777 D sound_trigger_platform: platform_stdev_check_and_update_concurrency: dedicated path 0, reset backend 1, tx 0, rx 1,concurrency session allowed
10-27 18:03:02.134   861 24777 D audio_hw_utils: audio_extn_utils_send_app_type_cfg: usecase->out_snd_device speaker
10-27 18:03:02.134   861 24777 D msm8974_platform: platform_split_snd_device: snd_device(2) num devices(0) new_snd_devices(0)
10-27 18:03:02.135   861 24777 D audio_hw_utils: audio_extn_btsco_get_sample_rate:Not a BT SCO device, need not update sampling rate
10-27 18:03:02.135   861 24777 I audio_hw_utils: send_app_type_cfg_for_device PLAYBACK app_type 69936, acdb_dev_id 14, sample_rate 48000, snd_device_be_idx 127
10-27 18:03:02.135   861 24777 D msm8974_platform: platform_split_snd_device: snd_device(2) num devices(1) new_snd_devices(0)
10-27 18:03:02.135   861 24777 D audio_hw_utils: audio_extn_btsco_get_sample_rate:Not a BT SCO device, need not update sampling rate
10-27 18:03:02.135   861 24777 D ACDB-LOADER: ACDB -> send_audio_cal, acdb_id = 14, path = 0, app id = 0x11130, sample rate = 48000, afe_sample_rate = 48000
10-27 18:03:02.135   861 24777 D ACDB-LOADER: ACDB -> send_asm_topology
10-27 18:03:02.135   861 24777 D ACDB-LOADER: ACDB -> ACDB_CMD_GET_AUDPROC_STREAM_TOPOLOGY_ID
10-27 18:03:02.135   861 24777 D ACDB-LOADER: ACDB -> send_adm_topology
10-27 18:03:02.135   861 24777 D ACDB-LOADER: ACDB -> ACDB_CMD_GET_AUDPROC_COMMON_TOPOLOGY_ID
10-27 18:03:02.135   861 24777 D ACDB-LOADER: ACDB -> send_audtable
10-27 18:03:02.135   861 24777 D ACDB-LOADER: ACDB -> ACDB_CMD_GET_AUDPROC_COMMON_TABLE_SIZE
10-27 18:03:02.135   861 24777 D ACDB-LOADER: ACDB -> ACDB_CMD_GET_AUDPROC_COMMON_TABLE
10-27 18:03:02.135   861 24777 D ACDB-LOADER: ACDB -> AUDIO_SET_AUDPROC_CAL cal_type[11] acdb_id[14] app_type[69936]
10-27 18:03:02.135   861 24777 D ACDB-LOADER: ACDB -> send_audvoltable
10-27 18:03:02.135   861 24777 D ACDB-LOADER: ACDB -> ACDB_CMD_GET_AUDPROC_GAIN_DEP_STEP_TABLE_SIZE
10-27 18:03:02.135   861 24777 D ACDB-LOADER: ACDB -> ACDB_CMD_GET_AUDPROC_GAIN_DEP_STEP_TABLE, vol index 0
10-27 18:03:02.135   861 24777 D ACDB-LOADER: ACDB -> AUDIO_SET_VOL_CAL cal type = 12
10-27 18:03:02.136   861 24777 D ACDB-LOADER: ACDB -> ACDB_CMD_GET_AUDPROC_STREAM_TABLE_SIZE
10-27 18:03:02.136   861 24777 D ACDB-LOADER: ACDB -> send_audstrmtable
