10-27 18:02:59.270  1348  1378 D cdfinger: REPORT_KEY: not finger or read image fail
10-27 18:02:59.270  1348  1378 D cdfinger: EventProcessThread end,then check status 13 and global status 1
10-27 18:02:59.270 24505 24580 W FrscLanguagePackLoader: FRSC English strings buffer size - (limit : 752910, capacity : 752910)
10-27 18:02:59.271  1348  1378 D cdfinger: EventProcessThread wait hal_Down! status:13
10-27 18:02:59.271  1348  1378 D cdfinger: fingerprint wait for finger .
10-27 18:02:59.271  1348  1378 D cdfinger: device_waitForFinger enter
10-27 18:02:59.274   870   976 E QMI_FW  : qmi_cci_get_ref: ref count increased 2
10-27 18:02:59.275   870  1658 E QMI_FW  : qmi_cci_get_ref: ref count increased 3
10-27 18:02:59.278  1348  1378 D cdfinger: get screen status = 1, mode = 1
10-27 18:02:59.278  1348  1378 D cdfinger: gotoCheckIrq no need check.
10-27 18:02:59.287 24505 24531 W AppInitScheduler|Run:   Finished InitFury in 77ms
10-27 18:02:59.287 24505 24531 W AppInitScheduler|Run: Running InitGrimsey
10-27 18:02:59.288 24505 24531 W AppInitScheduler|Run:   Finished InitGrimsey in 0ms
10-27 18:02:59.288 24505 24531 W AppInitScheduler|Run: Running InitHelium
10-27 18:02:59.289  1348  1378 D cdfingerTA: CFP_NZ: FP_REQUEST_SETMODE, ChipID = 0X88
10-27 18:02:59.289  1348  1378 D cdfingerTA: cdfinger_config_interrupt 0xd1, mode = [1]
10-27 18:02:59.289  1348  1378 D cdfingerTA: CFP_NZ: FP_REQUEST_SETMODE [1] ret[0]
10-27 18:02:59.289  1348  1378 D cdfinger: timeout_gap:300, check_gap:10
10-27 18:02:59.289  1348  1378 D cdfinger: sem_wait : (0)
10-27 18:02:59.290 24505 24532 W AppInitScheduler|Run:   Finished DownloadedFbResources in 158ms
10-27 18:02:59.290 24505 24532 W AppInitScheduler|Run: Running InitLacrimaLaterInit
10-27 18:02:59.291 24505 24532 W lacrima : FbErrorReportingConfig.laterInit
10-27 18:02:59.298 24505 24531 W AppInitScheduler|Run:   Finished InitHelium in 10ms
10-27 18:02:59.299 24505 24531 W AppInitScheduler|Run: Running InitLogging
10-27 18:02:59.303 24505 24531 W fb4a.AppInitScheduler|Run:   Finished InitLogging in 3ms
10-27 18:02:59.303 24505 24531 W fb4a.AppInitScheduler|Run: Running InitMallocHooks
10-27 18:02:59.303 24505 24531 W fb4a.AppInitScheduler|Run:   Finished InitMallocHooks in 0ms
10-27 18:02:59.303 24505 24531 W fb4a.AppInitScheduler|Run: Running InitMemoryDumpHandler
10-27 18:02:59.308 24598 24601 I cmd     : oneway function results will be dropped but finished with status OK and parcel size 4
10-27 18:02:59.311 24505 24531 W fb4a.AppInitScheduler|Run:   Finished InitMemoryDumpHandler in 8ms
10-27 18:02:59.311 24505 24531 W fb4a.AppInitScheduler|Run: Running InitSurfaces
10-27 18:02:59.318 24505 24531 W fb4a.AppInitScheduler|Run:   Finished InitSurfaces in 6ms
10-27 18:02:59.318 24505 24531 W fb4a.AppInitScheduler|Run: Running InitSystrace
10-27 18:02:59.319 24505 24532 W fb4a.lacrima: Start AnrDetector... com.facebook.acra.anr.multisignal.MultiSignalANRDetector
10-27 18:02:59.319 24505 24532 W fb4a.MultiSignalANRDetectorLacrima: Starting
10-27 18:02:59.319 24505 24532 W fb4a.ProcessAnrErrorMonitor: startMonitoring with delay: 0
10-27 18:02:59.324 24505 24531 W fb4a.AppInitScheduler|Run:   Finished InitSystrace in 6ms
10-27 18:02:59.324 24505 24531 W fb4a.AppInitScheduler|Run: Running InstrumentPthreadKeyCreate
10-27 18:02:59.324 24505 24531 W fb4a.AppInitScheduler|Run:   Finished InstrumentPthreadKeyCreate in 0ms
10-27 18:02:59.324 24505 24531 W fb4a.AppInitScheduler|Run: Running JemallocSetRetainInitializer
10-27 18:02:59.325 24505 24531 W fb4a.AppInitScheduler|Run:   Finished JemallocSetRetainInitializer in 0ms
10-27 18:02:59.325 24505 24531 W fb4a.AppInitScheduler|Run: Running LanguageSwitcher
10-27 18:02:59.327 24505 24531 W fb4a.AppInitScheduler|Run:   Finished LanguageSwitcher in 2ms
10-27 18:02:59.327 24505 24531 W fb4a.AppInitScheduler|Run: Running LazyCustomErrorDataInitializer
10-27 18:02:59.334 24505 24604 W fb4a.ProcessAnrErrorMonitor: Starting process monitor checks for process 'com.facebook.katana'
10-27 18:02:59.334 24505 24604 W fb4a.MultiSignalANRDetectorLacrima: Started monitoring
10-27 18:02:59.335  1348  1348 D cdfinger: SIGIO signal FINGERDOWN received!
10-27 18:02:59.336  1348  1378 D cdfinger: sem_waited : (0)
10-27 18:02:59.337 24505 24531 W fb4a.AppInitScheduler|Run:   Finished LazyCustomErrorDataInitializer in 9ms
10-27 18:02:59.337 24505 24531 W fb4a.AppInitScheduler|Run: Running LimitJemallocRetainSize
10-27 18:02:59.338 24505 24531 W fb4a.AppInitScheduler|Run:   Finished LimitJemallocRetainSize in 0ms
10-27 18:02:59.338 24505 24531 W fb4a.AppInitScheduler|Run: Running LocationRequestDetector
10-27 18:02:59.339  1348  1378 D cdfinger: device_waitForFinger ret = 0
10-27 18:02:59.339  1348  1378 D cdfinger: EventProcessThread case status:13
10-27 18:02:59.339  1348  1378 D cdfinger: Enter Switch Status, mCurStatus = 13
10-27 18:02:59.339  1348  1378 D cdfinger: mCurStatus = 13 , nextStatus = 14
10-27 18:02:59.346 24505 24531 W fb4a.AppInitScheduler|Run:   Finished LocationRequestDetector in 7ms
10-27 18:02:59.346 24505 24531 W fb4a.AppInitScheduler|Run: Running LogController
10-27 18:02:59.347 24505 24531 W fb4a.AppInitScheduler|Run:   Finished LogController in 1ms
10-27 18:02:59.347 24505 24531 W fb4a.AppInitScheduler|Run: Running MqttEarlySyncInitializer
10-27 18:02:59.350 24505 24531 W fb4a.AppInitScheduler|Run:   Finished MqttEarlySyncInitializer in 3ms
10-27 18:02:59.350 24505 24531 W fb4a.AppInitScheduler|Run: Running PendingStoryStoreInitializer
10-27 18:02:59.359  1348  1378 D cdfingerTA: CFP_NZ: FP_REQUEST_DETECT_FINGER [2]
10-27 18:02:59.359  1348  1378 D cdfingerTA: configAGC agc = 0xeb, spend 3 ms, ret = 0
10-27 18:02:59.359  1348  1378 D cdfingerTA: cfp_devCheckFinger isNaviFingerDown fingerRet = 0 133 134 134 0 112 F_BkDiffE=22 F_BkE=89 2
10-27 18:02:59.359  1348  1378 D cdfingerTA: cfp_calibrateKeyTrigger=0xcd 0
10-27 18:02:59.359  1348  1378 D cdfingerTA: close move check, nConFlag 2, interFlag 0
10-27 18:02:59.359  1348  1378 D cdfingerTA: CFP_NZ: FP_REQUEST_DETECT_FINGER, result = 128
10-27 18:02:59.360  1348  1378 D cdfinger: Enter Switch Status, mCurStatus = 14
10-27 18:02:59.360  1348  1378 D cdfinger: mCurStatus = 14 , nextStatus = 13
10-27 18:02:59.360  1348  1378 D cdfinger: REPORT_KEY: not finger or read image fail
10-27 18:02:59.360  1348  1378 D cdfinger: EventProcessThread end,then check status 13 and global status 1
10-27 18:02:59.361  1348  1378 D cdfinger: EventProcessThread wait hal_Down! status:13
10-27 18:02:59.361  1348  1378 D cdfinger: fingerprint wait for finger .
10-27 18:02:59.361  1348  1378 D cdfinger: device_waitForFinger enter
10-27 18:02:59.368  1348  1378 D cdfinger: get screen status = 1, mode = 1
10-27 18:02:59.368  1348  1378 D cdfinger: gotoCheckIrq no need check.
10-27 18:02:59.378 24505 24552 W fb4a.AppInitScheduler|Run:   Finished FbSharedPreferenceInitializerAsync in 311ms
10-27 18:02:59.378 24505 24552 W fb4a.AppInitScheduler|Run: Running RegisterFrameRateTraceListener
10-27 18:02:59.378 24505 24552 W fb4a.AppInitScheduler|Run:   Finished RegisterFrameRateTraceListener in 0ms
10-27 18:02:59.378  1348  1378 D cdfingerTA: CFP_NZ: FP_REQUEST_SETMODE, ChipID = 0X88
10-27 18:02:59.378  1348  1378 D cdfingerTA: cdfinger_config_interrupt 0xcd, mode = [1]
10-27 18:02:59.378  1348  1378 D cdfingerTA: CFP_NZ: FP_REQUEST_SETMODE [1] ret[0]
10-27 18:02:59.378 24505 24552 W fb4a.AppInitScheduler|Run: Running RegisterMainLooperTracer
10-27 18:02:59.378  1348  1378 D cdfinger: timeout_gap:300, check_gap:10
10-27 18:02:59.378  1348  1378 D cdfinger: sem_wait : (0)
10-27 18:02:59.379 24505 24552 W fb4a.AppInitScheduler|Run:   Finished RegisterMainLooperTracer in 1ms
10-27 18:02:59.379 24505 24552 W fb4a.AppInitScheduler|Run: Running ReleaseDeferredBroadcastReceiver
10-27 18:02:59.380 24505 24552 W fb4a.AppInitScheduler|Run:   Finished ReleaseDeferredBroadcastReceiver in 0ms
10-27 18:02:59.380 24505 24552 W fb4a.AppInitScheduler|Run: Running SetupDynaBuilds
10-27 18:02:59.380 24505 24552 W fb4a.AppInitScheduler|Run:   Finished SetupDynaBuilds in 0ms
10-27 18:02:59.380 24505 24552 W fb4a.AppInitScheduler|Run: Running SetupSmartGc
10-27 18:02:59.388 24505 24552 W fb4a.AppInitScheduler|Run:   Finished SetupSmartGc in 8ms
10-27 18:02:59.389 24505 24552 W fb4a.AppInitScheduler|Run: Running TraceCurrentThreadMetadata
10-27 18:02:59.389 24505 24552 W fb4a.AppInitScheduler|Run:   Finished TraceCurrentThreadMetadata in 0ms
10-27 18:02:59.389 24505 24552 W fb4a.AppInitScheduler|Run: Running TransientNetworkTraceEarlyInit
10-27 18:02:59.393 24505 24552 W fb4a.AppInitScheduler|Run:   Finished TransientNetworkTraceEarlyInit in 5ms
10-27 18:02:59.394 24505 24552 W fb4a.AppInitScheduler|Run: Running VideoComponentWarmup
10-27 18:02:59.394 24505 24552 W fb4a.AppInitScheduler|Run:   Finished VideoComponentWarmup in 0ms
10-27 18:02:59.394 24505 24552 W fb4a.AppInitScheduler|Run: Running WhitehatOverlayInitializer
10-27 18:02:59.396 24505 24552 W fb4a.AppInitScheduler|Run:   Finished WhitehatOverlayInitializer in 3ms
10-27 18:02:59.397 24505 24552 W fb4a.AppInitScheduler|Run: Running HenosisEventReporter
10-27 18:02:59.409 24505 24534 W facebook.katan: Accessing hidden method Landroid/util/BoostFramework;-><init>()V (blacklist, reflection, denied)
10-27 18:02:59.411   620   620 E SELinux : avc:  denied  { find } for pid=24612 uid=10175 name=window scontext=u:r:untrusted_app:s0:c175,c256,c512,c768 tcontext=u:object_r:window_service:s0 tclass=service_manager permissive=0
10-27 18:02:59.412 24612 24612 W cmd     : Can't find service window
10-27 18:02:59.413  1369  1476 E QMI_FW  : qmi_cci_get_ref: ref count increased 2
10-27 18:02:59.419  1369  1476 E QMI_FW  : qmi_cci_get_ref: ref count increased 2
10-27 18:02:59.429 23828 23955 I DrmUtils: found android.hardware.drm@1.0::IDrmFactory clearkey
10-27 18:02:59.431 23828 23955 I DrmUtils: found android.hardware.drm@1.0::IDrmFactory widevine
10-27 18:02:59.433 23828 23955 I DrmUtils: found android.hardware.drm@1.1::IDrmFactory clearkey
10-27 18:02:59.434 23828 23955 I DrmUtils: found android.hardware.drm@1.1::IDrmFactory widevine
10-27 18:02:59.435 23828 23955 I DrmUtils: found android.hardware.drm@1.2::IDrmFactory clearkey
10-27 18:02:59.436 23828 23955 I DrmUtils: found android.hardware.drm@1.2::IDrmFactory widevine
10-27 18:02:59.437 23828 23955 I DrmUtils: found android.hardware.drm@1.3::IDrmFactory clearkey
10-27 18:02:59.438  1618  1787 W ProcessCpuTracker: Failed to stat(/proc/24611): android.system.ErrnoException: stat failed: ENOENT (No such file or directory)
10-27 18:02:59.438  1618  1787 W ProcessCpuTracker: Skipping unknown process pid 24611
10-27 18:02:59.439 23828 23955 I DrmUtils: found android.hardware.drm@1.3::IDrmFactory widevine
10-27 18:02:59.441   869 16215 I WVCdm   : [app][com.zhiliaoapp.musically] calling virtual Return<void> wvdrm::hardware::drm::V1_3::widevine::WVDrmFactory::createPlugin(const hidl_array<uint8_t, 16> &, const android::hardware::hidl_string &, android::hardware::drm::V1_3::IDrmFactory::createPlugin_cb)
10-27 18:02:59.441   869 16215 D WVCdm   : Instantiating CDM.
10-27 18:02:59.442 24505 24534 W facebook.katan: Accessing hidden method Lcom/qualcomm/qti/Performance;-><init>()V (blacklist, reflection, denied)
10-27 18:02:59.443   869 16215 I WVCdm   : [cdm_engine.cpp(517):QueryStatus] Querying status
10-27 18:02:59.444   869 16215 I WVCdm   : [oemcrypto_adapter_dynamic.cpp(696):Initialize] Level 3 Build Info (v15): OEMCrypto Level3 Code 8159 May  8 2019 12:01:39
10-27 18:02:59.444   869 24619 I WVCdm   : [(0):] Level3 Library 8159 May  8 2019 12:01:39
10-27 18:02:59.459   869 16215 I WVCdm   : [oemcrypto_adapter_dynamic.cpp(710):Initialize] L3 Initialized. Trying L1.
10-27 18:02:59.459   869 16215 D QSEECOMAPI: QSEECom_get_handle sb_length = 0x19000
10-27 18:02:59.459   869 16215 D QSEECOMAPI: App is not loaded in QSEE
10-27 18:02:59.459   869 16215 D QSEECOMAPI: app_arch = 2, total_files = 9
10-27 18:02:59.507   869 16215 D QSEECOMAPI: Loaded image: APP id = 655363
10-27 18:02:59.510   869 16215 D QSAPPSVER: qsapps_get_capabilities: Capability from secure side: 0x1
10-27 18:02:59.510   869 16215 D QSAPPSVER: qsapps_get_capabilities: returns 0
10-27 18:02:59.511   869 16215 E DrmWidevineDash: g_mutex is null
10-27 18:02:59.512   869 16215 I DrmWidevineDash: hlos api version =  15
10-27 18:02:59.512   869 16215 I DrmWidevineDash: tz api version =  15
10-27 18:02:59.512   869 16215 E DrmWidevineDash: g_mutex is null
10-27 18:02:59.537   633   680 D DrmLibTime: got the req here! ret=0
10-27 18:02:59.537   633   680 D DrmLibTime: command id, time_cmd_id = 770
10-27 18:02:59.537   633   680 D DrmLibTime: time_getutcsec starts!
10-27 18:02:59.537   633   680 D DrmLibTime: QSEE Time Listener: time_getutcsec
10-27 18:02:59.537   633   680 D DrmLibTime: QSEE Time Listener: get_utc_seconds
10-27 18:02:59.537   633   680 D DrmLibTime: QSEE Time Listener: time_get_modem_time
10-27 18:02:59.537   633   680 D DrmLibTime: QSEE Time Listener: Checking if ATS_MODEM is set or not.
10-27 18:02:59.537   633   680 D QC-time-services: Lib:time_genoff_operation: pargs->base = 13
10-27 18:02:59.537   633   680 D QC-time-services: Lib:time_genoff_operation: pargs->operation = 2
10-27 18:02:59.537   633   680 D QC-time-services: Lib:time_genoff_operation: pargs->ts_val = 0
10-27 18:02:59.538   633   680 D QC-time-services: Lib:time_genoff_operation: Send to server  passed!!
10-27 18:02:59.538   799   810 D QC-time-services: Daemon: Connection accepted:time_genoff
10-27 18:02:59.540   799 24622 D QC-time-services: Daemon:Received base = 13, unit = 1, operation = 2,value = 0
10-27 18:02:59.540   799 24622 D QC-time-services: Daemon:genoff_opr: Base = 13, val = 0, operation = 2
10-27 18:02:59.540   799 24622 D QC-time-services: offset is: 0 for base: 13
10-27 18:02:59.541   633   680 E QC-time-services: Receive Passed == base = 13, unit = 1, operation = 2, result = 0
10-27 18:02:59.541   633   680 D DrmLibTime: QSEE Time Listener: ATS_MODEM is not set. Fallback to Android system time.
10-27 18:02:59.541   633   680 D DrmLibTime: QSEE Time Listener: Retrieved Android system time: 1666886579
10-27 18:02:59.541   633   680 D DrmLibTime: time_getutcsec returns 0, sec = 1666886579; nsec = 0
10-27 18:02:59.541   633   680 D DrmLibTime: time_getutcsec finished! 
10-27 18:02:59.541   799   810 E QC-time-services: Daemon: Time-services: Waiting to acceptconnection
10-27 18:02:59.541   633   680 D DrmLibTime: iotcl_continue_command finished! and return 0 
10-27 18:02:59.541   633   680 D DrmLibTime: before calling ioctl to read the next time_cmd
10-27 18:02:59.551 24505 24532 D fb-distract: Distracting /apex/com.android.runtime/lib/bionic/libc.so!abort (0x0xe8981d71) with /data/data/com.facebook.katana/lib-compressed/libreliabilitymerged.so!<unknown> (0x0xbcca434d)
10-27 18:02:59.551 24505 24532 D fb-distract: Distracting /system/lib/liblog.so!__android_log_assert (0x0xec6f5131) with /data/data/com.facebook.katana/lib-compressed/libreliabilitymerged.so!<unknown> (0x0xbcca4291)
10-27 18:02:59.554 24505 24532 D fb-distract: Distracting /apex/com.android.runtime/lib/bionic/libc.so!android_set_abort_message (0x0xe897ccc5) with /data/data/com.facebook.katana/lib-compressed/libreliabilitymerged.so!<unknown> (0x0xbcca41c9)
10-27 18:02:59.556 24505 24535 W fb4a.AppInitScheduler|Run:   Finished LoadLibColdStart in 583ms
10-27 18:02:59.556 24505 24535 W fb4a.AppInitScheduler|Run: Running FixAndroidBugs
10-27 18:02:59.558   869 16215 I DrmWidevineDash: hlos api version =  15
10-27 18:02:59.558   869 16215 I DrmWidevineDash: tz api version =  15
10-27 18:02:59.559 24505 24548 W fb4a.AppInitScheduler|Run:   Finished AnalyticsInit in 393ms
10-27 18:02:59.559 24505 24548 W fb4a.AppInitScheduler|Run: Running InitJit
10-27 18:02:59.560   869 16215 I DrmWidevineDash: hlos api version =  15
10-27 18:02:59.560   869 16215 I DrmWidevineDash: tz api version =  15
10-27 18:02:59.561 24505 24535 W fb4a.AppInitScheduler|Run:   Finished FixAndroidBugs in 5ms
10-27 18:02:59.561 24505 24535 W fb4a.AppInitScheduler|Run: Running EagerInitTigonLibs
10-27 18:02:59.564 24505 24548 W fb4a.AppInitScheduler|Run:   Finished InitJit in 5ms
10-27 18:02:59.564 24505 24548 W fb4a.AppInitScheduler|Run: Running StaticGraphServiceFactoryInitializerFastPath
10-27 18:02:59.566   869 16215 D WVCdm   : [oemcrypto_adapter_dynamic.cpp(729):Initialize] OEMCrypto_Initialize Level 1 success. I will use level 1.
10-27 18:02:59.566   869 16215 D DrmWidevineDash: #wv:_oecc90[8351] info: "Build Information: API_Version: 15.0061 LibOEMCrypto_Version: 5.0 TA_Version: 15.0050"
10-27 18:02:59.566   869 16215 I WVCdm   : [oemcrypto_adapter_dynamic.cpp(732):Initialize] Level 1 Build Info (v15): Build Information: API_Version: 15.0061 LibOEMCrypto_Version: 5.0 TA_Version: 15.0050
10-27 18:02:59.567   869 16215 I DrmWidevineDash: hlos api version =  15
10-27 18:02:59.567   869 16215 I DrmWidevineDash: tz api version =  15
10-27 18:02:59.567   869 16215 D WVCdm   : [crypto_session.cpp(313):Init] OEMCrypto version (default security level): 15.0
10-27 18:02:59.567   869 16215 D WVCdm   : [crypto_session.cpp(322):Init] OEMCrypto version (L3 security level): 15.0
10-27 18:02:59.567   869 16215 D WVCdm   : [crypto_session.cpp(714):Open] Opening crypto session: requested_security_level = Default
10-27 18:02:59.577   869 16215 I DrmWidevineDash: hlos api version =  15
10-27 18:02:59.577   869 16215 I DrmWidevineDash: tz api version =  15
10-27 18:02:59.579   869 16215 I WVCdm   : [usage_table_header.cpp(159):Init] Initializing usage table header: security_level = 1
10-27 18:02:59.579   869 16215 D WVCdm   : [usage_table_header.cpp(197):Init] Usage table capacity: 200, security_level = 1
10-27 18:02:59.580   869 16215 I WVCdm   : [usage_table_header.cpp(212):Init] Number of usage entries: 0
10-27 18:02:59.593 24505 24535 W fb4a.AppInitScheduler|Run:   Finished EagerInitTigonLibs in 33ms
10-27 18:02:59.594 24505 24535 W fb4a.AppInitScheduler|Run: Running EagerInitTigonInterceptors
10-27 18:02:59.598   869   915 E WVCdm   : [wv_content_decryption_module.cpp(389):GetMetrics] Cdm Identifier not found
10-27 18:02:59.600   869   915 E WVCdm   : [wv_content_decryption_module.cpp(449):CloseCdm] Cdm Identifier not found
10-27 18:02:59.600   869   915 E WVCdm   : Failed to close cdm. status 12
10-27 18:02:59.605   869   915 I WVCdm   : [(0):] L3 Terminate.
10-27 18:02:59.607   869   915 D QSEECOMAPI: QSEECom_dealloc_memory 
10-27 18:02:59.607   869   915 D QSEECOMAPI: QSEECom_shutdown_app, app_id = 655363
10-27 18:02:59.619 24505 24548 W fb4a.AppInitScheduler|Run:   Finished StaticGraphServiceFactoryInitializerFastPath in 55ms
10-27 18:02:59.619 24505 24548 W fb4a.AppInitScheduler|Run: Running EagerInitTigonLigerXPlatService
10-27 18:02:59.652 24505 24548 W fb4a.DefaultNetworkConfig: com.facebook.katana: getShouldCheckCertsInternal: true
10-27 18:02:59.658 24505 24552 W fb4a.AppInitScheduler|Run:   Finished HenosisEventReporter in 261ms
10-27 18:02:59.658 24505 24552 W fb4a.AppInitScheduler|Run: Running AppDataBridge
10-27 18:02:59.661 24505 24552 W fb4a.AppStateLoggerCore: Application needs to be registered before setting app state manager bridge
10-27 18:02:59.662 24505 24552 W fb4a.AppInitScheduler|Run:   Finished AppDataBridge in 3ms
10-27 18:02:59.680 24505 24535 W fb4a.MobileConfigFactoryImpl: SESSIONBASED factory used for SESSIONLESS param
10-27 18:02:59.683 24505 24535 W fb4a.MobileConfigFactoryImpl: SESSIONBASED factory used for SESSIONLESS param
10-27 18:02:59.684 24505 24532 W fb4a.NightwatchConfig: saveExitStatus true, useMmap true, monitorResources true, tickInfo 0, detectLmkd false, needNightWatch true
10-27 18:02:59.716 23828 23842 I aoapp.musicall: Background young concurrent copying GC freed 127129(8610KB) AllocSpace objects, 13(5108KB) LOS objects, 0% free, 55MB/55MB, paused 253us total 267.076ms
10-27 18:02:59.730 24505 24575 I TetheringManager: registerTetheringEventCallback:com.facebook.katana
10-27 18:02:59.746 23828 24498 I aoapp.musicall: Waiting for a blocking GC ClassLinker
10-27 18:02:59.766 24641 24642 I cmd     : oneway function results will be dropped but finished with status OK and parcel size 4
10-27 18:02:59.769 24505 24553 W fb4a.AppInitScheduler|Run:   Finished EagerInitImagePipeline in 617ms
10-27 18:02:59.769 24505 24553 W fb4a.AppInitScheduler|Run: Running WaitForUIDependenciesInitializer [*]
10-27 18:02:59.770 24505 24553 W fb4a.AppInitScheduler|Run:   Finished WaitForUIDependenciesInitializer in 2ms
10-27 18:02:59.771 24505 24552 W fb4a.AppInitScheduler|Run: Running DismissSplashScreens [*]
10-27 18:02:59.771 24505 24553 W fb4a.AppInitScheduler|Run: Running ReplayBroadcastReceivedDuringAppInit
10-27 18:02:59.771 24505 24553 W fb4a.AppInitScheduler|Run:   Finished ReplayBroadcastReceivedDuringAppInit in 0ms
10-27 18:02:59.771 24505 24553 W fb4a.AppInitScheduler|Run: Running ScheduleLowPriWork
10-27 18:02:59.772 24505 24553 W fb4a.AppInitScheduler|Run:   Finished ScheduleLowPriWork in 0ms
10-27 18:02:59.772 24505 24553 W fb4a.AppInitScheduler|Run: Running SendPendingReports
10-27 18:02:59.773 24505 24553 W fb4a.AppInitScheduler|Run:   Finished SendPendingReports in 0ms
10-27 18:02:59.774 24505 24625 V AospBugFixOpts: set AOSP bug fix jboolean EnableAospBugFixes: bugFixOpt -> enable = 0. Given 0
10-27 18:02:59.777 24505 24552 W fb4a.AppInitScheduler|Run:   Finished DismissSplashScreens in 6ms
10-27 18:02:59.792 24505 24534 W fb4a.MobileConfigFactoryImpl: SESSIONLESS factory used for SESSIONBASED param
10-27 18:02:59.795 24505 24529 W ComponentDiscovery: Class com.google.firebase.dynamicloading.DynamicLoadingRegistrar is not an found.
10-27 18:02:59.806 24505 24549 D fb-distract: Distracting /apex/com.android.runtime/lib/bionic/libc.so!pthread_create (0x0xe89cc8f9) with /data/data/com.facebook.katana/lib-compressed/libpthread_interceptor.so!<unknown> (0x0xbbbceca1)
10-27 18:02:59.811 24505 24549 W fb4a.AppInitScheduler|Run:   Finished FixieLimitNativeStackSize in 682ms
10-27 18:02:59.836 10483 24525 W adbd    : timed out while waiting for FUNCTIONFS_BIND, trying again
10-27 18:02:59.836 10483 24525 I adbd    : UsbFfs: connection terminated: monitor thread finished
10-27 18:02:59.837 10483 10483 I adbd    : UsbFfs: already offline
10-27 18:02:59.837 10483 10483 I adbd    : destroying transport UsbFfs
10-27 18:02:59.837 10483 10483 I adbd    : UsbFfsConnection being destroyed
10-27 18:02:59.866 24505 24534 W fb4a.QuickPerformanceLoggerModule: Provided QPL: 68219268
10-27 18:02:59.867 24505 24534 W fb4a.AppInitScheduler|Run:   Finished StartupQPLInit in 791ms
10-27 18:02:59.867 24505 24534 W fb4a.AppInitScheduler|Run: Running BloksInit
10-27 18:02:59.867 24505 24553 W fb4a.AppInitScheduler|Run: Running FunctionalReliabilityRingBufferInitializer
10-27 18:02:59.867 24505 24534 W fb4a.AppInitScheduler|Run:   Finished BloksInit in 0ms
10-27 18:02:59.867 24505 24534 W fb4a.AppInitScheduler|Run: Running INeedInitForBroadcastReceiverRegisterAfterQpl
10-27 18:02:59.867 24505 24552 W fb4a.AppInitScheduler|Run: Running ProfiloBridgeFactoryImpl
10-27 18:02:59.868 24505 24549 W fb4a.AppInitScheduler|Run: Running ReliabilityUserPerceptibleScopeToQPL
10-27 18:02:59.869 24505 24553 W fb4a.AppInitScheduler|Run:   Finished FunctionalReliabilityRingBufferInitializer in 1ms
10-27 18:02:59.869 24505 24553 W fb4a.AppInitScheduler|Run: Running StartupInfraPreloader
10-27 18:02:59.870 24505 24549 W fb4a.AppInitScheduler|Run:   Finished ReliabilityUserPerceptibleScopeToQPL in 1ms
10-27 18:02:59.870 24505 24549 W fb4a.AppInitScheduler|Run: Running VideoServiceWarmup
10-27 18:02:59.870 24505 24553 W fb4a.AppInitScheduler|Run:   Finished StartupInfraPreloader in 1ms
10-27 18:02:59.870 24505 24553 W fb4a.AppInitScheduler|Run: Running ZOptLoggingInitializer
10-27 18:02:59.871 24505 24552 W Profilo/TraceControl: START PROFILO_TRACEID: AcldcFEfk6t
10-27 18:02:59.871 24505 24553 W fb4a.AppInitScheduler|Run:   Finished ZOptLoggingInitializer in 0ms
10-27 18:02:59.871 24505 24553 W fb4a.AppInitScheduler|Run: Running StartupQPLReplayer
10-27 18:02:59.872 24505 24549 W fb4a.AppInitScheduler|Run:   Finished VideoServiceWarmup in 2ms
10-27 18:02:59.881 10483 10488 I adbd    : opening control endpoint /dev/usb-ffs/adb/ep0
10-27 18:02:59.886 10483 10488 I adbd    : UsbFfsConnection constructed
10-27 18:02:59.887 24505 24603 W fb4a.SigquitDetectorLacrima: nativeInit
10-27 18:02:59.888 24505 24553 W fb4a.AppInitScheduler|Run:   Finished StartupQPLReplayer in 17ms
10-27 18:02:59.889 10483 24649 I adbd    : UsbFfs-monitor thread spawned
10-27 18:02:59.903 24505 24533 D fb-distract: Distracting /apex/com.android.runtime/lib/bionic/libc.so!fsync (0x0xe89bc990) with /data/data/com.facebook.katana/lib-compressed/libfssync.so!<unknown> (0x0xbdc88ab3)
10-27 18:02:59.940 24505 24534 W fb4a.AppInitScheduler|Run:   Finished INeedInitForBroadcastReceiverRegisterAfterQpl in 72ms
10-27 18:02:59.966 24505 24533 D fb-distract: Distracting /apex/com.android.runtime/lib/bionic/libc.so!fdatasync (0x0xe89bc9b0) with /data/data/com.facebook.katana/lib-compressed/libfssync.so!<unknown> (0x0xbdc88ab7)
10-27 18:02:59.967 24505 24532 D Nightwatch: Got fb jni native method for com/facebook/errorreporting/nightwatch/Nightwatch$NightwatchNative.nRecordDataInNightWatch (JI)I with native method: recordDataInNightWatch (0xbb16c161). try use crit jni: no try use fast jni: no Used crit: no Used fast: no Used norm: yes crit jni supported: yes fast jni supported: no config is fast: no config is crit: no
10-27 18:02:59.968 24505 24532 D Nightwatch: Got fb jni native method for com/facebook/errorreporting/nightwatch/Nightwatch$NightwatchNative.nRecordTickInNightWatch (JJJJ)I with native method: recordTickInNightWatch (0xbb16c13f). try use crit jni: no try use fast jni: no Used crit: no Used fast: no Used norm: yes crit jni supported: yes fast jni supported: no config is fast: no config is crit: no
10-27 18:02:59.968 24505 24532 D Nightwatch: Got fb jni native method for com/facebook/errorreporting/nightwatch/Nightwatch$NightwatchNative.nSaveResourceData ()Z with native method: saveResourceData (0xbb16c131). try use crit jni: no try use fast jni: no Used crit: no Used fast: no Used norm: yes crit jni supported: yes fast jni supported: no config is fast: no config is crit: no
10-27 18:02:59.968 24505 24532 D _FB_    : Registering method com/facebook/errorreporting/nightwatch/Nightwatch$NightwatchNative.nRecordDataInNightWatch (JI)I with native method: recordDataInNightWatch (0xbb16c161)
10-27 18:02:59.968 24505 24532 D _FB_    : Succeeded registering method com/facebook/errorreporting/nightwatch/Nightwatch$NightwatchNative.nRecordDataInNightWatch (JI)I with native method: recordDataInNightWatch (0xbb16c161)
10-27 18:02:59.968 24505 24532 D _FB_    : Registering method com/facebook/errorreporting/nightwatch/Nightwatch$NightwatchNative.nRecordTickInNightWatch (JJJJ)I with native method: recordTickInNightWatch (0xbb16c13f)
10-27 18:02:59.968 24505 24532 D _FB_    : Succeeded registering method com/facebook/errorreporting/nightwatch/Nightwatch$NightwatchNative.nRecordTickInNightWatch (JJJJ)I with native method: recordTickInNightWatch (0xbb16c13f)
10-27 18:02:59.968 24505 24532 D _FB_    : Registering method com/facebook/errorreporting/nightwatch/Nightwatch$NightwatchNative.nSaveResourceData ()Z with native method: saveResourceData (0xbb16c131)
10-27 18:02:59.968 24505 24532 D _FB_    : Succeeded registering method com/facebook/errorreporting/nightwatch/Nightwatch$NightwatchNative.nSaveResourceData ()Z with native method: saveResourceData (0xbb16c131)
10-27 18:02:59.969 24505 24532 D Nightwatch: Starting NightWatch. Using fast [yes] or critical [yes] native methods
10-27 18:02:59.969 24505 24532 D Nightwatch: NightWatch using: Binary path: /data/app/com.facebook.katana-tencbRgMDfc3hUHCWw-mkQ==/lib/arm/libwatcher_binary.so log path: /data/data/com.facebook.katana/app_errorreporting/sess__000000069-1666886578897-5024c14f-d032-d165-2d02-5e9d1bf40542/nightwatch.txt
10-27 18:02:59.969 24505 24532 D Nightwatch: Got fb jni native method for com/facebook/errorreporting/nightwatch/NightwatchOreo.nRecordDataInNightWatch (IIJI)I with native method: recordDataInNightWatch (0xbb16c161). try use crit jni: yes try use fast jni: no Used crit: yes Used fast: no Used norm: no crit jni supported: yes fast jni supported: no config is fast: no config is crit: yes
10-27 18:02:59.969 24505 24532 D Nightwatch: Got fb jni native method for com/facebook/errorreporting/nightwatch/NightwatchOreo.nRecordTickInNightWatch (IIJJJJ)I with native method: recordTickInNightWatch (0xbb16c13f). try use crit jni: yes try use fast jni: no Used crit: yes Used fast: no Used norm: no crit jni supported: yes fast jni supported: no config is fast: no config is crit: yes
10-27 18:02:59.969 24505 24532 D Nightwatch: Got fb jni native method for com/facebook/errorreporting/nightwatch/NightwatchOreo.nSaveResourceData (II)Z with native method: saveResourceData (0xbb16c131). try use crit jni: yes try use fast jni: no Used crit: yes Used fast: no Used norm: no crit jni supported: yes fast jni supported: no config is fast: no config is crit: yes
10-27 18:02:59.969 24505 24532 D _FB_    : Registering method com/facebook/errorreporting/nightwatch/NightwatchOreo.nRecordDataInNightWatch (IIJI)I with native method: recordDataInNightWatch (0xbb16c161)
10-27 18:02:59.969 24505 24532 D _FB_    : Succeeded registering method com/facebook/errorreporting/nightwatch/NightwatchOreo.nRecordDataInNightWatch (IIJI)I with native method: recordDataInNightWatch (0xbb16c161)
10-27 18:02:59.969 24505 24532 D _FB_    : Registering method com/facebook/errorreporting/nightwatch/NightwatchOreo.nRecordTickInNightWatch (IIJJJJ)I with native method: recordTickInNightWatch (0xbb16c13f)
10-27 18:02:59.969 24505 24532 D _FB_    : Succeeded registering method com/facebook/errorreporting/nightwatch/NightwatchOreo.nRecordTickInNightWatch (IIJJJJ)I with native method: recordTickInNightWatch (0xbb16c13f)
10-27 18:02:59.969 24505 24532 D _FB_    : Registering method com/facebook/errorreporting/nightwatch/NightwatchOreo.nSaveResourceData (II)Z with native method: saveResourceData (0xbb16c131)
10-27 18:02:59.969 24505 24532 D _FB_    : Succeeded registering method com/facebook/errorreporting/nightwatch/NightwatchOreo.nSaveResourceData (II)Z with native method: saveResourceData (0xbb16c131)
10-27 18:02:59.984 24505 24532 I nightwatch-lib: watcher succeeded mmap /data/data/com.facebook.katana/app_errorreporting/sess__000000069-1666886578897-5024c14f-d032-d165-2d02-5e9d1bf40542/nightwatch.txt.subsecond
10-27 18:02:59.992 24505 24533 D fb-distract: Distracting /apex/com.android.runtime/lib/bionic/libc.so!msync (0x0xe89bc750) with /data/data/com.facebook.katana/lib-compressed/libfssync.so!<unknown> (0x0xbdc88abb)
10-27 18:02:59.994 24505 24599 D fb-distract: Distracting /apex/com.android.art/lib/libart.so!_ZN3art13SignalCatcher6OutputERKNSt3__112basic_stringIcNS1_11char_traitsIcEENS1_9allocatorIcEEEE (0x0xe7ff14d5) with /data/data/com.facebook.katana/lib-compressed/libsigquit.so!<unknown> (0x0xba88bf75)
10-27 18:02:59.999 24505 24505 W AppInit5: type=1400 audit(0.0:11328): avc: granted { execute } for path="/data/data/com.facebook.katana/lib-compressed/libqplreliabilityhttpheader.so" dev="mmcblk0p68" ino=2755159 scontext=u:r:untrusted_app:s0:c172,c256,c512,c768 tcontext=u:object_r:app_data_file:s0:c172,c256,c512,c768 tclass=file app=com.facebook.katana
10-27 18:03:00.003  2583  2583 D KeyguardUpdateMonitor: received broadcast android.intent.action.TIME_TICK
10-27 18:03:00.003  2583  2583 D KeyguardUpdateMonitor: handleTimeUpdate
10-27 18:03:00.035 24505 24533 D fb-distract: Distracting /apex/com.android.runtime/lib/bionic/libc.so!sync (0x0xe89bc9f0) with /data/data/com.facebook.katana/lib-compressed/libfssync.so!<unknown> (0x0xbdc88abf)
10-27 18:03:00.036 24505 24532 I nightwatch-lib: watcher succeeded mmap /data/data/com.facebook.katana/app_errorreporting/sess__000000069-1666886578897-5024c14f-d032-d165-2d02-5e9d1bf40542/nightwatch.txt.second
10-27 18:03:00.037 24505 24533 W fb4a.AppInitScheduler|Run:   Finished FixieNoSync in 855ms
10-27 18:03:00.037 24505 24535 W fb4a.AppInitScheduler|Run:   Finished EagerInitTigonInterceptors in 443ms
10-27 18:03:00.042 24505 24532 I nightwatch-lib: watcher succeeded mmap /data/data/com.facebook.katana/app_errorreporting/sess__000000069-1666886578897-5024c14f-d032-d165-2d02-5e9d1bf40542/nightwatch.txt
10-27 18:03:00.043 24505 24532 D nightwatch-fd: Attempting to open file /proc/self/oom_adj
10-27 18:03:00.043 24505 24532 D nightwatch-fd: Opened file /proc/self/oom_adj (81)
10-27 18:03:00.043 24505 24532 D nightwatch-fd: Attempting to open file /proc/self/oom_score_adj
10-27 18:03:00.043 24505 24532 D nightwatch-fd: Opened file /proc/self/oom_score_adj (118)
10-27 18:03:00.045 24505 24532 I nightwatch-target: created thread to monitor process resources
10-27 18:03:00.049 24505 24505 W AppInit2: type=1400 audit(0.0:11329): avc: denied { read } for name="file-nr" dev="proc" ino=150050 scontext=u:r:untrusted_app:s0:c172,c256,c512,c768 tcontext=u:object_r:proc:s0 tclass=file permissive=0 app=com.facebook.katana
10-27 18:03:00.049 24505 24505 W AppInit2: type=1400 audit(0.0:11330): avc: denied { read } for name="zoneinfo" dev="proc" ino=4026532129 scontext=u:r:untrusted_app:s0:c172,c256,c512,c768 tcontext=u:object_r:proc_zoneinfo:s0 tclass=file permissive=0 app=com.facebook.katana
10-27 18:03:00.062 23828 23842 I aoapp.musicall: Background concurrent copying GC freed 428981(15MB) AllocSpace objects, 23(9004KB) LOS objects, 38% free, 39MB/63MB, paused 225us total 344.863ms
10-27 18:03:00.062 23828 24498 I aoapp.musicall: WaitForGcToComplete blocked ClassLinker on HeapTrim for 316.057ms
10-27 18:03:00.064 24505 24669 D nightwatch-fd: Attempting to open file /proc/self/oom_score
10-27 18:03:00.064 24505 24669 D nightwatch-fd: Opened file /proc/self/oom_score (119)
10-27 18:03:00.064 24505 24669 I nightwatch-target: monitor resources interval 20 ms
10-27 18:03:00.069 24505 24669 E nightwatch-target: /proc/zoneinfo open: errno=13
10-27 18:03:00.069 24505 24669 E nightwatch-target: sysmeminfo parse failed
10-27 18:03:00.070 24505 24548 W fb4a.AppInitScheduler|Run:   Finished EagerInitTigonLigerXPlatService in 451ms
10-27 18:03:00.070 24505 24548 W fb4a.AppInitScheduler|Run: Running NetworkEagerInit
10-27 18:03:00.099 24505 24505 W AppInit2: type=1400 audit(0.0:11331): avc: denied { read } for name="zoneinfo" dev="proc" ino=4026532129 scontext=u:r:untrusted_app:s0:c172,c256,c512,c768 tcontext=u:object_r:proc_zoneinfo:s0 tclass=file permissive=0 app=com.facebook.katana
10-27 18:03:00.114 24505 24670 I nightwatch-target: waiting on child pid 24671
10-27 18:03:00.117 24505 24669 E nightwatch-target: /proc/zoneinfo open: errno=13
10-27 18:03:00.117 24505 24669 E nightwatch-target: sysmeminfo parse failed
10-27 18:03:00.120 24671 24671 I nightwatch-watcher: I have arisen! pid: 24671
10-27 18:03:00.121 24671 24671 I nightwatch-lib: watcher succeeded mmap /data/data/com.facebook.katana/app_errorreporting/sess__000000069-1666886578897-5024c14f-d032-d165-2d02-5e9d1bf40542/nightwatch.txt
10-27 18:03:00.121 24671 24671 I nightwatch-watcher: attached to tid 24670 in pid 24505, ptrace_ret: 0
10-27 18:03:00.121 24671 24671 D nightwatch-fd: Attempting to open file /proc/24505/oom_adj
10-27 18:03:00.121 24671 24671 D nightwatch-fd: Opened file /proc/24505/oom_adj (4)
10-27 18:03:00.121 24671 24671 D nightwatch-fd: Attempting to open file /proc/24505/oom_score_adj
10-27 18:03:00.121 24671 24671 D nightwatch-fd: Opened file /proc/24505/oom_score_adj (5)
10-27 18:03:00.121 24671 24671 I nightwatch-watcher: target tid 24670 stopped with signal 19. continuing and delivering signal 0
10-27 18:03:00.138 23828 23893 W System.err: java.lang.NoSuchFieldException
10-27 18:03:00.138 23828 23893 W System.err: 	at X.32U.LIZIZ(SourceFile:33816606)
10-27 18:03:00.138 23828 23893 W System.err: 	at X.32U.LIZ(SourceFile:33751045)
10-27 18:03:00.138 23828 23893 W System.err: 	at X.4B2.<init>(SourceFile:393342)
10-27 18:03:00.138 23828 23893 W System.err: 	at X.SLI.<init>(SourceFile:262190)
10-27 18:03:00.138 23828 23893 W System.err: 	at X.SLI.LIZ(SourceFile:196620)
10-27 18:03:00.138 23828 23893 W System.err: 	at com.ss.android.ugc.aweme.awemeservice.AwemeService.LIZ(SourceFile:16973830)
10-27 18:03:00.138 23828 23893 W System.err: 	at X.5ca.LIZ(SourceFile:710)
10-27 18:03:00.138 23828 23893 W System.err: 	at X.5ca.LIZ(SourceFile:34078759)
10-27 18:03:00.139 23828 23893 W System.err: 	at X.5cY.run(Unknown Source:1527)
10-27 18:03:00.139 23828 23893 W System.err: 	at X.5cl.call(Unknown Source:1597)
10-27 18:03:00.139 23828 23893 W System.err: 	at X.0Gv.run(SourceFile:262175)
10-27 18:03:00.139 23828 23893 W System.err: 	at X.4Iu.run(SourceFile:459019)
10-27 18:03:00.139 23828 23893 W System.err: 	at java.util.concurrent.ThreadPoolExecutor.runWorker(ThreadPoolExecutor.java:1167)
10-27 18:03:00.139 23828 23893 W System.err: 	at java.util.concurrent.ThreadPoolExecutor$Worker.run(ThreadPoolExecutor.java:641)
10-27 18:03:00.139 23828 23893 W System.err: 	at X.4If.run(SourceFile:196623)
10-27 18:03:00.139 23828 23893 W System.err: 	at java.lang.Thread.run(Thread.java:923)
10-27 18:03:00.167 24505 24672 D XmlUtils: String value is null
10-27 18:03:00.185 24505 24672 I chatty  : uid=10172(com.facebook.katana) identical 11 lines
10-27 18:03:00.185 24505 24672 D XmlUtils: String value is null
10-27 18:03:00.195 23828 24498 I DpmTcmClient: RegisterTcmMonitor from: $Proxy1
10-27 18:03:00.211 24505 24570 D CompatibilityChangeReporter: Compat change id reported: 147600208; UID 10172; state: ENABLED
10-27 18:03:00.213 24505 24548 W fb4a.AppInitScheduler|Run:   Finished NetworkEagerInit in 143ms
10-27 18:03:00.216 24505 24548 W fb4a.AppInitScheduler|Run: Running GraphServiceEagerInit
10-27 18:03:00.218 24505 24553 W fb4a.AppInitScheduler|Run: Running ZeroLibraryInitializer
10-27 18:03:00.236  1618  7927 D CompatibilityInfo: mCompatibilityFlags - 0
10-27 18:03:00.236  1618  7927 D CompatibilityInfo: applicationDensity - 420
10-27 18:03:00.236  1618  7927 D CompatibilityInfo: applicationScale - 1.0
10-27 18:03:00.238  2556  3244 I BtGatt.ScanManager: msg.what = 6
10-27 18:03:00.265  2556  3244 I BtGatt.ScanManager: msg.what = 6
10-27 18:03:00.280 24505 24552 W fb4a.AppInitScheduler|Run:   Finished ProfiloBridgeFactoryImpl in 409ms
10-27 18:03:00.289 24505 24505 W AppInit6: type=1400 audit(0.0:11332): avc: granted { execute } for path="/data/data/com.facebook.katana/lib-compressed/libtigonnativeauthedservice.so" dev="mmcblk0p68" ino=2755137 scontext=u:r:untrusted_app:s0:c172,c256,c512,c768 tcontext=u:object_r:app_data_file:s0:c172,c256,c512,c768 tclass=file app=com.facebook.katana
10-27 18:03:00.317 24505 24553 W fb4a.AppInitScheduler|Run:   Finished ZeroLibraryInitializer in 99ms
10-27 18:03:00.363   885   949 E ANDR-PERF-OPTSHANDLER: Perflock resource /sys/class/devfreq/soc:qcom,llccbw/min_freq not supported
10-27 18:03:00.363   885   949 E ANDR-PERF-RESOURCEQS: Failed to apply optimization [12, 0]
10-27 18:03:00.363   885   949 E ANDR-PERF-UTIL: Failed to read /sys/class/devfreq/18321000.qcom,devfreq-l3:qcom,cpu0-cpu-l3-lat/max_freq
10-27 18:03:00.363   885   949 E ANDR-PERF-UTIL: Failed to read /sys/class/devfreq/18321000.qcom,devfreq-l3:qcom,cpu4-cpu-l3-lat/max_freq
10-27 18:03:00.386 24505 24531 W fb4a.AppInitScheduler|Run:   Finished PendingStoryStoreInitializer in 1035ms
10-27 18:03:00.428 24505 24548 W fb4a.AppInitScheduler|Run:   Finished GraphServiceEagerInit in 211ms
10-27 18:03:00.438 23828 24698 I tt_libquic : [1027/180300.437178:INFO:quic_client_context.cc(202)] cdn host: pull-f5-tt02.tiktokcdn.com, port: 80
10-27 18:03:00.439 23828 24698 I tt_libquic : [1027/180300.439104:INFO:quic_client_context.cc(262)] TTQuicWrapper::open, create TTQuicClient 
10-27 18:03:00.439 23828 24698 E tt_libquic : [1027/180300.439174:ERROR:tt_quic_crypto_helper.cc(30)] no class loader is available, disable cert verify !
10-27 18:03:00.439 23828 24698 I tt_libquic : [1027/180300.439217:INFO:tt_quic_crypto_helper.cc(37)] Disable certificate verification
10-27 18:03:00.439 23828 24698 V tt_libquic : [1027/180300.439458:VERBOSE1:tt_quic_client.cc(221)] TTQuicClient::Initialize: 4194304, autoIncrease:0
10-27 18:03:00.439 23828 24698 V tt_libquic : [1027/180300.439534:VERBOSE1:tt_quic_client.cc(147)] loss detection type : Time based loss detection.
10-27 18:03:00.440 23828 24698 I tt_libquic : [1027/180300.440326:INFO:tt_looper_v2.cc(87)] LooperV2::Start(), evbase_:0x7145b8f2a0
10-27 18:03:00.444 23828 24699 I tt_libquic : [1027/180300.444545:INFO:tt_looper_v2.cc(111)] begin bg_loop
10-27 18:03:00.444 23828 24699 V tt_libquic : [1027/180300.444799:VERBOSE1:tt_quic_client.cc(1286)] TTQuicClient::OnEventProcess, ev: 0
10-27 18:03:00.446 24505 24532 W fb4a.AppInitScheduler|Run:   Finished InitLacrimaLaterInit in 1156ms
10-27 18:03:00.446 24505 24532 W fb4a.AppInitScheduler|Run: All work finished.
10-27 18:03:00.447 23828 24699 V tt_libquic : [1027/180300.447660:VERBOSE1:quic_sent_packet_manager.cc(1120)] initial_congestion_window_ 32
10-27 18:03:00.451 23828 24699 V tt_libquic : [1027/180300.451860:VERBOSE1:quic_sent_packet_manager.cc(1120)] initial_congestion_window_ 10
10-27 18:03:00.452 23828 24699 V tt_libquic : [1027/180300.452011:VERBOSE1:tt_quic_client.cc(348)] congestion control type : kBBR v2
10-27 18:03:00.452 23828 24699 V tt_libquic : [1027/180300.452135:VERBOSE1:quic_crypto_client_handshaker.cc(182)] QUIC Handshake: DoInitialize
10-27 18:03:00.452 23828 24699 V tt_libquic : [1027/180300.452185:VERBOSE1:quic_crypto_client_handshaker.cc(186)] QUIC Handshake: DoSendCHLO
10-27 18:03:00.452 23828 24699 E tt_libquic : [1027/180300.452220:ERROR:quic_crypto_client_config.cc(83)] SERVER_CONFIG_EMPTY
10-27 18:03:00.452 23828 24699 V tt_libquic : [1027/180300.452330:VERBOSE1:quic_crypto_client_config.cc(513)] CCS: `~
10-27 18:03:00.452 23828 24699 V tt_libquic : [1027/180300.452415:VERBOSE1:tt_quic_client_session.h(152)] OnCryptoHandshakeMessageSent CHLO<
10-27 18:03:00.452 23828 24699 V tt_libquic :   SNI : "pull-f5-tt02.tiktokcdn.com"
10-27 18:03:00.452 23828 24699 V tt_libquic :   VER : 'Q043'
10-27 18:03:00.452 23828 24699 V tt_libquic :   TCID: 0
10-27 18:03:00.452 23828 24699 V tt_libquic :   PDMD: 'X509'
10-27 18:03:00.452 23828 24699 V tt_libquic :   SMHL: 0x01000000
10-27 18:03:00.452 23828 24699 V tt_libquic :   ICSL: 15000
10-27 18:03:00.452 23828 24699 V tt_libquic :   NONP: 0x7c2a79361fc8ae02b98e44441012893a06df27a9f8cafecb20907d17a17b2402
10-27 18:03:00.452 23828 24699 V tt_libquic :   MIDS: 10
10-27 18:03:00.452 23828 24699 V tt_libquic :   SCLS: 1
10-27 18:03:00.452 23828 24699 V tt_libquic :   CSCT: 0x
10-27 18:03:00.452 23828 24699 V tt_libquic :   COPT: 'NSTP','STMP','TIME','AKD2','AKDU','BBR3','BBR5','BBR6','BBR8','BBR9','BBQ1','BBQ2','IW10','B2ON'
10-27 18:03:00.452 23828 24699 V tt_libquic :   CFCW: 25165824
10-27 18:03:00.452 23828 24699 V tt_libquic :   SFCW: 16777216
10-27 18:03:00.452 23828 24699 V tt_libquic : >
10-27 18:03:00.458 23828 24075 E aoapp.musicall: No implementation found for java.lang.String com.bef.effectsdk.EffectSDKUtils.nativeGetSdkVersion() (tried Java_com_bef_effectsdk_EffectSDKUtils_nativeGetSdkVersion and Java_com_bef_effectsdk_EffectSDKUtils_nativeGetSdkVersion__)
10-27 18:03:00.463 23828 24698 I tt_libquic : [1027/180300.463104:INFO:tt_quic_client.cc(403)] EncryptionBeingEstablished wait 10 ms
10-27 18:03:00.473 23828 24698 I tt_libquic : [1027/180300.473375:INFO:tt_quic_client.cc(403)] EncryptionBeingEstablished wait 20 ms
10-27 18:03:00.478 23828 24076 E aoapp.musicall: No implementation found for java.lang.String com.bef.effectsdk.EffectSDKUtils.nativeGetSdkVersion() (tried Java_com_bef_effectsdk_EffectSDKUtils_nativeGetSdkVersion and Java_com_bef_effectsdk_EffectSDKUtils_nativeGetSdkVersion__)
10-27 18:03:00.479 23828 24699 V tt_libquic : [1027/180300.479598:VERBOSE1:tt_quic_client.cc(1202)] OnDataProcess size: 1148
10-27 18:03:00.480 23828 24699 V tt_libquic : [1027/180300.480080:VERBOSE1:tt_quic_client.cc(1202)] OnDataProcess size: 1148
10-27 18:03:00.480 23828 24698 I tt_libquic : [1027/180300.480554:INFO:tt_quic_client.cc(403)] EncryptionBeingEstablished wait 30 ms
10-27 18:03:00.483 23828 24699 V tt_libquic : [1027/180300.480577:VERBOSE1:tt_quic_client_session.h(147)] OnCryptoHandshakeMessageReceived REJ <
10-27 18:03:00.483 23828 24699 V tt_libquic :   STK : 0x264d8878faed5dfc4b6d57f4a47652329efacb8194bd6057006226a784f277d4632065bd19177f0fd95d0703a7ac623c67d3dc4a47c7598f495bffe2e95bcd9ce4d65de1741e478f95ac26
10-27 18:03:00.483 23828 24699 V tt_libquic :   SVID: 0x717569632d676f
10-27 18:03:00.483 23828 24699 V tt_libquic :   PROF: 0x4ce420a74ea968991bafc3bb7944b528309fe05798f067fd33bd579d61a51c7e7e16abebd1ade2d142a14828ac71c4caddf275b1577c97d463e382accb674e2e012285f3ecb95a489e8e70fe4fdb6cf0ed7994fffd57897e0043008527ce6eaf6ccc2817afc9c23bc2446f12849edebe4e09e425b788a5d1f4aeed35127991629cd3e20ef28c772117092e134c4b88ab4bb44023116518f1d0c719aff0978041375925f9245584e503a7067467bcdc84322d4ff1f452d0ad95e818aa8ad13d748b9ddfc64d78d17bbea9145e2e68fc28aafdc695c528c7ccb9743590eb4a174c4f995a1a7a712a0ddb93a4cdf8322c6d01b772bf739670984f8cd19359a09b01
10-27 18:03:00.483 23828 24699 V tt_libquic :   SCFG: 
10-27 18:03:00.483 23828 24699 V tt_libquic :     SCFG<
10-27 18:03:00.483 23828 24699 V tt_libquic :       AEAD: 'AESG'
10-27 18:03:00.483 23828 24699 V tt_libquic :       SCID: 0x0b7c8a694f1dbe1fff75fd2eb51e8473
10-27 18:03:00.483 23828 24699 V tt_libquic :       PUBS: 0x20000063740b6ea02af80023ea8e58253ae8ba23199a66fc8ca7a931c7c09a2ac5a774
10-27 18:03:00.483 23828 24699 V tt_libquic :       KEXS: 'C255'
10-27 18:03:00.483 23828 24699 V tt_libquic :       OBIT: 0x0774e0640a9f9003
10-27 18:03:00.483 23828 24699 V tt_libquic :       EXPY: 0xffffffffffffffff
10-27 18:03:00.483 23828 24699 V tt_libquic :     >
10-27 18:03:00.483 23828 24699 V tt_libquic :   CRT : 0x010100f30b000078f922517eb1b4977b3894691fc79f790609bb483964e99130b4bccf8cc69844e6e0b0851c87b5a526268d39393ce5106a6695cc6e547288ca243a6825442f099bc33a7442a552e450b2a8cda95e15ef3546bd43db55d75ed7fbf7f3dcf76f9eb9bff7e7f3fba5ca01002c903b0c0b64a344681005822ab2ae0fe84e968d0b8a332bc2ce76d264a5b1a4280bc03fcea5d212584d125d252a339029268238b91f488356337117ff8162a47b3a7940541ae4ee41829c99118c00c8c39184c35b4038180743149229560c091c0ec6e32c3e5e359c398c37c7e2ccf1443cd1175e8ad584d567b65552363143982c84c7f20f901cd497b05c8f2971afc2963ff60decb23a95ddf236b611a3773154573341a70a43f4f25f0cbcdcba156f7435da568d7abd3fbdceadd447ad21fba76578b552f6b5764ac3a2e492575baeea1e94b5b33405c7fa80ef73df2efe56b0fe11c10c9a9e4a8b8c7aed47ca88b7dab413dbfd7bdd0f405f07113fd5a463657de37d50f1fe754cab80a61ae85f48d71e0ef6c5e9c55d059c68c5dd3b9da98e2b37f7fe1675b3d6312303cc694ff4c8f74d3858946df747f1cf7b1dda9ecbdf0fefb40b1420728f164da4b6172c7bc3db279cb416ad49085616596fbe09181a6925635a406edcea925bdba340e3815f4dc295b2da46dbfc0a8fdd59e9e2bb42f18ccbfb0c1c35b5c3f8dfbfa8816814803a254027c30274d29cb4e41c785a191dd917accf31335e95afeff3681cbb5b4a5add57b6b3a67e4c1c93d1dadc15136de5d270f9f8046c2c7eac2ab31c8604f34f42f0cddc8399cfe82f209d9f2961383f19e61f84ed455411799fedff286e6e16c094bab11fc2e5e9e441a5b97b90668225c9953856e254cd38f8937d56fdb37d6c244827c078d85c4e2e90af840251b0316c246511edd92262b6cca94171f580f97ba5401109877f1e14d24be10d52a0a07cf808baf871d83ff90e44badb11a0f6c829ccd0fe5e242803ca0850c13202141b1504ec049edbdc7e68332e87c7f57b632a12588de8b6e61655d6d020b33b3c862377950b00a83d53094a6b0040060d38c076a01e302e9cfe1da90fd18d8bfda6ee42a5322dedad71931ffdc0a1817738f90dfafede2014545d7dbef967d54bc8f122bb9eb6fe378fb76d244cbd262eac9df25390edb51301e100fe9696765521dbbb4a39df89436ebe526a0419bafdb9b6dbe4e559748dd53da7d9babb66ea3ac2f6a01e905b0707a4f7727dcbd6b127fc5afa2a4e8d2e190ad9bd967ed69811a1e595cc06f58023fde4886e6505213355e3fb4a751b9dc1273dc910f7bbc28a8e8162b9957813201cb86cf37645d731e7f21d23c4ba729f31f6a677e45b5159f8da133a0bf906
