--------- beginning of main
10-27 18:02:57.529 24459 24459 W app_process: type=1400 audit(0.0:11223): avc: denied { read } for name="u:object_r:device_config_runtime_native_boot_prop:s0" dev="tmpfs" ino=17054 scontext=u:r:shell:s0 tcontext=u:object_r:device_config_runtime_native_boot_prop:s0 tclass=file permissive=0
10-27 18:02:57.529 24459 24459 I chatty  : uid=2000(shell) app_process identical 2 lines
10-27 18:02:57.529 24459 24459 W app_process: type=1400 audit(0.0:11226): avc: denied { read } for name="u:object_r:device_config_runtime_native_boot_prop:s0" dev="tmpfs" ino=17054 scontext=u:r:shell:s0 tcontext=u:object_r:device_config_runtime_native_boot_prop:s0 tclass=file permissive=0
10-27 18:02:57.530  1348  1378 D cdfingerTA: [checkIrq] cdfinger_check_trigger_status no irq, mode = 1
10-27 18:02:57.537 24459 24459 D AndroidRuntime: >>>>>> START com.android.internal.os.RuntimeInit uid 2000 <<<<<<
10-27 18:02:57.540 24459 24459 E libc    : Access denied finding property "persist.device_config.runtime_native_boot.profilebootclasspath"
10-27 18:02:57.540 24459 24459 E libc    : Access denied finding property "persist.device_config.runtime_native_boot.enable_apex_image"
10-27 18:02:57.540 24459 24459 I AndroidRuntime: Using default boot image
10-27 18:02:57.541 24459 24459 E libc    : Access denied finding property "persist.device_config.runtime_native_boot.disable_lock_profiling"
10-27 18:02:57.541 24459 24459 I AndroidRuntime: Leaving lock profiling enabled
10-27 18:02:57.541 24459 24459 E libc    : Access denied finding property "persist.device_config.runtime_native_boot.enable_generational_cc"
10-27 18:02:57.572  1348  1378 D cdfinger: sem_waited : (0)
10-27 18:02:57.575  1348  1378 D cdfinger: device_waitForFinger ret = 0
10-27 18:02:57.575  1348  1378 D cdfinger: EventProcessThread case status:13
10-27 18:02:57.575  1348  1378 D cdfinger: Enter Switch Status, mCurStatus = 13
10-27 18:02:57.575  1348  1378 D cdfinger: mCurStatus = 13 , nextStatus = 14
10-27 18:02:57.598  1348  1378 D cdfinger: Enter Switch Status, mCurStatus = 14
10-27 18:02:57.598  1348  1378 D cdfinger: mCurStatus = 14 , nextStatus = 13
10-27 18:02:57.598  1348  1378 D cdfinger: REPORT_KEY: not finger or read image fail
10-27 18:02:57.598  1348  1378 D cdfinger: EventProcessThread end,then check status 13 and global status 1
10-27 18:02:57.600  1348  1378 D cdfinger: EventProcessThread wait hal_Down! status:13
10-27 18:02:57.600  1348  1378 D cdfinger: fingerprint wait for finger .
10-27 18:02:57.600  1348  1378 D cdfinger: device_waitForFinger enter
10-27 18:02:57.606  1348  1378 D cdfinger: get screen status = 1, mode = 1
10-27 18:02:57.606  1348  1378 D cdfinger: gotoCheckIrq no need check.
10-27 18:02:57.616  1348  1378 D cdfingerTA: CFP_NZ: FP_REQUEST_SETMODE, ChipID = 0X88
10-27 18:02:57.616  1348  1378 D cdfingerTA: cdfinger_config_interrupt 0xed, mode = [1]
10-27 18:02:57.616  1348  1378 D cdfingerTA: CFP_NZ: FP_REQUEST_SETMODE [1] ret[0]
10-27 18:02:57.616  1348  1378 D cdfinger: timeout_gap:300, check_gap:10
10-27 18:02:57.616  1348  1378 D cdfinger: sem_wait : (0)
10-27 18:02:57.638  1348  1348 D cdfinger: SIGIO signal FINGERDOWN received!
10-27 18:02:57.639  1348  1378 D cdfinger: sem_waited : (0)
10-27 18:02:57.642  1348  1378 D cdfinger: device_waitForFinger ret = 0
10-27 18:02:57.642  1348  1378 D cdfinger: EventProcessThread case status:13
10-27 18:02:57.642  1348  1378 D cdfinger: Enter Switch Status, mCurStatus = 13
10-27 18:02:57.642  1348  1378 D cdfinger: mCurStatus = 13 , nextStatus = 14
10-27 18:02:57.667 24459 24459 D app_process: Time zone APEX ICU file found: /apex/com.android.tzdata/etc/icu/icu_tzdata.dat
10-27 18:02:57.667 24459 24459 D app_process: I18n APEX ICU file found: /apex/com.android.i18n/etc/icu/icudt66l.dat
10-27 18:02:57.672  1348  1378 D cdfingerTA: CFP_NZ: FP_REQUEST_DETECT_FINGER [2]
10-27 18:02:57.672  1348  1378 D cdfingerTA: configAGC agc = 0xeb, spend 3 ms, ret = 0
10-27 18:02:57.672  1348  1378 D cdfingerTA: cfp_devCheckFinger isNaviFingerDown fingerRet = 0 133 134 134 0 112 F_BkDiffE=23 F_BkE=89 2
10-27 18:02:57.672  1348  1378 D cdfingerTA: cfp_calibrateKeyTrigger=0xed 2
10-27 18:02:57.672  1348  1378 D cdfingerTA: close move check, nConFlag 2, interFlag 0
10-27 18:02:57.672  1348  1378 D cdfingerTA: CFP_NZ: FP_REQUEST_DETECT_FINGER, result = 128
10-27 18:02:57.672  1348  1378 D cdfinger: Enter Switch Status, mCurStatus = 14
10-27 18:02:57.672  1348  1378 D cdfinger: mCurStatus = 14 , nextStatus = 13
10-27 18:02:57.672  1348  1378 D cdfinger: REPORT_KEY: not finger or read image fail
10-27 18:02:57.672  1348  1378 D cdfinger: EventProcessThread end,then check status 13 and global status 1
10-27 18:02:57.673  1348  1378 D cdfinger: EventProcessThread wait hal_Down! status:13
10-27 18:02:57.673  1348  1378 D cdfinger: fingerprint wait for finger .
10-27 18:02:57.673  1348  1378 D cdfinger: device_waitForFinger enter
10-27 18:02:57.674 10483 24445 W adbd    : timed out while waiting for FUNCTIONFS_BIND, trying again
10-27 18:02:57.674 10483 24445 I adbd    : UsbFfs: connection terminated: monitor thread finished
10-27 18:02:57.674 10483 10483 I adbd    : UsbFfs: already offline
10-27 18:02:57.674 10483 10483 I adbd    : destroying transport UsbFfs
10-27 18:02:57.674 10483 10483 I adbd    : UsbFfsConnection being destroyed
10-27 18:02:57.681  1348  1378 D cdfinger: get screen status = 1, mode = 1
10-27 18:02:57.681  1348  1378 D cdfinger: gotoCheckIrq no need check.
10-27 18:02:57.690  1348  1378 D cdfingerTA: CFP_NZ: FP_REQUEST_SETMODE, ChipID = 0X88
10-27 18:02:57.690  1348  1378 D cdfingerTA: cdfinger_config_interrupt 0xed, mode = [1]
10-27 18:02:57.690  1348  1378 D cdfingerTA: CFP_NZ: FP_REQUEST_SETMODE [1] ret[0]
10-27 18:02:57.690  1348  1378 D cdfinger: timeout_gap:300, check_gap:10
10-27 18:02:57.690  1348  1378 D cdfinger: sem_wait : (0)
10-27 18:02:57.692 24459 24459 I app_process: The ClassLoaderContext is a special shared library.
10-27 18:02:57.713  1348  1348 D cdfinger: SIGIO signal FINGERDOWN received!
10-27 18:02:57.713  1348  1378 D cdfinger: sem_waited : (0)
10-27 18:02:57.717  1348  1378 D cdfinger: device_waitForFinger ret = 0
10-27 18:02:57.717  1348  1378 D cdfinger: EventProcessThread case status:13
10-27 18:02:57.717  1348  1378 D cdfinger: Enter Switch Status, mCurStatus = 13
10-27 18:02:57.717 24459 24459 W app_process: JNI RegisterNativeMethods: attempt to register 0 native methods for android.media.AudioAttributes
10-27 18:02:57.717  1348  1378 D cdfinger: mCurStatus = 13 , nextStatus = 14
10-27 18:02:57.720 10483 10488 I adbd    : opening control endpoint /dev/usb-ffs/adb/ep0
10-27 18:02:57.723 10483 10488 I adbd    : UsbFfsConnection constructed
10-27 18:02:57.724 10483 24472 I adbd    : UsbFfs-monitor thread spawned
10-27 18:02:57.730 24459 24459 D AndroidRuntime: Calling main entry com.android.commands.monkey.Monkey
10-27 18:02:57.731 24459 24459 W Monkey  : args: [-p, com.zhiliaoapp.musically, 1]
10-27 18:02:57.732 24459 24459 W Monkey  :  arg: "-p"
10-27 18:02:57.732 24459 24459 W Monkey  :  arg: "com.zhiliaoapp.musically"
10-27 18:02:57.732 24459 24459 W Monkey  :  arg: "1"
10-27 18:02:57.732 24459 24459 W Monkey  : data="com.zhiliaoapp.musically"
10-27 18:02:57.747  1348  1378 D cdfingerTA: CFP_NZ: FP_REQUEST_DETECT_FINGER [2]
10-27 18:02:57.747  1348  1378 D cdfingerTA: configAGC agc = 0xeb, spend 5 ms, ret = 0
10-27 18:02:57.747  1348  1378 D cdfingerTA: cfp_devCheckFinger isNaviFingerDown fingerRet = 0 133 134 134 0 112 F_BkDiffE=21 F_BkE=89 2
10-27 18:02:57.747  1348  1378 D cdfingerTA: cfp_calibrateKeyTrigger=0xe9 0
10-27 18:02:57.747  1348  1378 D cdfingerTA: close move check, nConFlag 2, interFlag 0
10-27 18:02:57.747  1348  1378 D cdfingerTA: CFP_NZ: FP_REQUEST_DETECT_FINGER, result = 128
10-27 18:02:57.747  1348  1378 D cdfinger: Enter Switch Status, mCurStatus = 14
10-27 18:02:57.747  1348  1378 D cdfinger: mCurStatus = 14 , nextStatus = 13
10-27 18:02:57.747  1348  1378 D cdfinger: REPORT_KEY: not finger or read image fail
10-27 18:02:57.747  1348  1378 D cdfinger: EventProcessThread end,then check status 13 and global status 1
10-27 18:02:57.748  1348  1378 D cdfinger: EventProcessThread wait hal_Down! status:13
10-27 18:02:57.748  1348  1378 D cdfinger: fingerprint wait for finger .
10-27 18:02:57.748  1348  1378 D cdfinger: device_waitForFinger enter
10-27 18:02:57.757  1348  1378 D cdfinger: get screen status = 1, mode = 1
10-27 18:02:57.757  1348  1378 D cdfinger: gotoCheckIrq no need check.
--------- beginning of system
10-27 18:02:57.758  1618  1788 W BroadcastQueue: Skipping deliver [background] BroadcastRecord{bf00746 u-1 android.net.conn.CONNECTIVITY_CHANGE} to ReceiverList{d8e9d07 24459 (unknown name)/2000/u-1 remote:86b8188}: process gone or crashing
10-27 18:02:57.768  1348  1378 D cdfingerTA: CFP_NZ: FP_REQUEST_SETMODE, ChipID = 0X88
10-27 18:02:57.768  1348  1378 D cdfingerTA: cdfinger_config_interrupt 0xe9, mode = [1]
10-27 18:02:57.768  1348  1378 D cdfingerTA: CFP_NZ: FP_REQUEST_SETMODE [1] ret[0]
10-27 18:02:57.768  1348  1378 D cdfinger: timeout_gap:300, check_gap:10
10-27 18:02:57.768  1348  1378 D cdfinger: sem_wait : (0)
10-27 18:02:57.776  1618  8868 I ActivityTaskManager: zhl stack block_packagename =
10-27 18:02:57.777  1618  8868 I ActivityTaskManager: zhl stack block_activity =
10-27 18:02:57.777  1618  8868 I ActivityTaskManager: zhl mPackage =com.zhiliaoapp.musically
10-27 18:02:57.777  1618  8868 I ActivityTaskManager: zhl mClass =om.ss.android.ugc.aweme.splash.SplashActivity
10-27 18:02:57.777  1618  8868 I ActivityTaskManager: START u0 {act=android.intent.action.MAIN cat=[android.intent.category.LAUNCHER] flg=0x10200000 cmp=com.zhiliaoapp.musically/com.ss.android.ugc.aweme.splash.SplashActivity} from uid 2000
10-27 18:02:57.788  1618  8868 D CompatibilityInfo: mCompatibilityFlags - 0
10-27 18:02:57.788  1618  8868 D CompatibilityInfo: applicationDensity - 420
10-27 18:02:57.788  1618  8868 D CompatibilityInfo: applicationScale - 1.0
10-27 18:02:57.789  1618  8868 D ActivityTrigger: ActivityTrigger activityPauseTrigger 
10-27 18:02:57.791  1348  1348 D cdfinger: SIGIO signal FINGERDOWN received!
10-27 18:02:57.791  1348  1378 D cdfinger: sem_waited : (0)
10-27 18:02:57.793 24459 24459 I Monkey  : Events injected: 1
10-27 18:02:57.794  1348  1378 D cdfinger: device_waitForFinger ret = 0
10-27 18:02:57.794  1348  1378 D cdfinger: EventProcessThread case status:13
10-27 18:02:57.794  1348  1378 D cdfinger: Enter Switch Status, mCurStatus = 13
10-27 18:02:57.794  1348  1378 D cdfinger: mCurStatus = 13 , nextStatus = 14
10-27 18:02:57.806  1618  3496 I ActivityTaskManager: The Process com.zhiliaoapp.musically Already Exists in BG. So sending its PID: 23828
10-27 18:02:57.807  1618  3496 D CompatibilityInfo: mCompatibilityFlags - 0
10-27 18:02:57.807  1618  3496 D CompatibilityInfo: applicationDensity - 420
10-27 18:02:57.807  1618  3496 D CompatibilityInfo: applicationScale - 1.0
10-27 18:02:57.814 24459 24459 I Monkey  : ## Network stats: elapsed time=29ms (0ms mobile, 0ms wifi, 29ms not connected)
10-27 18:02:57.816  1348  1378 D cdfingerTA: CFP_NZ: FP_REQUEST_DETECT_FINGER [2]
10-27 18:02:57.816  1348  1378 D cdfingerTA: configAGC agc = 0xeb, spend 3 ms, ret = 0
10-27 18:02:57.816  1348  1378 D cdfingerTA: cfp_devCheckFinger isNaviFingerDown fingerRet = 0 133 134 134 0 112 F_BkDiffE=16 F_BkE=89 2
10-27 18:02:57.816  1348  1378 D cdfingerTA: cfp_calibrateKeyTrigger=0xe9 1
10-27 18:02:57.816  1348  1378 D cdfingerTA: close move check, nConFlag 2, interFlag 0
10-27 18:02:57.816  1348  1378 D cdfingerTA: CFP_NZ: FP_REQUEST_DETECT_FINGER, result = 128
10-27 18:02:57.816  1348  1378 D cdfinger: Enter Switch Status, mCurStatus = 14
10-27 18:02:57.816  1348  1378 D cdfinger: mCurStatus = 14 , nextStatus = 13
10-27 18:02:57.816  1348  1378 D cdfinger: REPORT_KEY: not finger or read image fail
10-27 18:02:57.816  1348  1378 D cdfinger: EventProcessThread end,then check status 13 and global status 1
10-27 18:02:57.818 24459 24459 I app_process: System.exit called, status: 0
10-27 18:02:57.818 24459 24459 I AndroidRuntime: VM exiting with result code 0.
10-27 18:02:57.818  1348  1378 D cdfinger: EventProcessThread wait hal_Down! status:13
10-27 18:02:57.818  1348  1378 D cdfinger: fingerprint wait for finger .
10-27 18:02:57.818  1348  1378 D cdfinger: device_waitForFinger enter
10-27 18:02:57.826 23828 23828 E Instrumentation: Uninitialized ActivityThread, likely app-created Instrumentation, disabling AppComponentFactory
10-27 18:02:57.826 23828 23828 E Instrumentation: java.lang.Throwable
10-27 18:02:57.826 23828 23828 E Instrumentation: 	at android.app.Instrumentation.getFactory(Instrumentation.java:1263)
10-27 18:02:57.826 23828 23828 E Instrumentation: 	at android.app.Instrumentation.newActivity(Instrumentation.java:1254)
10-27 18:02:57.826 23828 23828 E Instrumentation: 	at android.app.ActivityThread.performLaunchActivity(ActivityThread.java:3336)
10-27 18:02:57.826 23828 23828 E Instrumentation: 	at android.app.ActivityThread.handleLaunchActivity(ActivityThread.java:3596)
10-27 18:02:57.826 23828 23828 E Instrumentation: 	at android.app.servertransaction.LaunchActivityItem.execute(LaunchActivityItem.java:85)
10-27 18:02:57.826 23828 23828 E Instrumentation: 	at android.app.servertransaction.TransactionExecutor.executeCallbacks(TransactionExecutor.java:135)
10-27 18:02:57.826 23828 23828 E Instrumentation: 	at android.app.servertransaction.TransactionExecutor.execute(TransactionExecutor.java:95)
10-27 18:02:57.826 23828 23828 E Instrumentation: 	at android.app.ActivityThread$H.handleMessage(ActivityThread.java:2067)
10-27 18:02:57.826 23828 23828 E Instrumentation: 	at android.os.Handler.dispatchMessage(Handler.java:106)
10-27 18:02:57.826 23828 23828 E Instrumentation: 	at android.os.Looper.loop(Looper.java:223)
10-27 18:02:57.826 23828 23828 E Instrumentation: 	at android.app.ActivityThread.main(ActivityThread.java:7701)
10-27 18:02:57.826 23828 23828 E Instrumentation: 	at java.lang.reflect.Method.invoke(Native Method)
10-27 18:02:57.826 23828 23828 E Instrumentation: 	at com.android.internal.os.RuntimeInit$MethodAndArgsCaller.run(RuntimeInit.java:592)
10-27 18:02:57.826 23828 23828 E Instrumentation: 	at com.android.internal.os.ZygoteInit.main(ZygoteInit.java:952)
10-27 18:02:57.826  1348  1378 D cdfinger: get screen status = 1, mode = 1
10-27 18:02:57.826  1348  1378 D cdfinger: gotoCheckIrq no need check.
10-27 18:02:57.838  1348  1378 D cdfingerTA: CFP_NZ: FP_REQUEST_SETMODE, ChipID = 0X88
10-27 18:02:57.838  1348  1378 D cdfingerTA: cdfinger_config_interrupt 0xe9, mode = [1]
10-27 18:02:57.838  1348  1378 D cdfingerTA: CFP_NZ: FP_REQUEST_SETMODE [1] ret[0]
10-27 18:02:57.838  1348  1378 D cdfinger: timeout_gap:300, check_gap:10
10-27 18:02:57.838  1348  1378 D cdfinger: sem_wait : (0)
10-27 18:02:57.860  1348  1348 D cdfinger: SIGIO signal FINGERDOWN received!
10-27 18:02:57.860 23828 23891 D ColdBootFeedReuse: local cache file is null
10-27 18:02:57.860  1348  1378 D cdfinger: sem_waited : (0)
10-27 18:02:57.863  1348  1378 D cdfinger: device_waitForFinger ret = 0
10-27 18:02:57.863  1348  1378 D cdfinger: EventProcessThread case status:13
10-27 18:02:57.863  1348  1378 D cdfinger: Enter Switch Status, mCurStatus = 13
10-27 18:02:57.863  1348  1378 D cdfinger: mCurStatus = 13 , nextStatus = 14
10-27 18:02:57.883 23828 23844 W System  : A resource failed to call close. 
10-27 18:02:57.886  1348  1378 D cdfingerTA: CFP_NZ: FP_REQUEST_DETECT_FINGER [2]
10-27 18:02:57.886  1348  1378 D cdfingerTA: configAGC agc = 0xeb, spend 3 ms, ret = 0
10-27 18:02:57.886  1348  1378 D cdfingerTA: cfp_devCheckFinger isNaviFingerDown fingerRet = 0 134 134 134 0 112 F_BkDiffE=21 F_BkE=89 2
10-27 18:02:57.886  1348  1378 D cdfingerTA: cfp_calibrateKeyTrigger=0xe9 2
10-27 18:02:57.886  1348  1378 D cdfingerTA: close move check, nConFlag 2, interFlag 0
10-27 18:02:57.886  1348  1378 D cdfingerTA: CFP_NZ: FP_REQUEST_DETECT_FINGER, result = 128
10-27 18:02:57.886  1348  1378 D cdfinger: Enter Switch Status, mCurStatus = 14
10-27 18:02:57.886  1348  1378 D cdfinger: mCurStatus = 14 , nextStatus = 13
10-27 18:02:57.886  1348  1378 D cdfinger: REPORT_KEY: not finger or read image fail
10-27 18:02:57.886  1348  1378 D cdfinger: EventProcessThread end,then check status 13 and global status 1
10-27 18:02:57.887  1348  1378 D cdfinger: EventProcessThread wait hal_Down! status:13
10-27 18:02:57.887  1348  1378 D cdfinger: fingerprint wait for finger .
10-27 18:02:57.887  1348  1378 D cdfinger: device_waitForFinger enter
10-27 18:02:57.894  1348  1378 D cdfinger: get screen status = 1, mode = 1
10-27 18:02:57.894  1348  1378 D cdfinger: gotoCheckIrq no need check.
10-27 18:02:57.906  1348  1378 D cdfingerTA: CFP_NZ: FP_REQUEST_SETMODE, ChipID = 0X88
10-27 18:02:57.906  1348  1378 D cdfingerTA: cdfinger_config_interrupt 0xe9, mode = [1]
10-27 18:02:57.906  1348  1378 D cdfingerTA: CFP_NZ: FP_REQUEST_SETMODE [1] ret[0]
10-27 18:02:57.907  1348  1378 D cdfinger: timeout_gap:300, check_gap:10
10-27 18:02:57.907  1348  1378 D cdfinger: sem_wait : (0)
10-27 18:02:57.909 23828 24483 W System.err: hox-init: add child: parent > com.ss.android.ugc.aweme.main.assems.tabs.BottomTabNodeGroup@21ecdf, child > com.ss.android.ugc.aweme.main.assems.tabs.TopTabNode@a5191271
10-27 18:02:57.909 23828 24483 W System.err: hox-init: set parent: child: com.ss.android.ugc.aweme.main.assems.tabs.TopTabNode@a5191271, parent: com.ss.android.ugc.aweme.main.assems.tabs.BottomTabNodeGroup@21ecdf, extra: 
10-27 18:02:57.909 23828 24483 W System.err: hox-init: add child: parent > com.ss.android.ugc.aweme.main.assems.tabs.BottomTabNodeGroup@21ecdf, child > com.ss.android.ugc.aweme.main.assems.tabs.TopTabNode@3ab48008
10-27 18:02:57.909 23828 24483 W System.err: hox-init: set parent: child: com.ss.android.ugc.aweme.main.assems.tabs.TopTabNode@3ab48008, parent: com.ss.android.ugc.aweme.main.assems.tabs.BottomTabNodeGroup@21ecdf, extra: 
10-27 18:02:57.912 23828 24483 W System.err: hox-init: add child: parent > com.ss.android.ugc.aweme.main.assems.tabs.BottomTabNodeGroup@d43185ab, child > com.ss.android.ugc.aweme.friendstab.protocol.SocialTopTabNode@b1f8e228
10-27 18:02:57.912 23828 24483 W System.err: hox-init: set parent: child: com.ss.android.ugc.aweme.friendstab.protocol.SocialTopTabNode@b1f8e228, parent: com.ss.android.ugc.aweme.main.assems.tabs.BottomTabNodeGroup@d43185ab, extra: 
10-27 18:02:57.914  2583  3288 D FaceUnlock: onTaskStackChangedBackground
10-27 18:02:57.917  2583  3288 D FaceUnlock: PackageName =com.zhiliaoapp.musically
10-27 18:02:57.928  1348  1348 D cdfinger: SIGIO signal FINGERDOWN received!
10-27 18:02:57.929  1348  1378 D cdfinger: sem_waited : (0)
10-27 18:02:57.932  1348  1378 D cdfinger: device_waitForFinger ret = 0
10-27 18:02:57.932  1348  1378 D cdfinger: EventProcessThread case status:13
10-27 18:02:57.932  1348  1378 D cdfinger: Enter Switch Status, mCurStatus = 13
10-27 18:02:57.932  1348  1378 D cdfinger: mCurStatus = 13 , nextStatus = 14
10-27 18:02:57.937 23828 23828 W System.err: hox-init: add child: parent > com.ss.android.ugc.aweme.node.MainPageNode@a51c97, child > com.ss.android.ugc.aweme.main.assems.tabs.BottomTabNodeGroup@21ecdf
10-27 18:02:57.937 23828 23828 W System.err: hox-init: set parent: child: com.ss.android.ugc.aweme.main.assems.tabs.BottomTabNodeGroup@21ecdf, parent: com.ss.android.ugc.aweme.node.MainPageNode@a51c97, extra: 
10-27 18:02:57.937 23828 23828 W System.err: hox-init: add child: parent > com.ss.android.ugc.aweme.node.MainPageNode@a51c97, child > com.ss.android.ugc.aweme.main.assems.tabs.BottomTabNodeGroup@d43185ab
10-27 18:02:57.937 23828 23828 W System.err: hox-init: set parent: child: com.ss.android.ugc.aweme.main.assems.tabs.BottomTabNodeGroup@d43185ab, parent: com.ss.android.ugc.aweme.node.MainPageNode@a51c97, extra: 
10-27 18:02:57.937 23828 23828 W System.err: hox-init: add child: parent > com.ss.android.ugc.aweme.node.MainPageNode@a51c97, child > com.ss.android.ugc.aweme.main.assems.tabs.BottomTabNode@ad9970eb
10-27 18:02:57.937 23828 23828 W System.err: hox-init: set parent: child: com.ss.android.ugc.aweme.main.assems.tabs.BottomTabNode@ad9970eb, parent: com.ss.android.ugc.aweme.node.MainPageNode@a51c97, extra: 
10-27 18:02:57.937 23828 23828 W System.err: hox-init: add child: parent > com.ss.android.ugc.aweme.node.MainPageNode@a51c97, child > com.ss.android.ugc.aweme.main.assems.tabs.BottomTabNode@27e3cb
10-27 18:02:57.937 23828 23828 W System.err: hox-init: set parent: child: com.ss.android.ugc.aweme.main.assems.tabs.BottomTabNode@27e3cb, parent: com.ss.android.ugc.aweme.node.MainPageNode@a51c97, extra: 
10-27 18:02:57.937 23828 23828 W System.err: hox-init: add child: parent > X.NPB@27b42a2, child > com.ss.android.ugc.aweme.node.MainPageNode@a51c97
10-27 18:02:57.937 23828 23828 W System.err: hox-init: set parent: child: com.ss.android.ugc.aweme.node.MainPageNode@a51c97, parent: X.NPB@27b42a2, extra: 
10-27 18:02:57.938 23828 23828 W System.err: hox-init: add child: parent > X.NPB@27b42a2, child > com.ss.android.ugc.aweme.node.ProfilePageNode@814eb33
10-27 18:02:57.938 23828 23828 W System.err: hox-init: set parent: child: com.ss.android.ugc.aweme.node.ProfilePageNode@814eb33, parent: X.NPB@27b42a2, extra: 
10-27 18:02:57.953  1348  1378 D cdfingerTA: CFP_NZ: FP_REQUEST_DETECT_FINGER [2]
10-27 18:02:57.953  1348  1378 D cdfingerTA: configAGC agc = 0xeb, spend 3 ms, ret = 0
10-27 18:02:57.953  1348  1378 D cdfingerTA: cfp_devCheckFinger isNaviFingerDown fingerRet = 0 134 134 134 0 112 F_BkDiffE=22 F_BkE=89 2
10-27 18:02:57.953  1348  1378 D cdfingerTA: cfp_calibrateKeyTrigger=0xe5 0
10-27 18:02:57.953  1348  1378 D cdfingerTA: close move check, nConFlag 2, interFlag 0
10-27 18:02:57.953  1348  1378 D cdfingerTA: CFP_NZ: FP_REQUEST_DETECT_FINGER, result = 128
10-27 18:02:57.953  1348  1378 D cdfinger: Enter Switch Status, mCurStatus = 14
10-27 18:02:57.953  1348  1378 D cdfinger: mCurStatus = 14 , nextStatus = 13
10-27 18:02:57.953  1348  1378 D cdfinger: REPORT_KEY: not finger or read image fail
10-27 18:02:57.953  1348  1378 D cdfinger: EventProcessThread end,then check status 13 and global status 1
10-27 18:02:57.954  1348  1378 D cdfinger: EventProcessThread wait hal_Down! status:13
10-27 18:02:57.954  1348  1378 D cdfinger: fingerprint wait for finger .
10-27 18:02:57.954  1348  1378 D cdfinger: device_waitForFinger enter
10-27 18:02:57.962  1348  1378 D cdfinger: get screen status = 1, mode = 1
10-27 18:02:57.962  1348  1378 D cdfinger: gotoCheckIrq no need check.
10-27 18:02:57.975  1348  1378 D cdfingerTA: CFP_NZ: FP_REQUEST_SETMODE, ChipID = 0X88
10-27 18:02:57.975  1348  1378 D cdfingerTA: cdfinger_config_interrupt 0xe5, mode = [1]
10-27 18:02:57.975  1348  1378 D cdfingerTA: CFP_NZ: FP_REQUEST_SETMODE [1] ret[0]
10-27 18:02:57.975  1348  1378 D cdfinger: timeout_gap:300, check_gap:10
10-27 18:02:57.975  1348  1378 D cdfinger: sem_wait : (0)
10-27 18:02:57.976 23828 23890 W System.err: X.31Z
10-27 18:02:57.977 23828 23890 W System.err: 	at com.ss.android.ugc.aweme.global.config.settings.pojo.IESSettingsProxy.getDisableDelaySecReport(SourceFile:262192)
10-27 18:02:57.977 23828 23890 W System.err: 	at com.ss.android.ugc.aweme.requesttask.idle.SecSdkRequest.LIZ(SourceFile:262159)
10-27 18:02:57.977 23828 23890 W System.err: 	at X.5m8.LIZ(Unknown Source:20)
10-27 18:02:57.977 23828 23890 W System.err: 	at com.ss.android.ugc.aweme.requesttask.idle.SecSdkRequest.triggerType(Unknown Source:6)
10-27 18:02:57.977 23828 23890 W System.err: 	at X.5n2.LIZ(SourceFile:524400)
10-27 18:02:57.977 23828 23890 W System.err: 	at com.ss.android.ugc.aweme.legoImpl.task.LegoRequestTask.run(SourceFile:17301641)
10-27 18:02:57.977 23828 23890 W System.err: 	at X.5ml.LIZIZ(SourceFile:17236042)
10-27 18:02:57.977 23828 23890 W System.err: 	at X.5nM.LIZ(SourceFile:17104904)
10-27 18:02:57.977 23828 23890 W System.err: 	at X.5nc.run(SourceFile:196621)
10-27 18:02:57.977 23828 23890 W System.err: 	at X.4Iu.run(SourceFile:459019)
10-27 18:02:57.977 23828 23890 W System.err: 	at java.util.concurrent.ThreadPoolExecutor.runWorker(ThreadPoolExecutor.java:1167)
10-27 18:02:57.977 23828 23890 W System.err: 	at java.util.concurrent.ThreadPoolExecutor$Worker.run(ThreadPoolExecutor.java:641)
10-27 18:02:57.977 23828 23890 W System.err: 	at X.4If.run(SourceFile:196623)
10-27 18:02:57.977 23828 23890 W System.err: 	at java.lang.Thread.run(Thread.java:923)
10-27 18:02:57.978 23828 23927 W System.err: X.31Z
10-27 18:02:57.978 23828 23927 W System.err: 	at com.ss.android.ugc.aweme.global.config.settings.pojo.IESSettingsProxy.getDisableDelaySecReport(SourceFile:262192)
10-27 18:02:57.978 23828 23927 W System.err: 	at com.ss.android.ugc.aweme.requesttask.idle.SecSdkRequest.LIZ(SourceFile:262159)
10-27 18:02:57.978 23828 23927 W System.err: 	at X.5o7.run(SourceFile:327708)
10-27 18:02:57.978 23828 23927 W System.err: 	at X.4Iu.run(SourceFile:459019)
10-27 18:02:57.978 23828 23927 W System.err: 	at java.util.concurrent.ThreadPoolExecutor.runWorker(ThreadPoolExecutor.java:1167)
10-27 18:02:57.978 23828 23927 W System.err: 	at java.util.concurrent.ThreadPoolExecutor$Worker.run(ThreadPoolExecutor.java:641)
10-27 18:02:57.978 23828 23927 W System.err: 	at X.4If.run(SourceFile:196623)
10-27 18:02:57.978 23828 23927 W System.err: 	at java.lang.Thread.run(Thread.java:923)
10-27 18:02:57.989  1290  1290 W /system/vendor/bin/ipacm: type=1400 audit(0.0:11227): avc: denied { write } for comm=6E65746C696E6B20736F636B6574 name="ipacm_log_file" dev="tmpfs" ino=21456 scontext=u:r:ipacm:s0 tcontext=u:object_r:ipacm_socket:s0 tclass=sock_file permissive=0
10-27 18:02:57.989 23828 23828 W System.err: java.lang.NoSuchFieldException: No field mPendingActions in class Landroidx/fragment/app/m; (declaration of 'androidx.fragment.app.m' appears in /data/app/com.zhiliaoapp.musically-eMSk6pcIhkaStF_ReoCGpA==/base.apk)
10-27 18:02:57.989 23828 23828 W System.err: 	at java.lang.Class.getDeclaredField(Native Method)
10-27 18:02:57.989 23828 23828 W System.err: 	at X.UY6.LIZ(SourceFile:17301528)
10-27 18:02:57.989 23828 23828 W System.err: 	at X.UYA.run(Unknown Source:1065)
10-27 18:02:57.989 23828 23828 W System.err: 	at X.UY3.LIZ(SourceFile:17039384)
10-27 18:02:57.989 23828 23828 W System.err: 	at androidx.fragment.app.m.LIZIZ(SourceFile:16064)
10-27 18:02:57.989 23828 23828 W System.err: 	at androidx.fragment.app.m.LIZLLL(SourceFile:16973833)
10-27 18:02:57.989 23828 23828 W System.err: 	at androidx.fragment.app.m.LJIILIIL(SourceFile:131078)
10-27 18:02:57.989 23828 23828 W System.err: 	at X.1n6.onCreate(SourceFile:17170533)
10-27 18:02:57.989 23828 23828 W System.err: 	at X.2AY.onCreate(SourceFile:16908298)
10-27 18:02:57.989 23828 23828 W System.err: 	at X.QGT.onCreate(SourceFile:17104901)
10-27 18:02:57.989 23828 23828 W System.err: 	at X.T26.onCreate(SourceFile:17104942)
10-27 18:02:57.989 23828 23828 W System.err: 	at X.WI4.onCreate(SourceFile:16842755)
10-27 18:02:57.989 23828 23828 W System.err: 	at com.ss.android.ugc.aweme.main.MainActivity.onCreate(SourceFile:17368047)
10-27 18:02:57.989 23828 23828 W System.err: 	at android.app.Activity.performCreate(Activity.java:8191)
10-27 18:02:57.989 23828 23828 W System.err: 	at android.app.Activity.performCreate(Activity.java:8175)
10-27 18:02:57.989 23828 23828 W System.err: 	at android.app.Instrumentation.callActivityOnCreate(Instrumentation.java:1310)
10-27 18:02:57.989 23828 23828 W System.err: 	at X.3Nj.callActivityOnCreate(SourceFile:33947793)
10-27 18:02:57.989 23828 23828 W System.err: 	at android.app.ActivityThread.performLaunchActivity(ActivityThread.java:3405)
10-27 18:02:57.989 23828 23828 W System.err: 	at android.app.ActivityThread.handleLaunchActivity(ActivityThread.java:3596)
10-27 18:02:57.989 23828 23828 W System.err: 	at android.app.servertransaction.LaunchActivityItem.execute(LaunchActivityItem.java:85)
10-27 18:02:57.989 23828 23828 W System.err: 	at android.app.servertransaction.TransactionExecutor.executeCallbacks(TransactionExecutor.java:135)
10-27 18:02:57.989 23828 23828 W System.err: 	at android.app.servertransaction.TransactionExecutor.execute(TransactionExecutor.java:95)
10-27 18:02:57.989 23828 23828 W System.err: 	at android.app.ActivityThread$H.handleMessage(ActivityThread.java:2067)
10-27 18:02:57.989 23828 23828 W System.err: 	at android.os.Handler.dispatchMessage(Handler.java:106)
10-27 18:02:57.989 23828 23828 W System.err: 	at android.os.Looper.loop(Looper.java:223)
10-27 18:02:57.990 23828 23828 W System.err: 	at android.app.ActivityThread.main(ActivityThread.java:7701)
10-27 18:02:57.990 23828 23828 W System.err: 	at java.lang.reflect.Method.invoke(Native Method)
10-27 18:02:57.990 23828 23828 W System.err: 	at com.android.internal.os.RuntimeInit$MethodAndArgsCaller.run(RuntimeInit.java:592)
10-27 18:02:57.990 23828 23828 W System.err: 	at com.android.internal.os.ZygoteInit.main(ZygoteInit.java:952)
10-27 18:02:57.996  1348  1348 D cdfinger: SIGIO signal FINGERDOWN received!
10-27 18:02:57.996  1348  1378 D cdfinger: sem_waited : (0)
10-27 18:02:57.999  1348  1378 D cdfinger: device_waitForFinger ret = 0
10-27 18:02:57.999  1348  1378 D cdfinger: EventProcessThread case status:13
10-27 18:02:57.999  1348  1378 D cdfinger: Enter Switch Status, mCurStatus = 13
10-27 18:02:57.999  1348  1378 D cdfinger: mCurStatus = 13 , nextStatus = 14
10-27 18:02:58.024  2583  2601 I ndroid.systemu: NativeAlloc concurrent copying GC freed 20782(1012KB) AllocSpace objects, 0(0B) LOS objects, 49% free, 7757KB/15MB, paused 123us total 116.046ms
10-27 18:02:58.026  1348  1378 D cdfingerTA: CFP_NZ: FP_REQUEST_DETECT_FINGER [2]
10-27 18:02:58.026  1348  1378 D cdfingerTA: configAGC agc = 0xeb, spend 3 ms, ret = 0
10-27 18:02:58.026  1348  1378 D cdfingerTA: cfp_devCheckFinger isNaviFingerDown fingerRet = 0 134 134 134 0 112 F_BkDiffE=20 F_BkE=89 2
10-27 18:02:58.026  1348  1378 D cdfingerTA: cfp_calibrateKeyTrigger=0xe5 1
10-27 18:02:58.026  1348  1378 D cdfingerTA: close move check, nConFlag 2, interFlag 0
10-27 18:02:58.026  1348  1378 D cdfingerTA: CFP_NZ: FP_REQUEST_DETECT_FINGER, result = 128
10-27 18:02:58.026  1348  1378 D cdfinger: Enter Switch Status, mCurStatus = 14
10-27 18:02:58.026  1348  1378 D cdfinger: mCurStatus = 14 , nextStatus = 13
10-27 18:02:58.026  1348  1378 D cdfinger: REPORT_KEY: not finger or read image fail
10-27 18:02:58.026  1348  1378 D cdfinger: EventProcessThread end,then check status 13 and global status 1
10-27 18:02:58.027  2583  2603 W System  : A resource failed to call release. 
10-27 18:02:58.027  1348  1378 D cdfinger: EventProcessThread wait hal_Down! status:13
10-27 18:02:58.027  1348  1378 D cdfinger: fingerprint wait for finger .
10-27 18:02:58.027  1348  1378 D cdfinger: device_waitForFinger enter
10-27 18:02:58.036  1348  1378 D cdfinger: get screen status = 1, mode = 1
10-27 18:02:58.036  1348  1378 D cdfinger: gotoCheckIrq no need check.
10-27 18:02:58.047  1348  1378 D cdfingerTA: CFP_NZ: FP_REQUEST_SETMODE, ChipID = 0X88
10-27 18:02:58.047  1348  1378 D cdfingerTA: cdfinger_config_interrupt 0xe5, mode = [1]
10-27 18:02:58.047  1348  1378 D cdfingerTA: CFP_NZ: FP_REQUEST_SETMODE [1] ret[0]
10-27 18:02:58.047  1348  1378 D cdfinger: timeout_gap:300, check_gap:10
10-27 18:02:58.047  1348  1378 D cdfinger: sem_wait : (0)
10-27 18:02:58.069  1348  1348 D cdfinger: SIGIO signal FINGERDOWN received!
10-27 18:02:58.070  1348  1378 D cdfinger: sem_waited : (0)
10-27 18:02:58.073  1348  1378 D cdfinger: device_waitForFinger ret = 0
10-27 18:02:58.073  1348  1378 D cdfinger: EventProcessThread case status:13
10-27 18:02:58.073  1348  1378 D cdfinger: Enter Switch Status, mCurStatus = 13
10-27 18:02:58.073  1348  1378 D cdfinger: mCurStatus = 13 , nextStatus = 14
10-27 18:02:58.098  1348  1378 D cdfingerTA: CFP_NZ: FP_REQUEST_DETECT_FINGER [2]
10-27 18:02:58.098  1348  1378 D cdfingerTA: configAGC agc = 0xeb, spend 3 ms, ret = 0
10-27 18:02:58.098  1348  1378 D cdfingerTA: cfp_devCheckFinger isNaviFingerDown fingerRet = 0 133 134 134 0 112 F_BkDiffE=19 F_BkE=89 2
10-27 18:02:58.098  1348  1378 D cdfingerTA: cfp_calibrateKeyTrigger=0xe5 2
10-27 18:02:58.098  1348  1378 D cdfingerTA: close move check, nConFlag 2, interFlag 0
10-27 18:02:58.098  1348  1378 D cdfingerTA: CFP_NZ: FP_REQUEST_DETECT_FINGER, result = 128
10-27 18:02:58.098  1348  1378 D cdfinger: Enter Switch Status, mCurStatus = 14
10-27 18:02:58.098  1348  1378 D cdfinger: mCurStatus = 14 , nextStatus = 13
10-27 18:02:58.098  1348  1378 D cdfinger: REPORT_KEY: not finger or read image fail
10-27 18:02:58.098  1348  1378 D cdfinger: EventProcessThread end,then check status 13 and global status 1
10-27 18:02:58.099  1348  1378 D cdfinger: EventProcessThread wait hal_Down! status:13
10-27 18:02:58.099  1348  1378 D cdfinger: fingerprint wait for finger .
10-27 18:02:58.099  1348  1378 D cdfinger: device_waitForFinger enter
10-27 18:02:58.107  1348  1378 D cdfinger: get screen status = 1, mode = 1
10-27 18:02:58.107  1348  1378 D cdfinger: gotoCheckIrq no need check.
10-27 18:02:58.117  1348  1378 D cdfingerTA: CFP_NZ: FP_REQUEST_SETMODE, ChipID = 0X88
10-27 18:02:58.117  1348  1378 D cdfingerTA: cdfinger_config_interrupt 0xe5, mode = [1]
10-27 18:02:58.117  1348  1378 D cdfingerTA: CFP_NZ: FP_REQUEST_SETMODE [1] ret[0]
10-27 18:02:58.117  1348  1378 D cdfinger: timeout_gap:300, check_gap:10
10-27 18:02:58.117  1348  1378 D cdfinger: sem_wait : (0)
10-27 18:02:58.119 23828 23889 W ttmdl   : <0x0,AVMDLManagerBridge.cpp,native_setIntValue,794>set key:950 value:0
10-27 18:02:58.139  1348  1348 D cdfinger: SIGIO signal FINGERDOWN received!
10-27 18:02:58.140  1348  1378 D cdfinger: sem_waited : (0)
10-27 18:02:58.143  1348  1378 D cdfinger: device_waitForFinger ret = 0
10-27 18:02:58.143  1348  1378 D cdfinger: EventProcessThread case status:13
10-27 18:02:58.143  1348  1378 D cdfinger: Enter Switch Status, mCurStatus = 13
10-27 18:02:58.143  1348  1378 D cdfinger: mCurStatus = 13 , nextStatus = 14
10-27 18:02:58.164 23770 23823 D CompatibilityChangeReporter: Compat change id reported: 150939131; UID 10175; state: ENABLED
10-27 18:02:58.165 23828 23828 W AudioManager: Use of stream types is deprecated for operations other than volume control
10-27 18:02:58.165 23828 23828 W AudioManager: See the documentation of requestAudioFocus() for what to use instead with android.media.AudioAttributes to qualify your playback use case
10-27 18:02:58.166  1348  1378 D cdfingerTA: CFP_NZ: FP_REQUEST_DETECT_FINGER [2]
10-27 18:02:58.166  1348  1378 D cdfingerTA: configAGC agc = 0xeb, spend 5 ms, ret = 0
10-27 18:02:58.166  1348  1378 D cdfingerTA: cfp_devCheckFinger isNaviFingerDown fingerRet = 0 133 134 134 0 112 F_BkDiffE=19 F_BkE=89 2
10-27 18:02:58.166  1348  1378 D cdfingerTA: cfp_calibrateKeyTrigger=0xe1 0
10-27 18:02:58.166  1348  1378 D cdfingerTA: close move check, nConFlag 2, interFlag 0
10-27 18:02:58.166  1348  1378 D cdfingerTA: CFP_NZ: FP_REQUEST_DETECT_FINGER, result = 128
10-27 18:02:58.166  1348  1378 D cdfinger: Enter Switch Status, mCurStatus = 14
10-27 18:02:58.166  1348  1378 D cdfinger: mCurStatus = 14 , nextStatus = 13
10-27 18:02:58.166  1348  1378 D cdfinger: REPORT_KEY: not finger or read image fail
10-27 18:02:58.166  1348  1378 D cdfinger: EventProcessThread end,then check status 13 and global status 1
10-27 18:02:58.167  1348  1378 D cdfinger: EventProcessThread wait hal_Down! status:13
10-27 18:02:58.167  1348  1378 D cdfinger: fingerprint wait for finger .
10-27 18:02:58.167  1348  1378 D cdfinger: device_waitForFinger enter
10-27 18:02:58.171  1618  7012 I MediaFocusControl: requestAudioFocus() from uid/pid 10175/23828 clientId=android.media.AudioManager@28bb579X.2Q0@b5d52be callingPack=com.zhiliaoapp.musically req=2 flags=0x0 sdk=31
10-27 18:02:58.176  1348  1378 D cdfinger: get screen status = 1, mode = 1
10-27 18:02:58.176  1348  1378 D cdfinger: gotoCheckIrq no need check.
10-27 18:02:58.188  1348  1378 D cdfingerTA: CFP_NZ: FP_REQUEST_SETMODE, ChipID = 0X88
10-27 18:02:58.188  1348  1378 D cdfingerTA: cdfinger_config_interrupt 0xe1, mode = [1]
10-27 18:02:58.188  1348  1378 D cdfingerTA: CFP_NZ: FP_REQUEST_SETMODE [1] ret[0]
10-27 18:02:58.189  1348  1378 D cdfinger: timeout_gap:300, check_gap:10
10-27 18:02:58.189  1348  1378 D cdfinger: sem_wait : (0)
10-27 18:02:58.192 23828 23828 V Activity: mLastPackageName-com.ss.android.ugc.aweme.splash.SplashActivity
10-27 18:02:58.209  1348  1348 D cdfinger: SIGIO signal FINGERDOWN received!
10-27 18:02:58.210  1348  1378 D cdfinger: sem_waited : (0)
10-27 18:02:58.213  1348  1378 D cdfinger: device_waitForFinger ret = 0
10-27 18:02:58.213  1348  1378 D cdfinger: EventProcessThread case status:13
10-27 18:02:58.213  1348  1378 D cdfinger: Enter Switch Status, mCurStatus = 13
10-27 18:02:58.213  1348  1378 D cdfinger: mCurStatus = 13 , nextStatus = 14
10-27 18:02:58.234 23828 23828 D PureDisplay: package-com.zhiliaoapp.musically DYNAMIC_ORIGINAL_MODE open
10-27 18:02:58.236  1348  1378 D cdfingerTA: CFP_NZ: FP_REQUEST_DETECT_FINGER [2]
10-27 18:02:58.236  1348  1378 D cdfingerTA: configAGC agc = 0xeb, spend 3 ms, ret = 0
10-27 18:02:58.236  1348  1378 D cdfingerTA: cfp_devCheckFinger isNaviFingerDown fingerRet = 0 133 134 134 0 112 F_BkDiffE=18 F_BkE=89 2
10-27 18:02:58.236  1348  1378 D cdfingerTA: cfp_calibrateKeyTrigger=0xe1 1
10-27 18:02:58.236  1348  1378 D cdfingerTA: close move check, nConFlag 2, interFlag 0
10-27 18:02:58.236  1348  1378 D cdfingerTA: CFP_NZ: FP_REQUEST_DETECT_FINGER, result = 128
10-27 18:02:58.236  1348  1378 D cdfinger: Enter Switch Status, mCurStatus = 14
10-27 18:02:58.236  1348  1378 D cdfinger: mCurStatus = 14 , nextStatus = 13
10-27 18:02:58.236  1348  1378 D cdfinger: REPORT_KEY: not finger or read image fail
10-27 18:02:58.236  1348  1378 D cdfinger: EventProcessThread end,then check status 13 and global status 1
10-27 18:02:58.237  1348  1378 D cdfinger: EventProcessThread wait hal_Down! status:13
10-27 18:02:58.237  1348  1378 D cdfinger: fingerprint wait for finger .
10-27 18:02:58.237  1348  1378 D cdfinger: device_waitForFinger enter
10-27 18:02:58.238  6759  6759 D PureDisplay: PureDisplayModeChangeReceiver,hdrMode=1
10-27 18:02:58.240  1618  2956 D CompatibilityChangeReporter: Compat change id reported: 136274596; UID 10175; state: ENABLED
10-27 18:02:58.241  6759  6759 I android_os_HwBinder: HwBinder: Starting thread pool for getting: vendor.pixelworks.hardware.display@1.0::IIris/default
10-27 18:02:58.242   872   872 I IrisService: irisConfigureSet(258, 1, 1)
10-27 18:02:58.242  6759  6759 D PureDisplay: --setIrisDisplayHdrMode- mode =1--result = 0
10-27 18:02:58.242  6759  6759 D PureDisplay: PureDisplayModeChangeReceiver,pureDisplayMode=1
10-27 18:02:58.243  6759  6759 D PureDisplay: isDeviceProvisioned=true
10-27 18:02:58.244  1618  2956 D CompatibilityInfo: mCompatibilityFlags - 0
10-27 18:02:58.244  1618  2956 D CompatibilityInfo: applicationDensity - 420
10-27 18:02:58.244  1618  2956 D CompatibilityInfo: applicationScale - 1.0
10-27 18:02:58.244  1348  1378 D cdfinger: get screen status = 1, mode = 1
10-27 18:02:58.245  6759  6759 D PureDisplay: isUserSetuped=true
10-27 18:02:58.245  1348  1378 D cdfinger: gotoCheckIrq no need check.
10-27 18:02:58.245  6759  6759 D PureDisplay: setOriginalModeEnable()
10-27 18:02:58.246  2556  3244 I BtGatt.ScanManager: msg.what = 6
10-27 18:02:58.247  6759  6759 I android_os_HwBinder: HwBinder: Starting thread pool for getting: vendor.pixelworks.hardware.display@1.0::IIris/default
10-27 18:02:58.250   872   872 I IrisService: irisConfigureSet(0, 1, 0)
10-27 18:02:58.256  1348  1378 D cdfingerTA: CFP_NZ: FP_REQUEST_SETMODE, ChipID = 0X88
10-27 18:02:58.256  1348  1378 D cdfingerTA: cdfinger_config_interrupt 0xe1, mode = [1]
10-27 18:02:58.256  1348  1378 D cdfingerTA: CFP_NZ: FP_REQUEST_SETMODE [1] ret[0]
10-27 18:02:58.256  1348  1378 D cdfinger: timeout_gap:300, check_gap:10
10-27 18:02:58.257  1348  1378 D cdfinger: sem_wait : (0)
10-27 18:02:58.266  6759  6759 I android_os_HwBinder: HwBinder: Starting thread pool for getting: vendor.pixelworks.hardware.display@1.0::IIris/default
10-27 18:02:58.266   872   872 I IrisService: irisConfigureSet(41, 1, 0)
10-27 18:02:58.268  6759  6759 I android_os_HwBinder: HwBinder: Starting thread pool for getting: vendor.pixelworks.hardware.display@1.0::IIris/default
10-27 18:02:58.269   872   961 I IrisService: irisConfigureSet(42, 1, 0)
10-27 18:02:58.271  6759  6759 I android_os_HwBinder: HwBinder: Starting thread pool for getting: vendor.pixelworks.hardware.display@1.0::IIris/default
10-27 18:02:58.271   872   961 I IrisService: irisConfigureSet(40, 1, 0)
10-27 18:02:58.278  1348  1348 D cdfinger: SIGIO signal FINGERDOWN received!
10-27 18:02:58.279  1348  1378 D cdfinger: sem_waited : (0)
10-27 18:02:58.282  1348  1378 D cdfinger: device_waitForFinger ret = 0
10-27 18:02:58.282  1348  1378 D cdfinger: EventProcessThread case status:13
10-27 18:02:58.282  1348  1378 D cdfinger: Enter Switch Status, mCurStatus = 13
10-27 18:02:58.282  1348  1378 D cdfinger: mCurStatus = 13 , nextStatus = 14
10-27 18:02:58.282  6759  6759 I android_os_HwBinder: HwBinder: Starting thread pool for getting: vendor.pixelworks.hardware.display@1.0::IIris/default
10-27 18:02:58.282   872   961 I IrisService: irisConfigureSet(36, 1, 0)
10-27 18:02:58.298  6759  6759 D PureDisplay: getWhiteBalanceAutoMode()0
10-27 18:02:58.301  6759  6759 I android_os_HwBinder: HwBinder: Starting thread pool for getting: vendor.pixelworks.hardware.display@1.0::IIris/default
10-27 18:02:58.302   872   872 I IrisService: irisConfigureSet(39, 1, 1)
10-27 18:02:58.303  1348  1378 D cdfingerTA: CFP_NZ: FP_REQUEST_DETECT_FINGER [2]
10-27 18:02:58.303  1348  1378 D cdfingerTA: configAGC agc = 0xeb, spend 3 ms, ret = 0
10-27 18:02:58.303  1348  1378 D cdfingerTA: cfp_devCheckFinger isNaviFingerDown fingerRet = 0 134 134 134 0 112 F_BkDiffE=20 F_BkE=89 2
10-27 18:02:58.303  1348  1378 D cdfingerTA: cfp_calibrateKeyTrigger=0xe1 2
10-27 18:02:58.303  1348  1378 D cdfingerTA: close move check, nConFlag 2, interFlag 0
10-27 18:02:58.303  1348  1378 D cdfingerTA: CFP_NZ: FP_REQUEST_DETECT_FINGER, result = 128
10-27 18:02:58.303  1348  1378 D cdfinger: Enter Switch Status, mCurStatus = 14
10-27 18:02:58.303  1348  1378 D cdfinger: mCurStatus = 14 , nextStatus = 13
10-27 18:02:58.303  1348  1378 D cdfinger: REPORT_KEY: not finger or read image fail
10-27 18:02:58.303  1348  1378 D cdfinger: EventProcessThread end,then check status 13 and global status 1
10-27 18:02:58.304  1348  1378 D cdfinger: EventProcessThread wait hal_Down! status:13
10-27 18:02:58.304  1348  1378 D cdfinger: fingerprint wait for finger .
10-27 18:02:58.304  1348  1378 D cdfinger: device_waitForFinger enter
10-27 18:02:58.311  1348  1378 D cdfinger: get screen status = 1, mode = 1
10-27 18:02:58.311  1348  1378 D cdfinger: gotoCheckIrq no need check.
10-27 18:02:58.315  6759  6759 I android_os_HwBinder: HwBinder: Starting thread pool for getting: vendor.pixelworks.hardware.display@1.0::IIris/default
10-27 18:02:58.315   872   872 I IrisService: irisConfigureSet(264, 1, 0)
10-27 18:02:58.316  6759  6759 D PureDisplay: PureDisplayModeChangeReceiver,lastclass=com.ss.android.ugc.aweme.splash.SplashActivity
10-27 18:02:58.318  6759  6759 D PureDisplay: PureDisplayModeChangeReceiver,lastpackage=com.zhiliaoapp.musically
10-27 18:02:58.319  6759  6759 D PureDisplay: PureDisplayModeChangeReceiver,lastpackage_resume=1
10-27 18:02:58.322  1348  1378 D cdfingerTA: CFP_NZ: FP_REQUEST_SETMODE, ChipID = 0X88
10-27 18:02:58.322  1348  1378 D cdfingerTA: cdfinger_config_interrupt 0xe1, mode = [1]
10-27 18:02:58.322  1348  1378 D cdfingerTA: CFP_NZ: FP_REQUEST_SETMODE [1] ret[0]
10-27 18:02:58.322  1348  1378 D cdfinger: timeout_gap:300, check_gap:10
10-27 18:02:58.322  1348  1378 D cdfinger: sem_wait : (0)
10-27 18:02:58.344  1348  1348 D cdfinger: SIGIO signal FINGERDOWN received!
10-27 18:02:58.344  1348  1378 D cdfinger: sem_waited : (0)
10-27 18:02:58.347  1348  1378 D cdfinger: device_waitForFinger ret = 0
10-27 18:02:58.347  1348  1378 D cdfinger: EventProcessThread case status:13
10-27 18:02:58.347  1348  1378 D cdfinger: Enter Switch Status, mCurStatus = 13
10-27 18:02:58.347  1348  1378 D cdfinger: mCurStatus = 13 , nextStatus = 14
10-27 18:02:58.369  1348  1378 D cdfingerTA: CFP_NZ: FP_REQUEST_DETECT_FINGER [2]
10-27 18:02:58.369  1348  1378 D cdfingerTA: configAGC agc = 0xeb, spend 3 ms, ret = 0
10-27 18:02:58.369  1348  1378 D cdfingerTA: cfp_devCheckFinger isNaviFingerDown fingerRet = 0 134 134 134 0 112 F_BkDiffE=17 F_BkE=89 2
10-27 18:02:58.369  1348  1378 D cdfingerTA: cfp_calibrateKeyTrigger=0xdd 0
10-27 18:02:58.369  1348  1378 D cdfingerTA: close move check, nConFlag 2, interFlag 0
10-27 18:02:58.369  1348  1378 D cdfingerTA: CFP_NZ: FP_REQUEST_DETECT_FINGER, result = 128
10-27 18:02:58.369  1348  1378 D cdfinger: Enter Switch Status, mCurStatus = 14
10-27 18:02:58.369  1348  1378 D cdfinger: mCurStatus = 14 , nextStatus = 13
10-27 18:02:58.369  1348  1378 D cdfinger: REPORT_KEY: not finger or read image fail
10-27 18:02:58.369  1348  1378 D cdfinger: EventProcessThread end,then check status 13 and global status 1
10-27 18:02:58.370  1348  1378 D cdfinger: EventProcessThread wait hal_Down! status:13
10-27 18:02:58.370  1348  1378 D cdfinger: fingerprint wait for finger .
10-27 18:02:58.370  1348  1378 D cdfinger: device_waitForFinger enter
10-27 18:02:58.379  1348  1378 D cdfinger: get screen status = 1, mode = 1
10-27 18:02:58.379  1348  1378 D cdfinger: gotoCheckIrq no need check.
10-27 18:02:58.391  1348  1378 D cdfingerTA: CFP_NZ: FP_REQUEST_SETMODE, ChipID = 0X88
10-27 18:02:58.391  1348  1378 D cdfingerTA: cdfinger_config_interrupt 0xdd, mode = [1]
10-27 18:02:58.391  1348  1378 D cdfingerTA: CFP_NZ: FP_REQUEST_SETMODE [1] ret[0]
10-27 18:02:58.391  1348  1378 D cdfinger: timeout_gap:300, check_gap:10
10-27 18:02:58.392  1348  1378 D cdfinger: sem_wait : (0)
10-27 18:02:58.413  1348  1348 D cdfinger: SIGIO signal FINGERDOWN received!
10-27 18:02:58.413  1348  1378 D cdfinger: sem_waited : (0)
10-27 18:02:58.416  1348  1378 D cdfinger: device_waitForFinger ret = 0
10-27 18:02:58.416  1348  1378 D cdfinger: EventProcessThread case status:13
10-27 18:02:58.416  1348  1378 D cdfinger: Enter Switch Status, mCurStatus = 13
10-27 18:02:58.416  1348  1378 D cdfinger: mCurStatus = 13 , nextStatus = 14
10-27 18:02:58.441  1348  1378 D cdfingerTA: CFP_NZ: FP_REQUEST_DETECT_FINGER [2]
10-27 18:02:58.441  1348  1378 D cdfingerTA: configAGC agc = 0xeb, spend 3 ms, ret = 0
10-27 18:02:58.441  1348  1378 D cdfingerTA: cfp_devCheckFinger isNaviFingerDown fingerRet = 0 133 134 134 0 112 F_BkDiffE=21 F_BkE=89 2
10-27 18:02:58.441  1348  1378 D cdfingerTA: cfp_calibrateKeyTrigger=0xdd 1
10-27 18:02:58.441  1348  1378 D cdfingerTA: close move check, nConFlag 2, interFlag 0
10-27 18:02:58.441  1348  1378 D cdfingerTA: CFP_NZ: FP_REQUEST_DETECT_FINGER, result = 128
10-27 18:02:58.441  1348  1378 D cdfinger: Enter Switch Status, mCurStatus = 14
10-27 18:02:58.441  1348  1378 D cdfinger: mCurStatus = 14 , nextStatus = 13
10-27 18:02:58.441  1348  1378 D cdfinger: REPORT_KEY: not finger or read image fail
10-27 18:02:58.441  1348  1378 D cdfinger: EventProcessThread end,then check status 13 and global status 1
10-27 18:02:58.442  1348  1378 D cdfinger: EventProcessThread wait hal_Down! status:13
10-27 18:02:58.442  1348  1378 D cdfinger: fingerprint wait for finger .
10-27 18:02:58.442  1348  1378 D cdfinger: device_waitForFinger enter
10-27 18:02:58.451  1348  1378 D cdfinger: get screen status = 1, mode = 1
10-27 18:02:58.451  1348  1378 D cdfinger: gotoCheckIrq no need check.
10-27 18:02:58.455 23828 23844 W System  : A resource failed to call close. 
10-27 18:02:58.464  1348  1378 D cdfingerTA: CFP_NZ: FP_REQUEST_SETMODE, ChipID = 0X88
10-27 18:02:58.464  1348  1378 D cdfingerTA: cdfinger_config_interrupt 0xdd, mode = [1]
10-27 18:02:58.464  1348  1378 D cdfingerTA: CFP_NZ: FP_REQUEST_SETMODE [1] ret[0]
10-27 18:02:58.464  1348  1378 D cdfinger: timeout_gap:300, check_gap:10
10-27 18:02:58.464  1348  1378 D cdfinger: sem_wait : (0)
10-27 18:02:58.465 23828 24083 E aoapp.musicall: No implementation found for java.lang.String com.bef.effectsdk.EffectSDKUtils.nativeGetSdkVersion() (tried Java_com_bef_effectsdk_EffectSDKUtils_nativeGetSdkVersion and Java_com_bef_effectsdk_EffectSDKUtils_nativeGetSdkVersion__)
10-27 18:02:58.482 23828 23841 I aoapp.musicall: Compiler allocated 4214KB to compile long X.4cz.LIZ(X.4dI, X.4dI, org.json.JSONObject, boolean, long[], java.lang.String[], java.util.List, boolean, org.json.JSONObject)
10-27 18:02:58.486  1348  1348 D cdfinger: SIGIO signal FINGERDOWN received!
10-27 18:02:58.486  1348  1378 D cdfinger: sem_waited : (0)
10-27 18:02:58.490  1348  1378 D cdfinger: device_waitForFinger ret = 0
10-27 18:02:58.490  1348  1378 D cdfinger: EventProcessThread case status:13
10-27 18:02:58.490  1348  1378 D cdfinger: Enter Switch Status, mCurStatus = 13
10-27 18:02:58.490  1348  1378 D cdfinger: mCurStatus = 13 , nextStatus = 14
10-27 18:02:58.512  1348  1378 D cdfingerTA: CFP_NZ: FP_REQUEST_DETECT_FINGER [2]
10-27 18:02:58.512  1348  1378 D cdfingerTA: configAGC agc = 0xeb, spend 3 ms, ret = 0
10-27 18:02:58.512  1348  1378 D cdfingerTA: cfp_devCheckFinger isNaviFingerDown fingerRet = 0 133 134 134 0 112 F_BkDiffE=21 F_BkE=89 2
10-27 18:02:58.512  1348  1378 D cdfingerTA: cfp_calibrateKeyTrigger=0xdd 2
10-27 18:02:58.512  1348  1378 D cdfingerTA: close move check, nConFlag 2, interFlag 0
10-27 18:02:58.512  1348  1378 D cdfingerTA: CFP_NZ: FP_REQUEST_DETECT_FINGER, result = 128
10-27 18:02:58.512  1348  1378 D cdfinger: Enter Switch Status, mCurStatus = 14
10-27 18:02:58.512  1348  1378 D cdfinger: mCurStatus = 14 , nextStatus = 13
10-27 18:02:58.512  1348  1378 D cdfinger: REPORT_KEY: not finger or read image fail
