10-27 18:03:14.973  3124  5416 W ProcStatsManager: No process com.google.android.videos/10009 for service androidx.work.impl.background.systemjob.SystemJobService
10-27 18:03:14.973  3124  5416 W ProcStatsManager: No process com.google.android.apps.photos/10110 for service com.google.android.libraries.notifications.entrypoints.scheduled.ScheduledTaskService
10-27 18:03:14.973  3124  5416 W ProcStatsManager: No process com.google.android.apps.photos/10110 for service com.google.android.apps.photos.dbprocessor.impl.DatabaseProcessorJobService
10-27 18:03:14.973  3124  5416 W ProcStatsManager: No process com.google.android.apps.photos/10110 for service com.google.android.apps.photos.jobqueue.PhotosJobQueueJobsService
10-27 18:03:14.974  3124  5416 W ProcStatsManager: No process com.google.android.apps.photos/10110 for service com.google.android.libraries.social.async.BackgroundTaskJobService
10-27 18:03:14.974  3124  5416 W ProcStatsManager: No process com.google.android.apps.photos/10110 for service com.google.android.apps.photos.account.full.SyncAccountsForLoginService
10-27 18:03:14.974  3124  5416 W ProcStatsManager: No process com.google.android.apps.photos/10110 for service com.google.android.apps.photos.backup.apiservice.PhotosBackupApiService
10-27 18:03:14.974  3124  5416 W ProcStatsManager: No process com.google.android.apps.photos/10110 for service com.google.android.apps.photos.jobqueue.PhotosOfflineJobQueueJobsService
10-27 18:03:14.974  3124  5416 W ProcStatsManager: No process com.google.android.apps.photos/10110 for service com.google.android.libraries.social.mediamonitor.MediaMonitorJobSchedulerService
10-27 18:03:14.974  3124  5416 W ProcStatsManager: No process com.google.android.apps.photos/10110 for service androidx.work.impl.background.systemjob.SystemJobService
10-27 18:03:14.974  3124  5416 W ProcStatsManager: No process com.hmdglobal.support/10027 for service androidx.work.impl.background.systemjob.SystemJobService
10-27 18:03:14.974  3124  5416 W ProcStatsManager: No process com.google.android.projection.gearhead:shared/10164 for service com.google.android.gearhead.service.SharedService
10-27 18:03:14.974  3124  5416 W ProcStatsManager: No process com.google.android.projection.gearhead:shared/10164 for service com.google.android.apps.auto.components.app.fzero.LauncherIconStateVerificationService
10-27 18:03:14.974  3124  5416 W ProcStatsManager: No process com.google.android.projection.gearhead:car/10164 for service com.google.android.apps.auto.carservice.service.impl.GearheadCarStartupService
10-27 18:03:14.974  3124  5416 W ProcStatsManager: No process com.google.android.apps.turbo:aab/10015 for service com.google.android.libraries.smartbattery.common.phenotype.UpdatePhenotypeFlagsJob
10-27 18:03:14.974  3124  5416 W ProcStatsManager: No process com.google.android.apps.turbo:aab/10015 for service com.google.android.libraries.smartbattery.appusage.library.InferAppBucketsJob
10-27 18:03:14.974  3124  5416 W ProcStatsManager: No process com.qualcomm.location.XT/10220 for service com.qualcomm.location.XT.XTSrv
10-27 18:03:14.974  3124  5416 W ProcStatsManager: No process com.hmdglobal.app.omacp/1001 for service com.hmdglobal.app.omacp.message.OmacpReceiverService
10-27 18:03:14.974  3124  5416 W ProcStatsManager: No process com.google.android.apps.youtube.music/10008 for service androidx.work.impl.background.systemjob.SystemJobService
10-27 18:03:14.974  3124  5416 W ProcStatsManager: No process com.google.android.cellbroadcastreceiver/10228 for service com.android.cellbroadcastreceiver.CellBroadcastConfigService
10-27 18:03:14.975  3124  5416 W ProcStatsManager: No process com.google.android.apps.magazines/10021 for service com.google.apps.dots.android.newsstand.service.BriefingJobService
10-27 18:03:14.976  5144  5144 I GoogleInputMethodService: GoogleInputMethodService.onFinishInput():3316 
10-27 18:03:14.978  5144  5144 I GoogleInputMethodService: GoogleInputMethodService.updateDeviceLockedStatus():2181 checkRepeatedly = false, unlocked = true
10-27 18:03:14.978  5144  5144 I GoogleInputMethodService: GoogleInputMethodService.onStartInput():1989 
10-27 18:03:14.979  5144  5144 I GoogleInputMethodService: GoogleInputMethodService.updateDeviceLockedStatus():2181 checkRepeatedly = true, unlocked = true
10-27 18:03:15.010  1235  3200 I OMX-VDEC-1080P: omx_vdec::component_deinit() complete
10-27 18:03:15.013  1235  3200 I OMX-VDEC-1080P: Exit OMX vdec Destructor: fd=7
10-27 18:03:15.192   878  2264 E android.hardware.usb@1.0-service: uevent received SUBSYSTEM=dual_role_usb
10-27 18:03:15.192   878  2264 I android.hardware.usb@1.0-service: otg_default
10-27 18:03:15.193   878  2264 I android.hardware.usb@1.0-service: canChangeMode: 1 canChagedata: 0 canChangePower:0
10-27 18:03:15.194  1618  1786 I UsbPortManager: ClientCallback V1_0: otg_default
10-27 18:03:15.195  1618  1768 I UsbPortManager: USB port changed: port=UsbPort{id=otg_default, supportedModes=dualsupportedContaminantProtectionModes=0supportsEnableContaminantPresenceProtection=falsesupportsEnableContaminantPresenceDetection=false, status=UsbPortStatus{connected=true, currentMode=ufp, currentPowerRole=sink, currentDataRole=device, supportedRoleCombinations=[source:host, sink:device], contaminantDetectionStatus=0, contaminantProtectionStatus=0}, canChangeMode=true, canChangePowerRole=false, canChangeDataRole=false, connectedAtMillis=2032725, lastConnectDurationMillis=0
10-27 18:03:15.560 24880 25152 W AMessage: failed to deliver message as target handler 1 is gone.
10-27 18:03:15.588  1618  1768 D UsbDeviceManager: push notification:Charging this device via USB
10-27 18:03:15.596  1618  1788 D CompatibilityInfo: mCompatibilityFlags - 0
10-27 18:03:15.596  1618  1788 D CompatibilityInfo: applicationDensity - 420
10-27 18:03:15.596  1618  1788 D CompatibilityInfo: applicationScale - 1.0
10-27 18:03:15.598  1618  2885 D CompatibilityInfo: mCompatibilityFlags - 0
10-27 18:03:15.598  1618  2885 D CompatibilityInfo: applicationDensity - 420
10-27 18:03:15.598  1618  2885 D CompatibilityInfo: applicationScale - 1.0
10-27 18:03:15.612  1618  2885 D CompatibilityInfo: mCompatibilityFlags - 0
10-27 18:03:15.612  1618  2885 D CompatibilityInfo: applicationDensity - 420
10-27 18:03:15.612  1618  2885 D CompatibilityInfo: applicationScale - 1.0
10-27 18:03:15.697  1618  1788 D CompatibilityInfo: mCompatibilityFlags - 0
10-27 18:03:15.697  1618  1788 D CompatibilityInfo: applicationDensity - 420
10-27 18:03:15.697  1618  1788 D CompatibilityInfo: applicationScale - 1.0
10-27 18:03:15.706  1618  7012 D CompatibilityInfo: mCompatibilityFlags - 0
10-27 18:03:15.706  1618  7012 D CompatibilityInfo: applicationDensity - 420
10-27 18:03:15.706  1618  7012 D CompatibilityInfo: applicationScale - 1.0
10-27 18:03:15.709  1618  3876 D CompatibilityInfo: mCompatibilityFlags - 0
10-27 18:03:15.709  1618  3876 D CompatibilityInfo: applicationDensity - 420
10-27 18:03:15.709  1618  3876 D CompatibilityInfo: applicationScale - 1.0
10-27 18:03:15.721  4719  4719 D MtpService: starting MTP server in MTP mode with storage /storage/emulated/0 as user 0
10-27 18:03:15.725  4719  4719 I MtpService: Couldn't get control FD!
10-27 18:03:15.727  1618  2885 D CompatibilityInfo: mCompatibilityFlags - 0
10-27 18:03:15.727  1618  2885 D CompatibilityInfo: applicationDensity - 420
10-27 18:03:15.727  1618  2885 D CompatibilityInfo: applicationScale - 1.0
10-27 18:03:15.779  2556  2556 D Avrcp_ext: AvrcpServiceBroadcastReceiver-> Action: android.intent.action.PACKAGE_CHANGED
10-27 18:03:15.779  2556  2556 D Avrcp_ext: AvrcpServiceBroadcastReceiver-> packageName: com.android.settings
10-27 18:03:15.779  2556  2556 D Avrcp_ext: packageName: com.android.settings removed: false
10-27 18:03:15.782  2556  2556 D Avrcp_ext: isBrowsableListUpdated: browsable list size mismatch, true
10-27 18:03:15.782  2556  2556 D Avrcp_ext: buildBrowsablePlayerList 
10-27 18:03:15.785  2556  2556 V Avrcp_ext: getMediaPlayerInfo: Found com.google.android.youtube
10-27 18:03:15.786  2556  2556 V Avrcp_ext: isBrowseSupported for com.google.android.youtube: false
10-27 18:03:15.789  2556  2556 D Avrcp_ext: Adding media player info for com.google.android.youtube with id 1
10-27 18:03:15.789  1618  2756 D CompatibilityInfo: mCompatibilityFlags - 0
10-27 18:03:15.789  2556  2556 D Avrcp_ext: update #1:MediaPlayerInfo com.google.android.youtube (as 'YouTube') Type = 1, SubType = 0, Status = 0 Feature Bits [40 41 42 44 45 47 48 58] Controller: null
10-27 18:03:15.789  2556  2556 D Avrcp_ext: Added MediaPlayerController/MediaPlayerPackage
10-27 18:03:15.789  1618  2756 D CompatibilityInfo: applicationDensity - 420
10-27 18:03:15.789  2556  2556 D Avrcp_ext: Fetch the displayName of package - start
10-27 18:03:15.789  1618  2756 D CompatibilityInfo: applicationScale - 1.0
10-27 18:03:15.789  2556  2556 D Avrcp_ext: Fetch the displayName of package -YouTube Music end
10-27 18:03:15.790  2556  2556 D Avrcp_ext: svc com.google.android.apps.youtube.music.mediabrowser.MusicBrowserService pkg com.google.android.apps.youtube.music
10-27 18:03:15.790  2556  2556 V Avrcp_ext: getMediaPlayerInfo: Found com.google.android.apps.youtube.music
10-27 18:03:15.790  2556  2556 V Avrcp_ext: isBrowseSupported for com.google.android.apps.youtube.music: true
10-27 18:03:15.791  2556  2556 D Avrcp_ext: Adding media player info for com.google.android.apps.youtube.music with id 2
10-27 18:03:15.791  2556  2556 D Avrcp_ext: update #2:MediaPlayerInfo com.google.android.apps.youtube.music (as 'YouTube Music') Type = 1, SubType = 0, Status = 0 Feature Bits [40 41 42 44 45 47 48 58 59 62 65 67 68] Controller: null
10-27 18:03:15.791  2556  2556 D Avrcp_ext: Added MediaPlayerController/MediaPlayerPackage
10-27 18:03:15.791  2556  2556 V Avrcp_ext: getMediaPlayerInfo: Found com.spotify.music
10-27 18:03:15.791  2556  2556 V Avrcp_ext: isBrowseSupported for com.spotify.music: false
10-27 18:03:15.794  2556  2556 D Avrcp_ext: Adding media player info for com.spotify.music with id 3
10-27 18:03:15.794  2556  2556 D Avrcp_ext: update #3:MediaPlayerInfo com.spotify.music (as 'Spotify') Type = 1, SubType = 0, Status = 0 Feature Bits [40 41 42 44 45 47 48 58] Controller: null
10-27 18:03:15.794  2556  2556 D Avrcp_ext: Added MediaPlayerController/MediaPlayerPackage
10-27 18:03:15.794  2556  2556 V Avrcp_ext: getMediaPlayerInfo: Found com.zhiliaoapp.musically
10-27 18:03:15.794  2556  2556 V Avrcp_ext: isBrowseSupported for com.zhiliaoapp.musically: false
10-27 18:03:15.795  2556  2556 D Avrcp_ext: Adding media player info for com.zhiliaoapp.musically with id 4
10-27 18:03:15.795  2556  2556 D Avrcp_ext: update #4:MediaPlayerInfo com.zhiliaoapp.musically (as 'TikTok') Type = 1, SubType = 0, Status = 0 Feature Bits [40 41 42 44 45 47 48 58] Controller: null
10-27 18:03:15.795  2556  2556 D Avrcp_ext: Added MediaPlayerController/MediaPlayerPackage
10-27 18:03:15.795  2556  2556 V Avrcp_ext: getMediaPlayerInfo: Found com.zhiliaoapp.musically
10-27 18:03:15.795  2556  2556 V Avrcp_ext: isBrowseSupported for com.zhiliaoapp.musically: false
10-27 18:03:15.801  2556  2556 D Avrcp_ext: Adding media player info for com.zhiliaoapp.musically with id 4
10-27 18:03:15.801  2556  2556 D Avrcp_ext: update #4:MediaPlayerInfo com.zhiliaoapp.musically (as 'TikTok') Type = 1, SubType = 0, Status = 0 Feature Bits [40 41 42 44 45 47 48 58] Controller: null
10-27 18:03:15.801  2556  2556 D Avrcp_ext: Added MediaPlayerController/MediaPlayerPackage
10-27 18:03:15.801  2556  2556 V Avrcp_ext: updateCurrentMediaState: mMediaController: null
10-27 18:03:15.802  2556  2556 V Avrcp_ext: isMusicActive: false getBluetoothPlayState: 2
10-27 18:03:15.802  2556  2556 V Avrcp_ext: updateCurrentMediaState: isPlaying = false
10-27 18:03:15.802  2556  2556 V Avrcp_ext: Media update: id -1-1? [MediaAttributes: none] : [MediaAttributes: none]
10-27 18:03:15.802  2556  2556 D Avrcp_ext: isPackageNameValid: browsedPackage = isValid = false
10-27 18:03:15.802  2556  2556 V Avrcp_ext: newPlayStatus:2mReportedPlayStatus:-1
10-27 18:03:15.802  2556  2556 V Avrcp_ext: updatePlaybackState, state: PlaybackState {state=2, position=-1, buffered position=0, speed=0.0, updated=2033332, actions=0, custom actions=[], active item id=-1, error=null} device: null
10-27 18:03:15.802  2556  2556 V Avrcp_ext: Device: no name: 
10-27 18:03:15.802  2556  2556 I chatty  : uid=1002(bluetooth) com.android.bluetooth identical 3 lines
10-27 18:03:15.802  2556  2556 V Avrcp_ext: Device: no name: 
10-27 18:03:15.802  2556  2556 V Avrcp_ext: updatePlayerStateAndPosition, old=PlaybackState {state=2, position=-1, buffered position=0, speed=0.0, updated=2032355, actions=0, custom actions=[], active item id=-1, error=null}, state=PlaybackState {state=2, position=-1, buffered position=0, speed=0.0, updated=2033332, actions=0, custom actions=[], active item id=-1, error=null}
10-27 18:03:15.802  2556  2556 V Avrcp_ext: old state = PlaybackState {state=2, position=-1, buffered position=0, speed=0.0, updated=2032355, actions=0, custom actions=[], active item id=-1, error=null}, new state= PlaybackState {state=2, position=-1, buffered position=0, speed=0.0, updated=2033332, actions=0, custom actions=[], active item id=-1, error=null}
10-27 18:03:15.802  2556  2556 D HeadsetService: getHeadsetService(): returning com.android.bluetooth.hfp.HeadsetService@b0170e7
10-27 18:03:15.803  2556  2556 D HeadsetService:  isAudioOn: The number of audio connected devices 0
10-27 18:03:15.803  2556  2556 D HeadsetService: isScoOrCallActive(): Call Active:falseCall is Ringing:falseSCO is Active:false
10-27 18:03:15.804  2556  2556 D HeadsetService:  isAudioOn: The number of audio connected devices 0
10-27 18:03:15.804  2556  2556 I Avrcp_ext: updatePlayStatusForDevice: device: null
10-27 18:03:15.804  2556  2556 V Avrcp_ext: updatePlaybackState (1): old=PlaybackState {state=2, position=-1, buffered position=0, speed=0.0, updated=2032355, actions=0, custom actions=[], active item id=-1, error=null}(2), new=PlaybackState {state=2, position=-1, buffered position=0, speed=0.0, updated=2033332, actions=0, custom actions=[], active item id=-1, error=null}(2)
10-27 18:03:15.804  2556  2556 I Avrcp_ext: Exit updatePlayStatusForDevice
10-27 18:03:15.805  2556  2556 D HeadsetService:  isAudioOn: The number of audio connected devices 0
10-27 18:03:15.805  2556  2556 D HeadsetService: isScoOrCallActive(): Call Active:falseCall is Ringing:falseSCO is Active:false
10-27 18:03:15.805  2556  2556 D HeadsetService:  isAudioOn: The number of audio connected devices 0
10-27 18:03:15.805  2556  2556 I Avrcp_ext: updatePlayStatusForDevice: device: null
10-27 18:03:15.805  2556  2556 V Avrcp_ext: updatePlaybackState (1): old=PlaybackState {state=2, position=-1, buffered position=0, speed=0.0, updated=2032355, actions=0, custom actions=[], active item id=-1, error=null}(2), new=PlaybackState {state=2, position=-1, buffered position=0, speed=0.0, updated=2033332, actions=0, custom actions=[], active item id=-1, error=null}(2)
10-27 18:03:15.805  2556  2556 I Avrcp_ext: Exit updatePlayStatusForDevice
10-27 18:03:15.805  2556  2556 D HeadsetService:  isAudioOn: The number of audio connected devices 0
10-27 18:03:15.805  2556  2556 D HeadsetService: isScoOrCallActive(): Call Active:falseCall is Ringing:falseSCO is Active:false
10-27 18:03:15.806  2556  2556 D HeadsetService:  isAudioOn: The number of audio connected devices 0
10-27 18:03:15.806  2556  2556 I Avrcp_ext: updatePlayStatusForDevice: device: null
10-27 18:03:15.806  2556  2556 V Avrcp_ext: updatePlaybackState (1): old=PlaybackState {state=2, position=-1, buffered position=0, speed=0.0, updated=2032355, actions=0, custom actions=[], active item id=-1, error=null}(2), new=PlaybackState {state=2, position=-1, buffered position=0, speed=0.0, updated=2033332, actions=0, custom actions=[], active item id=-1, error=null}(2)
10-27 18:03:15.806  2556  2556 I Avrcp_ext: Exit updatePlayStatusForDevice
10-27 18:03:15.806  2556  2556 D HeadsetService:  isAudioOn: The number of audio connected devices 0
10-27 18:03:15.806  2556  2556 D HeadsetService: isScoOrCallActive(): Call Active:falseCall is Ringing:falseSCO is Active:false
10-27 18:03:15.806  2556  2556 D HeadsetService:  isAudioOn: The number of audio connected devices 0
10-27 18:03:15.806  2556  2556 I Avrcp_ext: updatePlayStatusForDevice: device: null
10-27 18:03:15.806  2556  2556 V Avrcp_ext: updatePlaybackState (1): old=PlaybackState {state=2, position=-1, buffered position=0, speed=0.0, updated=2032355, actions=0, custom actions=[], active item id=-1, error=null}(2), new=PlaybackState {state=2, position=-1, buffered position=0, speed=0.0, updated=2033332, actions=0, custom actions=[], active item id=-1, error=null}(2)
10-27 18:03:15.806  2556  2556 I Avrcp_ext: Exit updatePlayStatusForDevice
10-27 18:03:15.807  2556  2556 D HeadsetService:  isAudioOn: The number of audio connected devices 0
10-27 18:03:15.807  2556  2556 D HeadsetService: isScoOrCallActive(): Call Active:falseCall is Ringing:falseSCO is Active:false
10-27 18:03:15.807  2556  2556 D HeadsetService:  isAudioOn: The number of audio connected devices 0
10-27 18:03:15.807  2556  2556 I Avrcp_ext: updatePlayStatusForDevice: device: null
10-27 18:03:15.807  2556  2556 V Avrcp_ext: updatePlaybackState (1): old=PlaybackState {state=2, position=-1, buffered position=0, speed=0.0, updated=2032355, actions=0, custom actions=[], active item id=-1, error=null}(2), new=PlaybackState {state=2, position=-1, buffered position=0, speed=0.0, updated=2033332, actions=0, custom actions=[], active item id=-1, error=null}(2)
10-27 18:03:15.807  2556  2556 I Avrcp_ext: Exit updatePlayStatusForDevice
10-27 18:03:15.807  2556  2556 D Avrcp_ext: Enter sendPlayPosNotificationRsp
10-27 18:03:15.807  2556  2556 D Avrcp_ext: sendPlayPosNotificationRsp: Not registered or requesting.
10-27 18:03:15.807  2556  2556 D Avrcp_ext: Enter sendPlayPosNotificationRsp
10-27 18:03:15.807  2556  2556 D Avrcp_ext: sendPlayPosNotificationRsp: Not registered or requesting.
10-27 18:03:15.807  2556  2556 D Avrcp_ext: Enter sendPlayPosNotificationRsp
10-27 18:03:15.807  2556  2556 D Avrcp_ext: sendPlayPosNotificationRsp: Not registered or requesting.
10-27 18:03:15.807  2556  2556 D Avrcp_ext: Enter sendPlayPosNotificationRsp
10-27 18:03:15.807  2556  2556 D Avrcp_ext: sendPlayPosNotificationRsp: Not registered or requesting.
10-27 18:03:15.807  2556  2556 D Avrcp_ext: Enter sendPlayPosNotificationRsp
10-27 18:03:15.807  2556  2556 D Avrcp_ext: sendPlayPosNotificationRsp: Not registered or requesting.
10-27 18:03:15.807  2556  2556 V Avrcp_ext: Exit updatePlayerStateAndPosition
10-27 18:03:15.807  2556  2556 D Avrcp_ext: Exit handlePackageModified
10-27 18:03:15.820  3840  3840 D RegisteredServicesCache: Others service enabled : ComponentInfo{com.google.android.gms/com.google.android.gms.nearby.mediums.nearfieldcommunication.NfcAdvertisingService}
10-27 18:03:15.820  3840  3840 D RegisteredServicesCache: Others service enabled : ComponentInfo{com.google.android.gms/com.google.android.gms.pay.hce.service.PayHceService}
10-27 18:03:15.820  3840  3840 D RegisteredServicesCache: Others service enabled : ComponentInfo{com.google.android.gms/com.google.android.gms.tapandpay.hce.service.TpHceService}
10-27 18:03:15.821  8266  8332 I Bugle   : BroadcastReceiverAsyncWorkTracker: Acknowledging broadcast of afgi@c86294a
10-27 18:03:15.823  3840  3840 D AidRoutingManager: Default: 0, aid size: 297
10-27 18:03:15.823  3840  3840 D AidRoutingManager: Default: 2, aid size: 0
10-27 18:03:15.823  3840  3840 D AidRoutingManager: Default: 3, aid size: 0
10-27 18:03:15.823  3840  3840 D AidRoutingManager: Default: 0, aid expected size: 0
10-27 18:03:15.823  3840  3840 D AidRoutingManager: Default: 2, aid expected size: 297
10-27 18:03:15.823  3840  3840 D AidRoutingManager: Default: 3, aid expected size: 297
10-27 18:03:15.825   918 10461 D AF::TrackHandle: OpPlayAudio: track:56 usage:3 not muted
10-27 18:03:15.825  1618  1787 E system_server: No package ID 7f found for ID 0x7f08029a.
10-27 18:03:15.825  1618  1787 E system_server: No package ID 7f found for ID 0x7f121538.
10-27 18:03:15.825  1618  1787 E system_server: No package ID 7f found for ID 0x7f080299.
10-27 18:03:15.825  1618  1787 E system_server: No package ID 7f found for ID 0x7f120637.
10-27 18:03:15.825  1618  1787 E system_server: No package ID 7f found for ID 0x7f080298.
10-27 18:03:15.825  1618  1787 E system_server: No package ID 7f found for ID 0x7f120d9d.
10-27 18:03:15.826  1618  9689 D CompatibilityInfo: mCompatibilityFlags - 0
10-27 18:03:15.826  1618  9689 D CompatibilityInfo: applicationDensity - 420
10-27 18:03:15.826  1618  9689 D CompatibilityInfo: applicationScale - 1.0
10-27 18:03:15.831  3840  3840 D RegisteredNfcFServicesCache: Service unchanged, not updating
10-27 18:03:15.833   918 10461 D AF::TrackHandle: OpPlayAudio: track:56 usage:3 not muted
10-27 18:03:15.835  1618  2028 I InputReader: Reconfiguring input devices, changes=KEYBOARD_LAYOUTS | 
10-27 18:03:15.840   918 10461 D AF::TrackHandle: OpPlayAudio: track:56 usage:3 not muted
10-27 18:03:15.844   918 10461 I chatty  : uid=1041(audioserver) Binder:918_6 identical 1 line
10-27 18:03:15.845   918 10461 D AF::TrackHandle: OpPlayAudio: track:56 usage:3 not muted
10-27 18:03:15.856  3109  3109 E PhoneInterfaceManager: [PhoneIntfMgr] getCarrierPackageNamesForIntentAndPhone: No UICC
10-27 18:03:15.856  3109  3109 D CarrierSvcBindHelper: No carrier app for: 0
10-27 18:03:15.856  3109  3109 E PhoneInterfaceManager: [PhoneIntfMgr] getCarrierPackageNamesForIntentAndPhone: No UICC
10-27 18:03:15.856  3109  3109 D CarrierSvcBindHelper: No carrier app for: 1
10-27 18:03:15.856  3434 25225 I Fitness : OnPackageChangedOperation got intent: Intent { act=android.intent.action.PACKAGE_CHANGED dat=package:com.android.settings flg=0x45000010 pkg=com.google.android.gms cmp=com.google.android.gms/.chimera.PersistentIntentOperationService (has extras) } [CONTEXT service_id=17 ]
10-27 18:03:15.857  3109  3109 D ImsResolver: maybeAddedImsService, packageName: com.android.settings
10-27 18:03:15.866  1618  9689 D CompatibilityInfo: mCompatibilityFlags - 0
10-27 18:03:15.866  1618  9689 D CompatibilityInfo: applicationDensity - 420
10-27 18:03:15.866  1618  9689 D CompatibilityInfo: applicationScale - 1.0
10-27 18:03:15.871  3434 25224 I Fitness : FitCleanupIntentOperation received Intent android.intent.action.PACKAGE_CHANGED [CONTEXT service_id=17 ]
10-27 18:03:15.876  1618  2756 D CompatibilityInfo: mCompatibilityFlags - 0
10-27 18:03:15.876  1618  2756 D CompatibilityInfo: applicationDensity - 420
10-27 18:03:15.876  1618  2756 D CompatibilityInfo: applicationScale - 1.0
10-27 18:03:15.885  1618  3496 D CompatibilityInfo: mCompatibilityFlags - 0
10-27 18:03:15.885  1618  3496 D CompatibilityInfo: applicationDensity - 420
10-27 18:03:15.885  1618  3496 D CompatibilityInfo: applicationScale - 1.0
10-27 18:03:15.885  1618  1618 W Looper  : Slow dispatch took 131ms main h=android.app.ActivityThread$H c=android.app.-$$Lambda$LoadedApk$ReceiverDispatcher$Args$_BumDX2UKsnxLVrE6UJsJZkotuA@b5b1224 m=0
10-27 18:03:15.900 24880 25161 D CCodecBufferChannel: [c2.android.aac.decoder#308] DEBUG: elapsed: n=4 [in=0 pipeline=0 out=0 smoothness=4]
10-27 18:03:15.900 24880 25161 D PipelineWatcher: DEBUG: elapsed 0 / 4
10-27 18:03:15.914  1618  3876 D CompatibilityInfo: mCompatibilityFlags - 0
10-27 18:03:15.914  1618  3876 D CompatibilityInfo: applicationDensity - 420
10-27 18:03:15.914  1618  3876 D CompatibilityInfo: applicationScale - 1.0
10-27 18:03:15.917 10483 25219 W adbd    : timed out while waiting for FUNCTIONFS_BIND, trying again
10-27 18:03:15.919 10483 25219 I adbd    : UsbFfs: connection terminated: monitor thread finished
10-27 18:03:15.920 10483 10483 I adbd    : UsbFfs: already offline
10-27 18:03:15.920 10483 10483 I adbd    : destroying transport UsbFfs
10-27 18:03:15.921 10483 10483 I adbd    : UsbFfsConnection being destroyed
10-27 18:03:15.926  1618  8040 D CompatibilityInfo: mCompatibilityFlags - 0
10-27 18:03:15.926  1618  8040 D CompatibilityInfo: applicationDensity - 420
10-27 18:03:15.926  1618  8040 D CompatibilityInfo: applicationScale - 1.0
10-27 18:03:15.960 10483 10488 I adbd    : opening control endpoint /dev/usb-ffs/adb/ep0
10-27 18:03:15.963 10483 10488 I adbd    : UsbFfsConnection constructed
10-27 18:03:15.963 10483 25240 I adbd    : UsbFfs-monitor thread spawned
10-27 18:03:15.964  4062  4483 I Icing   : IndexChimeraService.getServiceInterface callingPackage=com.google.android.gms componentName=AppsCorpus serviceId=36
10-27 18:03:15.981  3434  6977 W ChimeraUtils: Module com.google.android.gms.nearby_en has empty metadata display_name_string_id
10-27 18:03:15.986  1618  8040 D CompatibilityInfo: mCompatibilityFlags - 0
10-27 18:03:15.986  1618  8040 D CompatibilityInfo: applicationDensity - 420
10-27 18:03:15.987  1618  8040 D CompatibilityInfo: applicationScale - 1.0
10-27 18:03:16.002  3434  6977 W ChimeraUtils: Module com.google.android.gms.nearby_en has empty metadata display_name_string_id
10-27 18:03:16.003  1618  9689 D CompatibilityInfo: mCompatibilityFlags - 0
10-27 18:03:16.003  1618  9689 D CompatibilityInfo: applicationDensity - 420
10-27 18:03:16.003  1618  9689 D CompatibilityInfo: applicationScale - 1.0
10-27 18:03:16.008  1618  1787 W Searchables: No global search activity found
10-27 18:03:16.014  3434  6977 W ChimeraUtils: Module com.google.android.gms.nearby_en has empty metadata display_name_string_id
10-27 18:03:16.029  1618  1618 W Looper  : Slow delivery took 252ms main h=com.android.server.media.MediaRouterService$UserHandler c=android.app.-$$Lambda$LoadedApk$ReceiverDispatcher$Args$_BumDX2UKsnxLVrE6UJsJZkotuA@7c7a93f m=0
10-27 18:03:16.030  1618  1618 I Telecom : DefaultDialerCache: Refreshing default dialer for user 0: now com.google.android.dialer: DDC.oR@AQU
10-27 18:03:16.030  4062  6120 W Icing   : No valid account for uploading user actions
10-27 18:03:16.034  1618  1618 W NotificationHistory: Attempted to add notif for locked/gone/disabled user 0
10-27 18:03:16.037  1618  1618 W Looper  : Drained
10-27 18:03:16.049  1618  1768 W Looper  : Slow delivery took 217ms android.fg h=android.os.Handler c=<recycled PooledLambda@b58763c> m=0
10-27 18:03:16.065  2583  2583 D InterruptionStateProvider: No bubble up: not allowed to bubble: -1|android|32|null|1000
10-27 18:03:16.066  2583  2583 D InterruptionStateProvider: No heads up: unimportant notification: -1|android|32|null|1000
10-27 18:03:16.127  4062  4263 I Icing   : IndexChimeraService.getServiceInterface callingPackage=com.google.android.gms componentName=null serviceId=30
10-27 18:03:16.142  4062  6120 I Icing   : Usage reports ok 2, Failed Usage reports 0, indexed 0, rejected 0
10-27 18:03:16.169  4062  6120 W Icing   : No valid account for uploading user actions
10-27 18:03:16.185  4062  6120 I Icing   : Usage reports ok 0, Failed Usage reports 0, indexed 0, rejected 0
10-27 18:03:16.189  4062  6120 I Icing   : Indexing com.google.android.gms-apps from com.google.android.gms
10-27 18:03:16.202  1618  1768 D CompatibilityInfo: mCompatibilityFlags - 0
10-27 18:03:16.202  1618  1768 D CompatibilityInfo: applicationDensity - 420
10-27 18:03:16.202  1618  1768 D CompatibilityInfo: applicationScale - 1.0
10-27 18:03:16.203  1618  1768 W Looper  : Drained
10-27 18:03:16.210  5450  5468 I PermissionControllerServiceImpl: Updating user sensitive for uid 1000
10-27 18:03:16.212  4062  6120 I Icing   : Indexing done com.google.android.gms-apps
10-27 18:03:16.305  1618  1628 I system_server: Background concurrent copying GC freed 376354(19MB) AllocSpace objects, 143(8232KB) LOS objects, 49% free, 24MB/48MB, paused 383us total 255.611ms
10-27 18:03:16.345  1618  1630 W System  : A resource failed to call release. 
10-27 18:03:16.347  1618  1630 I chatty  : uid=1000(system) FinalizerDaemon identical 7 lines
10-27 18:03:16.347  1618  1630 W System  : A resource failed to call release. 
10-27 18:03:16.378   878  2264 E android.hardware.usb@1.0-service: uevent received SUBSYSTEM=dual_role_usb
10-27 18:03:16.378   878  2264 I android.hardware.usb@1.0-service: otg_default
10-27 18:03:16.378   878  2264 I android.hardware.usb@1.0-service: canChangeMode: 1 canChagedata: 0 canChangePower:0
10-27 18:03:16.379  1618  1786 I UsbPortManager: ClientCallback V1_0: otg_default
10-27 18:03:16.689  1618  1788 W BroadcastQueue: Background execution not allowed: receiving Intent { act=android.intent.action.DROPBOX_ENTRY_ADDED flg=0x10 (has extras) } to com.google.android.gms/.stats.service.DropBoxEntryAddedReceiver
10-27 18:03:16.690  1618  1788 W BroadcastQueue: Background execution not allowed: receiving Intent { act=android.intent.action.DROPBOX_ENTRY_ADDED flg=0x10 (has extras) } to com.google.android.gms/.chimera.GmsIntentOperationService$PersistentTrustedReceiver
10-27 18:03:16.710  1618  8040 D CompatibilityInfo: mCompatibilityFlags - 0
10-27 18:03:16.710  1618  8040 D CompatibilityInfo: applicationDensity - 420
10-27 18:03:16.710  1618  8040 D CompatibilityInfo: applicationScale - 1.0
10-27 18:03:16.757  1618  8040 D CompatibilityInfo: mCompatibilityFlags - 0
10-27 18:03:16.757  1618  8040 D CompatibilityInfo: applicationDensity - 420
10-27 18:03:16.757  1618  8040 D CompatibilityInfo: applicationScale - 1.0
10-27 18:03:16.965 10483 25240 W adbd    : timed out while waiting for FUNCTIONFS_BIND, trying again
10-27 18:03:16.965 10483 25240 I adbd    : UsbFfs: connection terminated: monitor thread finished
10-27 18:03:16.965 10483 10483 I adbd    : UsbFfs: already offline
10-27 18:03:16.965 10483 10483 I adbd    : destroying transport UsbFfs
10-27 18:03:16.966 10483 10483 I adbd    : UsbFfsConnection being destroyed
10-27 18:03:16.990 10483 10488 I adbd    : opening control endpoint /dev/usb-ffs/adb/ep0
10-27 18:03:16.993 10483 10488 I adbd    : UsbFfsConnection constructed
10-27 18:03:16.993 10483 25244 I adbd    : UsbFfs-monitor thread spawned
10-27 18:03:17.333 24880 25014 E msgr.msys: E[D S293508]__MCIDatabaseConnectionExecutionCallbackContextFinalize(45)=>will release callback context from callsite _MCDTaskCoordinatorProcessQueueWithContext on 2 (0xb21b6d90)
10-27 18:03:17.333 24880 25014 E msgr.msys: E[D S293508]__MCIDatabaseConnectionExecutionCallbackContextFinalize(81)=>did release callback context from callsite _MCDTaskCoordinatorProcessQueueWithContext on 2
10-27 18:03:17.337 24880 25015 E msgr.msys: E[N data-request]_HandleDataResponse(1573)=>Data request error: (null): Error Domain=mqtt Code=2002 UserInfo=0xe842f9e0 {MCFErrorDirectDescriptionKey=SEND_FAILURE}
10-27 18:03:17.338 24880 25015 E msgr.msys: E[N rtchannel]_rt_mqtt_publish_callback(441)=>Failed to publish the request over MQTT. token:08ca587d-9c0c-4b16-9fb9-7f353900f0d6, category:mcd-send-data-task-category, requestId:2863, error:Error Domain=mqtt Code=2002 UserInfo=0xe842f9e0 {MCFErrorDirectDescriptionKey=SEND_FAILURE}
10-27 18:03:17.339 24880 25014 E msgr.msys: E[S task_queue_handling]MCDLightSpeedTaskExecutorNetworkCompletionCallback(943)=>Handling send error for taskId=120 batchSize=1 queue=contact_sharing_settings
10-27 18:03:17.356 24880 25014 E msgr.msys: E[D S293508]__MCIDatabaseConnectionExecutionCallbackContextFinalize(45)=>will release callback context from callsite MCDLightSpeedTaskExecutorNotifyTaskSendFailure on 2 (0xb21b6550)
10-27 18:03:17.356 24880 25014 E msgr.msys: E[D S293508]__MCIDatabaseConnectionExecutionCallbackContextFinalize(81)=>did release callback context from callsite MCDLightSpeedTaskExecutorNotifyTaskSendFailure on 2
10-27 18:03:17.358 24880 25014 W msgr.msys: W[S task_queue_processing]_MCDTaskCoordinatorMaybeScheduleQueueProcessing(194)=>Scheduling queue contact_sharing_settings for reprocessing in 8 seconds
10-27 18:03:17.359 24880 25014 E msgr.msys: E[D S293508]__MCIDatabaseConnectionExecutionCallbackContextFinalize(45)=>will release callback context from callsite _handleServerSendNetworkErrorResponse on 2 (0xb21b7150)
10-27 18:03:17.359 24880 25014 E msgr.msys: E[D S293508]__MCIDatabaseConnectionExecutionCallbackContextFinalize(81)=>did release callback context from callsite _handleServerSendNetworkErrorResponse on 2
10-27 18:03:17.360 24880 25014 E msgr.msys: E[D S293508]__MCIDatabaseConnectionExecutionCallbackContextFinalize(45)=>will release callback context from callsite MCDUtilsSyncRequestDidCompleteCallback on 2 (0xb2abdbd0)
10-27 18:03:17.361 24880 25014 E msgr.msys: E[D S293508]__MCIDatabaseConnectionExecutionCallbackContextFinalize(81)=>did release callback context from callsite MCDUtilsSyncRequestDidCompleteCallback on 2
10-27 18:03:17.362 24880 25014 E msgr.msys: E[D S293508]__MCIDatabaseConnectionExecutionCallbackContextFinalize(45)=>will release callback context from callsite MCDTaskCoordinatorProcessTaskQueues on 2 (0xb2189950)
10-27 18:03:17.362 24880 25014 E msgr.msys: E[D S293508]__MCIDatabaseConnectionExecutionCallbackContextFinalize(81)=>did release callback context from callsite MCDTaskCoordinatorProcessTaskQueues on 2
10-27 18:03:17.566   878  2264 E android.hardware.usb@1.0-service: uevent received SUBSYSTEM=dual_role_usb
10-27 18:03:17.567   878  2264 I android.hardware.usb@1.0-service: otg_default
10-27 18:03:17.568   878  2264 I android.hardware.usb@1.0-service: canChangeMode: 1 canChagedata: 0 canChangePower:0
10-27 18:03:17.568  1618  1786 I UsbPortManager: ClientCallback V1_0: otg_default
10-27 18:03:17.710   861   917 D audio_hw_primary: out_standby: enter: stream (0xe794c970) usecase(0: deep-buffer-playback)
10-27 18:03:17.957   861   917 D audio_hw_primary: disable_audio_route: reset and update mixer path: deep-buffer-playback
10-27 18:03:17.958   861   917 E soundtrigger: audio_extn_sound_trigger_update_stream_status: invalid input device 0x0, for event 2
10-27 18:03:17.958   861   917 D soundtrigger: audio_extn_sound_trigger_update_stream_status: uc_info->id 0 of type 0 for Event 2, with Raise=1
10-27 18:03:17.958   861   917 I sound_trigger_platform: platform_stdev_check_and_update_concurrency: Received STREAM event, event type 2, usecase type 0
10-27 18:03:17.958   861   917 D sound_trigger_platform: platform_stdev_check_and_update_concurrency: dedicated path 0, reset backend 1, tx 0, rx 0,concurrency session allowed
10-27 18:03:17.958   861   917 D msm8974_platform: platform_split_snd_device: snd_device(2) num devices(0) new_snd_devices(0)
10-27 18:03:17.958   861   917 I msm8974_platform: platform_get_custom_mtmx_params: no matching param with id 0 ip_ch 2 op_ch 2 uc_id 0 snd_dev 2
10-27 18:03:17.958   861   917 D hardware_info: hw_info_append_hw_type : device_name = speaker
10-27 18:03:17.958   861   917 D audio_hw_primary: disable_snd_device: snd_device(2: speaker)
10-27 18:03:17.958   861   917 D msm8974_platform: platform_split_snd_device: snd_device(2) num devices(0) new_snd_devices(0)
10-27 18:03:17.961   861   917 I soundtrigger: audio_extn_sound_trigger_update_device_status: device 0x2 of type 0 for Event 0, with Raise=0
10-27 18:03:17.961   861   917 D audio_hw_primary: out_standby: exit
10-27 18:03:17.963  1618  3496 I system_server: oneway function results will be dropped but finished with status OK and parcel size 4
10-27 18:03:17.995 10483 25244 W adbd    : timed out while waiting for FUNCTIONFS_BIND, trying again
10-27 18:03:17.995 10483 25244 I adbd    : UsbFfs: connection terminated: monitor thread finished
10-27 18:03:17.996 10483 10483 I adbd    : UsbFfs: already offline
10-27 18:03:17.996 10483 10483 I adbd    : destroying transport UsbFfs
10-27 18:03:17.996 10483 10483 I adbd    : UsbFfsConnection being destroyed
10-27 18:03:18.047 10483 10488 I adbd    : opening control endpoint /dev/usb-ffs/adb/ep0
10-27 18:03:18.050 10483 10488 I adbd    : UsbFfsConnection constructed
10-27 18:03:18.058 10483 25251 I adbd    : UsbFfs-monitor thread spawned
10-27 18:03:18.117  1618  3496 I ActivityManager: Force stopping com.google.android.keep appid=10032 user=0: from pid 25252
10-27 18:03:18.125  3109  3109 E PhoneInterfaceManager: [PhoneIntfMgr] getCarrierPackageNamesForIntentAndPhone: No UICC
10-27 18:03:18.125  3109  3109 D CarrierSvcBindHelper: No carrier app for: 0
10-27 18:03:18.125  3109  3109 E PhoneInterfaceManager: [PhoneIntfMgr] getCarrierPackageNamesForIntentAndPhone: No UICC
10-27 18:03:18.125  3109  3109 D CarrierSvcBindHelper: No carrier app for: 1
10-27 18:03:18.138  3840  3840 D RegisteredServicesCache: Others service enabled : ComponentInfo{com.google.android.gms/com.google.android.gms.nearby.mediums.nearfieldcommunication.NfcAdvertisingService}
10-27 18:03:18.139  3840  3840 D RegisteredServicesCache: Others service enabled : ComponentInfo{com.google.android.gms/com.google.android.gms.pay.hce.service.PayHceService}
10-27 18:03:18.139  3840  3840 D RegisteredServicesCache: Others service enabled : ComponentInfo{com.google.android.gms/com.google.android.gms.tapandpay.hce.service.TpHceService}
10-27 18:03:18.141  3840  3840 D AidRoutingManager: Default: 0, aid size: 297
10-27 18:03:18.141  3840  3840 D AidRoutingManager: Default: 2, aid size: 0
10-27 18:03:18.141  3840  3840 D AidRoutingManager: Default: 3, aid size: 0
10-27 18:03:18.141  3840  3840 D AidRoutingManager: Default: 0, aid expected size: 0
10-27 18:03:18.141  3840  3840 D AidRoutingManager: Default: 2, aid expected size: 297
10-27 18:03:18.141  3840  3840 D AidRoutingManager: Default: 3, aid expected size: 297
10-27 18:03:18.142  3840  3840 D RegisteredNfcFServicesCache: Service unchanged, not updating
10-27 18:03:18.261  1618  2756 I ActivityManager: Force stopping com.facebook.katana appid=10172 user=0: from pid 25257
10-27 18:03:18.262  1618  2756 I ActivityManager: Killing 24505:com.facebook.katana/u0a172 (adj 800): stop com.facebook.katana due to from pid 25257
10-27 18:03:18.294  3109  3109 E PhoneInterfaceManager: [PhoneIntfMgr] getCarrierPackageNamesForIntentAndPhone: No UICC
10-27 18:03:18.294  3109  3109 D CarrierSvcBindHelper: No carrier app for: 0
10-27 18:03:18.295  3109  3109 E PhoneInterfaceManager: [PhoneIntfMgr] getCarrierPackageNamesForIntentAndPhone: No UICC
10-27 18:03:18.295  3109  3109 D CarrierSvcBindHelper: No carrier app for: 1
10-27 18:03:18.308  3840  3840 D RegisteredServicesCache: Others service enabled : ComponentInfo{com.google.android.gms/com.google.android.gms.nearby.mediums.nearfieldcommunication.NfcAdvertisingService}
10-27 18:03:18.309  3840  3840 D RegisteredServicesCache: Others service enabled : ComponentInfo{com.google.android.gms/com.google.android.gms.pay.hce.service.PayHceService}
10-27 18:03:18.309  3840  3840 D RegisteredServicesCache: Others service enabled : ComponentInfo{com.google.android.gms/com.google.android.gms.tapandpay.hce.service.TpHceService}
10-27 18:03:18.311  3840  3840 D AidRoutingManager: Default: 0, aid size: 297
10-27 18:03:18.311  3840  3840 D AidRoutingManager: Default: 2, aid size: 0
10-27 18:03:18.311  3840  3840 D AidRoutingManager: Default: 3, aid size: 0
10-27 18:03:18.311  3840  3840 D AidRoutingManager: Default: 0, aid expected size: 0
10-27 18:03:18.311  3840  3840 D AidRoutingManager: Default: 2, aid expected size: 297
10-27 18:03:18.311  3840  3840 D AidRoutingManager: Default: 3, aid expected size: 297
10-27 18:03:18.313  3840  3840 D RegisteredNfcFServicesCache: Service unchanged, not updating
10-27 18:03:18.323  2583  2770 D PureDisplayTile: --onPureDisplayStateChanged-isActive:true--isEnable:true
10-27 18:03:18.344  1235 11970 E OMXNodeInstance: !!! Observer died. Quickly, do something, ... anything...
10-27 18:03:18.344  1235 11970 I OMX-VDEC-1080P: omx_vdec::component_deinit() complete
10-27 18:03:18.350  1205  3351 E mediaserver: unlinkToDeath: removed reference to death recipient but unlink failed.
10-27 18:03:18.350  1205  3351 E IPCThreadState: attemptIncStrongHandle(6): Not supported
10-27 18:03:18.353  1235 11970 I OMX-VDEC-1080P: Exit OMX vdec Destructor: fd=43
10-27 18:03:18.356   816   816 I Zygote  : Process 24505 exited due to signal 9 (Killed)
10-27 18:03:18.357  1235 11970 I OMX-VDEC-1080P: Video slvp perflock acquired
10-27 18:03:18.376  1618  1793 I libprocessgroup: Successfully killed process cgroup uid 10172 pid 24505 in 110ms
10-27 18:03:18.390  1618  3496 I ActivityManager: Force stopping com.google.android.gm appid=10100 user=0: from pid 25262
10-27 18:03:18.399  3109  3109 E PhoneInterfaceManager: [PhoneIntfMgr] getCarrierPackageNamesForIntentAndPhone: No UICC
10-27 18:03:18.399  3109  3109 D CarrierSvcBindHelper: No carrier app for: 0
10-27 18:03:18.401  3109  3109 E PhoneInterfaceManager: [PhoneIntfMgr] getCarrierPackageNamesForIntentAndPhone: No UICC
10-27 18:03:18.402  3109  3109 D CarrierSvcBindHelper: No carrier app for: 1
10-27 18:03:18.415  3840  3840 D RegisteredServicesCache: Others service enabled : ComponentInfo{com.google.android.gms/com.google.android.gms.nearby.mediums.nearfieldcommunication.NfcAdvertisingService}
10-27 18:03:18.415  3840  3840 D RegisteredServicesCache: Others service enabled : ComponentInfo{com.google.android.gms/com.google.android.gms.pay.hce.service.PayHceService}
10-27 18:03:18.415  3840  3840 D RegisteredServicesCache: Others service enabled : ComponentInfo{com.google.android.gms/com.google.android.gms.tapandpay.hce.service.TpHceService}
10-27 18:03:18.417  3840  3840 D AidRoutingManager: Default: 0, aid size: 297
10-27 18:03:18.417  3840  3840 D AidRoutingManager: Default: 2, aid size: 0
10-27 18:03:18.417  3840  3840 D AidRoutingManager: Default: 3, aid size: 0
10-27 18:03:18.417  3840  3840 D AidRoutingManager: Default: 0, aid expected size: 0
10-27 18:03:18.417  3840  3840 D AidRoutingManager: Default: 2, aid expected size: 297
10-27 18:03:18.417  3840  3840 D AidRoutingManager: Default: 3, aid expected size: 297
10-27 18:03:18.418  3840  3840 D RegisteredNfcFServicesCache: Service unchanged, not updating
10-27 18:03:18.505  1618  2956 I ActivityManager: Force stopping com.zhiliaoapp.musically appid=10175 user=0: from pid 25267
10-27 18:03:18.513 25267 25269 I cmd     : oneway function results will be dropped but finished with status OK and parcel size 4
10-27 18:03:18.514  3109  3109 E PhoneInterfaceManager: [PhoneIntfMgr] getCarrierPackageNamesForIntentAndPhone: No UICC
10-27 18:03:18.515  3109  3109 D CarrierSvcBindHelper: No carrier app for: 0
10-27 18:03:18.515  3109  3109 E PhoneInterfaceManager: [PhoneIntfMgr] getCarrierPackageNamesForIntentAndPhone: No UICC
10-27 18:03:18.515  3109  3109 D CarrierSvcBindHelper: No carrier app for: 1
10-27 18:03:18.530  3840  3840 D RegisteredServicesCache: Others service enabled : ComponentInfo{com.google.android.gms/com.google.android.gms.nearby.mediums.nearfieldcommunication.NfcAdvertisingService}
10-27 18:03:18.531  3840  3840 D RegisteredServicesCache: Others service enabled : ComponentInfo{com.google.android.gms/com.google.android.gms.pay.hce.service.PayHceService}
10-27 18:03:18.531  3840  3840 D RegisteredServicesCache: Others service enabled : ComponentInfo{com.google.android.gms/com.google.android.gms.tapandpay.hce.service.TpHceService}
10-27 18:03:18.533  3840  3840 D AidRoutingManager: Default: 0, aid size: 297
10-27 18:03:18.533  3840  3840 D AidRoutingManager: Default: 2, aid size: 0
10-27 18:03:18.533  3840  3840 D AidRoutingManager: Default: 3, aid size: 0
10-27 18:03:18.533  3840  3840 D AidRoutingManager: Default: 0, aid expected size: 0
10-27 18:03:18.533  3840  3840 D AidRoutingManager: Default: 2, aid expected size: 297
10-27 18:03:18.533  3840  3840 D AidRoutingManager: Default: 3, aid expected size: 297
10-27 18:03:18.534  3840  3840 D RegisteredNfcFServicesCache: Service unchanged, not updating
10-27 18:03:18.621  1618  2956 I ActivityManager: Force stopping com.google.android.apps.maps appid=10111 user=0: from pid 25272
10-27 18:03:18.628  3109  3109 E PhoneInterfaceManager: [PhoneIntfMgr] getCarrierPackageNamesForIntentAndPhone: No UICC
10-27 18:03:18.628  3109  3109 D CarrierSvcBindHelper: No carrier app for: 0
10-27 18:03:18.631  3109  3109 E PhoneInterfaceManager: [PhoneIntfMgr] getCarrierPackageNamesForIntentAndPhone: No UICC
10-27 18:03:18.631  3109  3109 D CarrierSvcBindHelper: No carrier app for: 1
10-27 18:03:18.644  3840  3840 D RegisteredServicesCache: Others service enabled : ComponentInfo{com.google.android.gms/com.google.android.gms.nearby.mediums.nearfieldcommunication.NfcAdvertisingService}
10-27 18:03:18.644  3840  3840 D RegisteredServicesCache: Others service enabled : ComponentInfo{com.google.android.gms/com.google.android.gms.pay.hce.service.PayHceService}
10-27 18:03:18.644  3840  3840 D RegisteredServicesCache: Others service enabled : ComponentInfo{com.google.android.gms/com.google.android.gms.tapandpay.hce.service.TpHceService}
10-27 18:03:18.646  3840  3840 D AidRoutingManager: Default: 0, aid size: 297
10-27 18:03:18.646  3840  3840 D AidRoutingManager: Default: 2, aid size: 0
10-27 18:03:18.646  3840  3840 D AidRoutingManager: Default: 3, aid size: 0
10-27 18:03:18.647  3840  3840 D AidRoutingManager: Default: 0, aid expected size: 0
10-27 18:03:18.647  3840  3840 D AidRoutingManager: Default: 2, aid expected size: 297
10-27 18:03:18.647  3840  3840 D AidRoutingManager: Default: 3, aid expected size: 297
10-27 18:03:18.648  3840  3840 D RegisteredNfcFServicesCache: Service unchanged, not updating
10-27 18:03:18.740  1618  2956 I ActivityManager: Force stopping com.facebook.orca appid=10173 user=0: from pid 25277
10-27 18:03:18.741  1618  2956 I ActivityManager: Killing 24880:com.facebook.orca/u0a173 (adj 700): stop com.facebook.orca due to from pid 25277
10-27 18:03:18.753   878  2264 E android.hardware.usb@1.0-service: uevent received SUBSYSTEM=dual_role_usb
10-27 18:03:18.753   878  2264 I android.hardware.usb@1.0-service: otg_default
10-27 18:03:18.754   878  2264 I android.hardware.usb@1.0-service: canChangeMode: 1 canChagedata: 0 canChangePower:0
10-27 18:03:18.754  1618  1786 I UsbPortManager: ClientCallback V1_0: otg_default
10-27 18:03:18.757  3109  3109 E PhoneInterfaceManager: [PhoneIntfMgr] getCarrierPackageNamesForIntentAndPhone: No UICC
10-27 18:03:18.757  3109  3109 D CarrierSvcBindHelper: No carrier app for: 0
10-27 18:03:18.757  3109  3109 E PhoneInterfaceManager: [PhoneIntfMgr] getCarrierPackageNamesForIntentAndPhone: No UICC
10-27 18:03:18.757  3109  3109 D CarrierSvcBindHelper: No carrier app for: 1
10-27 18:03:18.758 25277 25279 I cmd     : oneway function results will be dropped but finished with status OK and parcel size 4
10-27 18:03:18.777  3840  3840 D RegisteredServicesCache: Others service enabled : ComponentInfo{com.google.android.gms/com.google.android.gms.nearby.mediums.nearfieldcommunication.NfcAdvertisingService}
10-27 18:03:18.777  3840  3840 D RegisteredServicesCache: Others service enabled : ComponentInfo{com.google.android.gms/com.google.android.gms.pay.hce.service.PayHceService}
10-27 18:03:18.777  3840  3840 D RegisteredServicesCache: Others service enabled : ComponentInfo{com.google.android.gms/com.google.android.gms.tapandpay.hce.service.TpHceService}
10-27 18:03:18.779  3840  3840 D AidRoutingManager: Default: 0, aid size: 297
10-27 18:03:18.779  3840  3840 D AidRoutingManager: Default: 2, aid size: 0
10-27 18:03:18.779  3840  3840 D AidRoutingManager: Default: 3, aid size: 0
10-27 18:03:18.779  3840  3840 D AidRoutingManager: Default: 0, aid expected size: 0
10-27 18:03:18.779  3840  3840 D AidRoutingManager: Default: 2, aid expected size: 297
10-27 18:03:18.779  3840  3840 D AidRoutingManager: Default: 3, aid expected size: 297
10-27 18:03:18.781  3840  3840 D RegisteredNfcFServicesCache: Service unchanged, not updating
10-27 18:03:18.788  1235 11970 E OMXNodeInstance: !!! Observer died. Quickly, do something, ... anything...
10-27 18:03:18.789  1235 11970 I OMX-VDEC-1080P: omx_vdec::component_deinit() complete
10-27 18:03:18.789  1300  1300 V C2Store : in ~ComponentModule
10-27 18:03:18.789  1300  1300 V C2Store : unloading dll
10-27 18:03:18.792  1618  3848 D ConnectivityService: ConnectivityService NetworkRequestInfo binderDied(NetworkRequest [ TRACK_DEFAULT id=193, [ Capabilities: INTERNET&NOT_RESTRICTED&TRUSTED Uid: 10173 AdministratorUids: [] RequestorUid: 10173 RequestorPackageName: com.facebook.orca] ], android.os.BinderProxy@49a9feb)
10-27 18:03:18.792  1205  3351 E mediaserver: unlinkToDeath: removed reference to death recipient but unlink failed.
10-27 18:03:18.792  1205  3351 E IPCThreadState: attemptIncStrongHandle(10): Not supported
10-27 18:03:18.792  1618  2215 D ConnectivityService: releasing NetworkRequest [ TRACK_DEFAULT id=193, [ Capabilities: INTERNET&NOT_RESTRICTED&TRUSTED Uid: 10173 AdministratorUids: [] RequestorUid: 10173 RequestorPackageName: com.facebook.orca] ] (release request)
10-27 18:03:18.792  1235 11970 I OMX-VDEC-1080P: Exit OMX vdec Destructor: fd=50
10-27 18:03:18.793  1235 11970 I OMX-VDEC-1080P: Video slvp perflock released
10-27 18:03:18.793  1235 11970 I hw-BpHwBinder: onLastStrongRef automatically unlinking death recipients
10-27 18:03:18.798   816   816 I Zygote  : Process 24880 exited due to signal 9 (Killed)
10-27 18:03:18.836  1618  1793 I libprocessgroup: Successfully killed process cgroup uid 10173 pid 24880 in 91ms
10-27 18:03:18.854  1618  3879 I ActivityManager: Force stopping com.netflix.mediaclient appid=10176 user=0: from pid 25282
10-27 18:03:18.860  3109  3109 E PhoneInterfaceManager: [PhoneIntfMgr] getCarrierPackageNamesForIntentAndPhone: No UICC
10-27 18:03:18.860  3109  3109 D CarrierSvcBindHelper: No carrier app for: 0
10-27 18:03:18.861 25282 25283 I cmd     : oneway function results will be dropped but finished with status OK and parcel size 4
10-27 18:03:18.863  3109  3109 E PhoneInterfaceManager: [PhoneIntfMgr] getCarrierPackageNamesForIntentAndPhone: No UICC
10-27 18:03:18.863  3109  3109 D CarrierSvcBindHelper: No carrier app for: 1
