10-27 19:11:40.687  2556  3453 D Avrcp_ext: AudioManager Player: AudioPlaybackConfiguration piid:367 type:android.media.MediaPlayer u/pid:10173/13449 state:idle attr:AudioAttributes: usage=USAGE_NOTIFICATION_RINGTONE content=CONTENT_TYPE_SONIFICATION flags=0x800 tags= bundle=null
10-27 19:11:40.687  2556  3453 D Avrcp_ext: AudioManager Player: AudioPlaybackConfiguration piid:383 type:android.media.MediaPlayer u/pid:10173/13449 state:idle attr:AudioAttributes: usage=USAGE_NOTIFICATION_RINGTONE content=CONTENT_TYPE_SONIFICATION flags=0x800 tags= bundle=null
10-27 19:11:40.687  2556  3453 D Avrcp_ext: AudioManager isPlaying: false
10-27 19:11:40.691  1205 13831 D GenericSource: FileSource remote
10-27 19:11:40.693  1199  2599 I MMParserExtractor: Created(0x6f064d2010)
10-27 19:11:40.693  1199  2599 E Utils   : did not find channel-count and/or sample-rate
10-27 19:11:40.694  1199  2599 E Utils   : did not find channel-count and/or sample-rate
10-27 19:11:40.695  1199  2599 D MediaBufferGroup: creating MemoryDealer
10-27 19:11:40.702 13449 13513 D Ringtone: Successfully created local player
10-27 19:11:40.710  1205  3233 D NuPlayerDriver: NuPlayerDriver(0xe6900790) created, clientPid(13449)
10-27 19:11:40.713  1205  3233 I ExtendedNuUtils: printFileName fd(7) -> /data/app/com.facebook.orca-R-4fStXqKr1ogvy1Xp764A==/base.apk
10-27 19:11:40.715  2556  3453 D Avrcp_ext: AudioManager Player: AudioPlaybackConfiguration piid:23 type:android.media.SoundPool u/pid:10039/2583 state:idle attr:AudioAttributes: usage=USAGE_ASSISTANCE_SONIFICATION content=CONTENT_TYPE_SONIFICATION flags=0x800 tags= bundle=null
10-27 19:11:40.715  2556  3453 D Avrcp_ext: AudioManager Player: AudioPlaybackConfiguration piid:359 type:android.media.MediaPlayer u/pid:10173/13449 state:idle attr:AudioAttributes: usage=USAGE_NOTIFICATION_RINGTONE content=CONTENT_TYPE_SONIFICATION flags=0x800 tags= bundle=null
10-27 19:11:40.715  2556  3453 D Avrcp_ext: AudioManager Player: AudioPlaybackConfiguration piid:375 type:android.media.MediaPlayer u/pid:10173/13449 state:idle attr:AudioAttributes: usage=USAGE_NOTIFICATION_RINGTONE content=CONTENT_TYPE_SONIFICATION flags=0x800 tags= bundle=null
10-27 19:11:40.715  2556  3453 D Avrcp_ext: AudioManager Player: AudioPlaybackConfiguration piid:391 type:android.media.MediaPlayer u/pid:10173/13449 state:idle attr:AudioAttributes: usage=USAGE_NOTIFICATION_RINGTONE content=CONTENT_TYPE_SONIFICATION flags=0x800 tags= bundle=null
10-27 19:11:40.715  2556  3453 D Avrcp_ext: AudioManager Player: AudioPlaybackConfiguration piid:15 type:android.media.SoundPool u/pid:1000/1618 state:idle attr:AudioAttributes: usage=USAGE_ASSISTANCE_SONIFICATION content=CONTENT_TYPE_SONIFICATION flags=0x800 tags= bundle=null
10-27 19:11:40.715  2556  3453 D Avrcp_ext: AudioManager Player: AudioPlaybackConfiguration piid:31 type:android.media.SoundPool u/pid:1027/3840 state:idle attr:AudioAttributes: usage=USAGE_ASSISTANCE_SONIFICATION content=CONTENT_TYPE_SONIFICATION flags=0x800 tags= bundle=null
10-27 19:11:40.716  2556  3453 D Avrcp_ext: AudioManager Player: AudioPlaybackConfiguration piid:271 type:android.media.MediaPlayer u/pid:1000/1618 state:idle attr:AudioAttributes: usage=USAGE_ASSISTANCE_SONIFICATION content=CONTENT_TYPE_SONIFICATION flags=0x800 tags= bundle=null
10-27 19:11:40.716  2556  3453 D Avrcp_ext: AudioManager Player: AudioPlaybackConfiguration piid:367 type:android.media.MediaPlayer u/pid:10173/13449 state:idle attr:AudioAttributes: usage=USAGE_NOTIFICATION_RINGTONE content=CONTENT_TYPE_SONIFICATION flags=0x800 tags= bundle=null
10-27 19:11:40.716  2556  3453 D Avrcp_ext: AudioManager Player: AudioPlaybackConfiguration piid:383 type:android.media.MediaPlayer u/pid:10173/13449 state:idle attr:AudioAttributes: usage=USAGE_NOTIFICATION_RINGTONE content=CONTENT_TYPE_SONIFICATION flags=0x800 tags= bundle=null
10-27 19:11:40.716  2556  3453 D Avrcp_ext: AudioManager Player: AudioPlaybackConfiguration piid:399 type:android.media.MediaPlayer u/pid:10173/13449 state:idle attr:AudioAttributes: usage=USAGE_NOTIFICATION_RINGTONE content=CONTENT_TYPE_SONIFICATION flags=0x800 tags= bundle=null
10-27 19:11:40.716  2556  3453 D Avrcp_ext: AudioManager isPlaying: false
10-27 19:11:40.721  1205 13835 D GenericSource: FileSource remote
10-27 19:11:40.723  1199  2599 I MMParserExtractor: Created(0x6f064d2710)
10-27 19:11:40.724  1199  2599 E Utils   : did not find channel-count and/or sample-rate
10-27 19:11:40.725  1199  2599 E Utils   : did not find channel-count and/or sample-rate
10-27 19:11:40.726  1199  2599 D MediaBufferGroup: creating MemoryDealer
10-27 19:11:40.730 13449 13513 D Ringtone: Successfully created local player
10-27 19:11:40.773 13449 13609 W msgr.ReqContexts: fail() skipped
10-27 19:11:40.829 13449 13449 W CombinedTP9: type=1400 audit(0.0:39871): avc: granted { execute } for path="/data/data/com.facebook.orca/lib-compressed/libreliablemediamonitor.so" dev="mmcblk0p68" ino=2885660 scontext=u:r:untrusted_app:s0:c173,c256,c512,c768 tcontext=u:object_r:app_data_file:s0:c173,c256,c512,c768 tclass=file app=com.facebook.orca
10-27 19:11:40.940 13449 13469 I m.facebook.orc: Waiting for a blocking GC ProfileSaver
10-27 19:11:41.008 13647 13660 I facebook.katan: Background young concurrent copying GC freed 152499(10107KB) AllocSpace objects, 57(1880KB) LOS objects, 74% free, 8232KB/32MB, paused 223us total 119.393ms
10-27 19:11:41.009 13647 13661 W JavaBinder: BinderProxy is being destroyed but the application did not call unlinkToDeath to unlink all of its death recipients beforehand.  Releasing leaked death recipient: X.063
10-27 19:11:41.009 13647 13661 I BpBinder: onLastStrongRef automatically unlinking death recipients: <uncached descriptor>
10-27 19:11:41.015 13647 13662 W System  : A resource failed to call close. 
10-27 19:11:41.015 13647 13662 W System  : A resource failed to call close. 
10-27 19:11:41.017 13449 13504 W msgr.AppStateLoggerCore: AppStateLogger is not ready yet (getAppStateErrorLogger)
10-27 19:11:41.163  1618  6364 D ConnectivityService: requestNetwork for uid/pid:10173/13449 NetworkRequest [ TRACK_DEFAULT id=306, [ Capabilities: INTERNET&NOT_RESTRICTED&TRUSTED Uid: 10173 AdministratorUids: [] RequestorUid: 10173 RequestorPackageName: com.facebook.orca] ]
10-27 19:11:41.164  1618  2215 D ConnectivityService: NetReassign [306 : null  100]
10-27 19:11:41.165  1618  2106 D WifiNetworkFactory: got request NetworkRequest [ TRACK_DEFAULT id=306, [ Capabilities: INTERNET&NOT_RESTRICTED&TRUSTED Uid: 10173 AdministratorUids: [] RequestorUid: 10173 RequestorPackageName: com.facebook.orca] ] with score 60 and providerId 5
10-27 19:11:41.165  1618  2370 D Ethernet: got request NetworkRequest [ TRACK_DEFAULT id=306, [ Capabilities: INTERNET&NOT_RESTRICTED&TRUSTED Uid: 10173 AdministratorUids: [] RequestorUid: 10173 RequestorPackageName: com.facebook.orca] ] with score 60 and providerId 5
10-27 19:11:41.165  1618  2106 D UntrustedWifiNetworkFactory: got request NetworkRequest [ TRACK_DEFAULT id=306, [ Capabilities: INTERNET&NOT_RESTRICTED&TRUSTED Uid: 10173 AdministratorUids: [] RequestorUid: 10173 RequestorPackageName: com.facebook.orca] ] with score 60 and providerId 5
10-27 19:11:41.167  3109  3109 D PhoneSwitcherNetworkRequstListener: got request NetworkRequest [ TRACK_DEFAULT id=306, [ Capabilities: INTERNET&NOT_RESTRICTED&TRUSTED Uid: 10173 AdministratorUids: [] RequestorUid: 10173 RequestorPackageName: com.facebook.orca] ] with score 60 and providerId 5
10-27 19:11:41.190  1618  1788 W BroadcastQueue: Permission Denial: broadcasting Intent { act=android.net.conn.CONNECTIVITY_CHANGE flg=0x4200010 (has extras) } from null (pid=-1, uid=-1) requires com.facebook.permission.prod.FB_APP_COMMUNICATION due to registered receiver BroadcastFilter{db784be 10173/u0 ReceiverList{e076f79 13449 com.facebook.orca/10173/u0 remote:52bb440}}
10-27 19:11:41.197 10483 13785 W adbd    : timed out while waiting for FUNCTIONFS_BIND, trying again
10-27 19:11:41.197 10483 13785 I adbd    : UsbFfs: connection terminated: monitor thread finished
10-27 19:11:41.197 10483 10483 I adbd    : UsbFfs: already offline
10-27 19:11:41.197 10483 10483 I adbd    : destroying transport UsbFfs
10-27 19:11:41.198 10483 10483 I adbd    : UsbFfsConnection being destroyed
10-27 19:11:41.248 13449 13507 D skia    : --- Failed to create image decoder with message 'unimplemented'
10-27 19:11:41.251 13449 13513 D skia    : --- Failed to create image decoder with message 'unimplemented'
10-27 19:11:41.258 13449 13609 W msgr.Fixie: Initialize M4A_APP_INIT
10-27 19:11:41.258 13449 13609 W msgr.Fixie: Initialize 4MH
10-27 19:11:41.259 13449 13609 W msgr.Fixie: Initialize 4MN
10-27 19:11:41.260 10483 10488 I adbd    : opening control endpoint /dev/usb-ffs/adb/ep0
10-27 19:11:41.262 10483 10488 I adbd    : UsbFfsConnection constructed
10-27 19:11:41.264 13449 13505 D skia    : --- Failed to create image decoder with message 'unimplemented'
10-27 19:11:41.265 10483 13840 I adbd    : UsbFfs-monitor thread spawned
10-27 19:11:41.268 13449 13504 D skia    : --- Failed to create image decoder with message 'unimplemented'
10-27 19:11:41.299 13449 13449 W Lacrima_startup: type=1400 audit(0.0:39872): avc: denied { read } for name="zoneinfo" dev="proc" ino=4026532129 scontext=u:r:untrusted_app:s0:c173,c256,c512,c768 tcontext=u:object_r:proc_zoneinfo:s0 tclass=file permissive=0 app=com.facebook.orca
10-27 19:11:41.316 13449 13514 E nightwatch-target: /proc/zoneinfo open: errno=13
10-27 19:11:41.316 13449 13514 E nightwatch-target: sysmeminfo parse failed
10-27 19:11:41.379 13647 13721 W fb4a.MultiSignalANRDetectorLacrima: Pausing error state checks
10-27 19:11:41.382  1618  7927 D CompatibilityInfo: mCompatibilityFlags - 0
10-27 19:11:41.382  1618  7927 D CompatibilityInfo: applicationDensity - 420
10-27 19:11:41.382  1618  7927 D CompatibilityInfo: applicationScale - 1.0
10-27 19:11:41.410  1618  7927 D CompatibilityInfo: mCompatibilityFlags - 0
10-27 19:11:41.410  1618  7927 D CompatibilityInfo: applicationDensity - 420
10-27 19:11:41.410  1618  7927 D CompatibilityInfo: applicationScale - 1.0
10-27 19:11:41.420 13449 13639 E msgr.BackgroundLocationManager: PERMISSION_DENIED
10-27 19:11:41.515 13449 13513 W msgr.lacrima: Cannot find registered detector
10-27 19:11:41.639 13647 13647 W AppInit6: type=1400 audit(0.0:39873): avc: denied { read } for name="zoneinfo" dev="proc" ino=4026532129 scontext=u:r:untrusted_app:s0:c172,c256,c512,c768 tcontext=u:object_r:proc_zoneinfo:s0 tclass=file permissive=0 app=com.facebook.katana
10-27 19:11:41.640 13647 13749 E nightwatch-target: /proc/zoneinfo open: errno=13
10-27 19:11:41.640 13647 13749 E nightwatch-target: sysmeminfo parse failed
10-27 19:11:41.641 13449 13506 W ModelLoader.cpp: Require to load PyTorch voltron module
10-27 19:11:41.683 13449 13844 D XmlUtils: String value is null
10-27 19:11:41.686 13449 13507 W msgr.SyncInitializer: Start regular sync initialization
10-27 19:11:41.700  1618  7927 D CompatibilityInfo: mCompatibilityFlags - 0
10-27 19:11:41.700  1618  7927 D CompatibilityInfo: applicationDensity - 420
10-27 19:11:41.700  1618  7927 D CompatibilityInfo: applicationScale - 1.0
10-27 19:11:41.907  1369  1634 E QMI_FW  : qmi_cci_get_ref: ref count increased 2
10-27 19:11:42.267 10483 13840 W adbd    : timed out while waiting for FUNCTIONFS_BIND, trying again
10-27 19:11:42.268 10483 13840 I adbd    : UsbFfs: connection terminated: monitor thread finished
10-27 19:11:42.268 10483 10483 I adbd    : UsbFfs: already offline
10-27 19:11:42.268 10483 10483 I adbd    : destroying transport UsbFfs
10-27 19:11:42.268 10483 10483 I adbd    : UsbFfsConnection being destroyed
10-27 19:11:42.280 10483 10488 I adbd    : opening control endpoint /dev/usb-ffs/adb/ep0
10-27 19:11:42.283 10483 10488 I adbd    : UsbFfsConnection constructed
10-27 19:11:42.284 10483 13851 I adbd    : UsbFfs-monitor thread spawned
10-27 19:11:42.299 13449 13449 W Lacrima_startup: type=1400 audit(0.0:39874): avc: denied { read } for name="zoneinfo" dev="proc" ino=4026532129 scontext=u:r:untrusted_app:s0:c173,c256,c512,c768 tcontext=u:object_r:proc_zoneinfo:s0 tclass=file permissive=0 app=com.facebook.orca
10-27 19:11:42.319 13449 13514 E nightwatch-target: /proc/zoneinfo open: errno=13
10-27 19:11:42.319 13449 13514 E nightwatch-target: sysmeminfo parse failed
10-27 19:11:42.649 13647 13647 W AppInit6: type=1400 audit(0.0:39875): avc: denied { read } for name="zoneinfo" dev="proc" ino=4026532129 scontext=u:r:untrusted_app:s0:c172,c256,c512,c768 tcontext=u:object_r:proc_zoneinfo:s0 tclass=file permissive=0 app=com.facebook.katana
10-27 19:11:42.653 13647 13749 E nightwatch-target: /proc/zoneinfo open: errno=13
10-27 19:11:42.654 13647 13749 E nightwatch-target: sysmeminfo parse failed
10-27 19:11:43.287 10483 13851 W adbd    : timed out while waiting for FUNCTIONFS_BIND, trying again
10-27 19:11:43.287 10483 13851 I adbd    : UsbFfs: connection terminated: monitor thread finished
10-27 19:11:43.291 10483 10483 I adbd    : UsbFfs: already offline
10-27 19:11:43.291 10483 10483 I adbd    : destroying transport UsbFfs
10-27 19:11:43.291 10483 10483 I adbd    : UsbFfsConnection being destroyed
10-27 19:11:43.319 13449 13449 W Lacrima_startup: type=1400 audit(0.0:39876): avc: denied { read } for name="zoneinfo" dev="proc" ino=4026532129 scontext=u:r:untrusted_app:s0:c173,c256,c512,c768 tcontext=u:object_r:proc_zoneinfo:s0 tclass=file permissive=0 app=com.facebook.orca
10-27 19:11:43.330 10483 10488 I adbd    : opening control endpoint /dev/usb-ffs/adb/ep0
10-27 19:11:43.332 10483 10488 I adbd    : UsbFfsConnection constructed
10-27 19:11:43.335 13449 13514 E nightwatch-target: /proc/zoneinfo open: errno=13
10-27 19:11:43.335 13449 13514 E nightwatch-target: sysmeminfo parse failed
10-27 19:11:43.336 10483 13857 I adbd    : UsbFfs-monitor thread spawned
10-27 19:11:43.437 13449 13793 W AMessage: failed to deliver message as target handler 1 is gone.
10-27 19:11:43.549  1618  6364 I system_server: oneway function results will be dropped but finished with status OK and parcel size 4
10-27 19:11:43.557  1618  6364 I chatty  : uid=1000(system) Binder:1618_12 identical 3 lines
10-27 19:11:43.569  1618  6364 I system_server: oneway function results will be dropped but finished with status OK and parcel size 4
10-27 19:11:43.669 13647 13647 W AppInit6: type=1400 audit(0.0:39877): avc: denied { read } for name="zoneinfo" dev="proc" ino=4026532129 scontext=u:r:untrusted_app:s0:c172,c256,c512,c768 tcontext=u:object_r:proc_zoneinfo:s0 tclass=file permissive=0 app=com.facebook.katana
10-27 19:11:43.674 13647 13749 E nightwatch-target: /proc/zoneinfo open: errno=13
10-27 19:11:43.675 13647 13749 E nightwatch-target: sysmeminfo parse failed
10-27 19:11:43.804 13449 13806 D CCodecBufferChannel: [c2.android.aac.decoder#170] DEBUG: elapsed: n=4 [in=0 pipeline=0 out=0 smoothness=4]
10-27 19:11:43.804 13449 13806 D PipelineWatcher: DEBUG: elapsed 0 / 4
10-27 19:11:43.987 13647 13660 I facebook.katan: WaitForGcToComplete blocked RunEmptyCheckpoint on ProfileSaver for 43.442ms
10-27 19:11:44.337 10483 13857 W adbd    : timed out while waiting for FUNCTIONFS_BIND, trying again
10-27 19:11:44.338 10483 13857 I adbd    : UsbFfs: connection terminated: monitor thread finished
10-27 19:11:44.338 10483 10483 I adbd    : UsbFfs: already offline
10-27 19:11:44.338 10483 10483 I adbd    : destroying transport UsbFfs
10-27 19:11:44.338 10483 10483 I adbd    : UsbFfsConnection being destroyed
10-27 19:11:44.339 13449 13449 W Lacrima_startup: type=1400 audit(0.0:39878): avc: denied { read } for name="zoneinfo" dev="proc" ino=4026532129 scontext=u:r:untrusted_app:s0:c173,c256,c512,c768 tcontext=u:object_r:proc_zoneinfo:s0 tclass=file permissive=0 app=com.facebook.orca
10-27 19:11:44.354 13449 13514 E nightwatch-target: /proc/zoneinfo open: errno=13
10-27 19:11:44.354 13449 13514 E nightwatch-target: sysmeminfo parse failed
10-27 19:11:44.370 10483 10488 I adbd    : opening control endpoint /dev/usb-ffs/adb/ep0
10-27 19:11:44.372 10483 10488 I adbd    : UsbFfsConnection constructed
10-27 19:11:44.376 10483 13864 I adbd    : UsbFfs-monitor thread spawned
10-27 19:11:44.685 13647 13733 W fb4a.Fixie: Initialize FB4A_APP_LOADED_UI_IDLE
10-27 19:11:44.686 13647 13733 W fb4a.Fixie: Initialize 6pz
10-27 19:11:44.687 13647 13733 W fb4a.Fixie: Initialize 6q0
10-27 19:11:44.687 13647 13733 W fb4a.Fixie: Initialize 6q1
10-27 19:11:44.687 13647 13733 W fb4a.Fixie/ActivityStackResetterFixer: Enable Activity Stack Resetter
10-27 19:11:44.689 13647 13647 W AppInit6: type=1400 audit(0.0:39879): avc: denied { read } for name="zoneinfo" dev="proc" ino=4026532129 scontext=u:r:untrusted_app:s0:c172,c256,c512,c768 tcontext=u:object_r:proc_zoneinfo:s0 tclass=file permissive=0 app=com.facebook.katana
10-27 19:11:44.689 13647 13733 W fb4a.Fixie: Initialize 6q2
10-27 19:11:44.689 13647 13733 W fb4a.Fixie: Initialize 6q3
10-27 19:11:44.691 13647 13733 W fb4a.Fixie: Initialize 6q5
10-27 19:11:44.692 13647 13733 W fb4a.Fixie: Initialize 6q6
10-27 19:11:44.692 13647 13733 W fb4a.Fixie: Initialize 0T3
10-27 19:11:44.692 13647 13733 W fb4a.Fixie: Initialize 6q8
10-27 19:11:44.692 13647 13733 W fb4a.Fixie: Initialize 6q9
10-27 19:11:44.693 13647 13749 E nightwatch-target: /proc/zoneinfo open: errno=13
10-27 19:11:44.693 13647 13749 E nightwatch-target: sysmeminfo parse failed
10-27 19:11:44.701 13647 13733 W fb4a.Fixie: Initialize 6qA
10-27 19:11:44.701 13647 13733 W fb4a.Fixie: Initialize 6qB
10-27 19:11:44.701 13647 13733 W fb4a.Fixie: Initialize RenderThreadANRFixer
10-27 19:11:44.714 13647 13717 W fb4a.lacrima: Sending pending reports
10-27 19:11:44.719 13647 13647 W CombinedTP3: type=1400 audit(0.0:39880): avc: denied { read } for name="stats" dev="proc" ino=4026532821 scontext=u:r:untrusted_app:s0:c172,c256,c512,c768 tcontext=u:object_r:proc_qtaguid_stat:s0 tclass=file permissive=0 app=com.facebook.katana
10-27 19:11:44.803 13647 13717 W fb4a.ZoneModule: Policy Zone is disabled. No-op Zone is returned
10-27 19:11:44.843 13647 13868 E fb4a.MsysMqttTopicsProvider: subscribing to Mqtt
10-27 19:11:44.855 13647 13868 E fb4a.MsysMqttTopicsProvider: subscribing to Mqtt
10-27 19:11:44.878 13647 13717 W facebook.katan: JNI RegisterNativeMethods: attempt to register 0 native methods for com.facebook.omnistore.OmnistoreCollectionFrontendHolder
10-27 19:11:44.878  1618  6364 D CompatibilityInfo: mCompatibilityFlags - 0
10-27 19:11:44.878  1618  6364 D CompatibilityInfo: applicationDensity - 420
10-27 19:11:44.878  1618  6364 D CompatibilityInfo: applicationScale - 1.0
10-27 19:11:44.881 13647 13647 W AppComponentFactory: Instantiating com.facebook.mqttlite.MqttService
10-27 19:11:44.949 13647 13647 W MqttHandler: type=1400 audit(0.0:39881): avc: granted { execute } for path="/data/data/com.facebook.katana/lib-compressed/librtimerged_1.so" dev="mmcblk0p68" ino=2755016 scontext=u:r:untrusted_app:s0:c172,c256,c512,c768 tcontext=u:object_r:app_data_file:s0:c172,c256,c512,c768 tclass=file app=com.facebook.katana
10-27 19:11:44.959 13647 13647 W MqttHandler: type=1400 audit(0.0:39882): avc: granted { execute } for path="/data/data/com.facebook.katana/lib-compressed/libintegritymerged.so" dev="mmcblk0p68" ino=2755308 scontext=u:r:untrusted_app:s0:c172,c256,c512,c768 tcontext=u:object_r:app_data_file:s0:c172,c256,c512,c768 tclass=file app=com.facebook.katana
10-27 19:11:44.959 13647 13647 W MqttHandler: type=1400 audit(0.0:39883): avc: granted { execute } for path="/data/data/com.facebook.katana/lib-compressed/libmsysxplatmerged.so" dev="mmcblk0p68" ino=2754985 scontext=u:r:untrusted_app:s0:c172,c256,c512,c768 tcontext=u:object_r:app_data_file:s0:c172,c256,c512,c768 tclass=file app=com.facebook.katana
10-27 19:11:45.009 13647 13868 W System.err: SLF4J: Failed to load class "org.slf4j.impl.StaticLoggerBinder".
10-27 19:11:45.009 13647 13868 W System.err: SLF4J: Defaulting to no-operation (NOP) logger implementation
10-27 19:11:45.009 13647 13868 W System.err: SLF4J: See http://www.slf4j.org/codes.html#StaticLoggerBinder for further details.
10-27 19:11:45.119 13647 13775 W facebook.katan: JNI RegisterNativeMethods: attempt to register 0 native methods for com.facebook.msys.mci.EventLoggingData
10-27 19:11:45.184 13647 13879 D omnistore_android_logger: AlarmManager::mainLoop calling alarm callbacks. There are total 0 scheduled tasks, and about to trigger 0 tasks (first task is N/A), then sleep for 43199999 ms
10-27 19:11:45.198 13647 13732 I CameraManagerGlobal: Connecting to camera service
10-27 19:11:45.204  1165  2010 W ServiceManager: Permission failure: android.permission.CAMERA_OPEN_CLOSE_LISTENER from uid=10172 pid=13647
10-27 19:11:45.210 13647 13732 E libc    : Access denied finding property "vendor.camera.aux.packagelist"
10-27 19:11:45.210 13647 13732 I chatty  : uid=10172(com.facebook.katana) identical 1 line
10-27 19:11:45.210 13647 13732 E libc    : Access denied finding property "vendor.camera.aux.packagelist"
10-27 19:11:45.210 13647 13732 W CameraManagerGlobal: [soar.cts] ignore the status update of camera: 2
10-27 19:11:45.211 13647 13732 E libc    : Access denied finding property "vendor.camera.aux.packagelist"
10-27 19:11:45.211 13647 13732 W CameraManagerGlobal: [soar.cts] ignore the status update of camera: 3
10-27 19:11:45.211 13647 13732 E libc    : Access denied finding property "vendor.camera.aux.packagelist"
10-27 19:11:45.211 13647 13732 W CameraManagerGlobal: [soar.cts] ignore the status update of camera: 4
10-27 19:11:45.212 13647 13732 E libc    : Access denied finding property "vendor.camera.aux.packagelist"
10-27 19:11:45.212 13647 13667 E libc    : Access denied finding property "vendor.camera.aux.packagelist"
10-27 19:11:45.212 13647 13667 E libc    : Access denied finding property "vendor.camera.aux.packagelist"
10-27 19:11:45.212 13647 13667 W CameraManagerGlobal: ignore the torch status update of camera: 3
10-27 19:11:45.213 13647 13667 E libc    : Access denied finding property "vendor.camera.aux.packagelist"
10-27 19:11:45.213 13647 13667 W CameraManagerGlobal: ignore the torch status update of camera: 4
10-27 19:11:45.215  1165  2010 W ServiceManager: Permission failure: android.permission.CAMERA from uid=10172 pid=13647
10-27 19:11:45.218  1165  2996 W ServiceManager: Permission failure: android.permission.CAMERA from uid=10172 pid=13647
10-27 19:11:45.232 13647 13881 I AdrenoGLES-0: QUALCOMM build                   : d7ad79a, I2f86ca99a8
10-27 19:11:45.232 13647 13881 I AdrenoGLES-0: Build Date                       : 06/13/21
10-27 19:11:45.232 13647 13881 I AdrenoGLES-0: OpenGL ES Shader Compiler Version: EV031.32.02.12
10-27 19:11:45.232 13647 13881 I AdrenoGLES-0: Local Branch                     : mybranchebcc171e-87ea-f17a-bb69-1458d0b52af0
10-27 19:11:45.232 13647 13881 I AdrenoGLES-0: Remote Branch                    : quic/gfx-adreno.lnx.1.0.r127-rel
10-27 19:11:45.232 13647 13881 I AdrenoGLES-0: Remote Branch                    : NONE
10-27 19:11:45.232 13647 13881 I AdrenoGLES-0: Reconstruct Branch               : NOTHING
10-27 19:11:45.232 13647 13881 I AdrenoGLES-0: Build Config                     : S L 10.0.7 AArch32
10-27 19:11:45.232 13647 13881 I AdrenoGLES-0: Driver Path                      : /vendor/lib/egl/libGLESv2_adreno.so
10-27 19:11:45.252 13647 13881 I AdrenoGLES-0: PFP: 0x005ff114, ME: 0x005ff066
10-27 19:11:45.302 13647 13775 D omnistore_android_logger: DebouncingRateLimiter attempting event SyncProtocol::onConnectionEstablished
10-27 19:11:45.302 13647 13775 D omnistore_android_logger: Event not rate limited: SyncProtocol::onConnectionEstablished
10-27 19:11:45.302 13647 13775 D omnistore_android_logger: SyncProtocol calling onConnectionEstablished callbacks
10-27 19:11:45.302 13647 13775 D omnistore_android_logger: Removing all queue based subscriptions from rewire state
10-27 19:11:45.304 13647 13775 D omnistore_android_logger: SendQueue::onConnectionEstablished: sending 0 transaction(s)
10-27 19:11:45.304 13647 13880 D omnistore_android_logger: SubscriptionManager::onConnectionEstablished is called back
10-27 19:11:45.322 13647 13880 I omnistore_android_logger: Connect message: queueName: facebook_universal_prefs_v2:100087145745260, gvid: 0
10-27 19:11:45.329 13647 13880 I omnistore_android_logger: Client sent connect message
10-27 19:11:45.368 13449 13514 E nightwatch-target: /proc/zoneinfo open: errno=13
10-27 19:11:45.368 13449 13514 E nightwatch-target: sysmeminfo parse failed
10-27 19:11:45.378 10483 13864 W adbd    : timed out while waiting for FUNCTIONFS_BIND, trying again
10-27 19:11:45.378 10483 13864 I adbd    : UsbFfs: connection terminated: monitor thread finished
10-27 19:11:45.378 10483 10483 I adbd    : UsbFfs: already offline
10-27 19:11:45.378 10483 10483 I adbd    : destroying transport UsbFfs
10-27 19:11:45.378 10483 10483 I adbd    : UsbFfsConnection being destroyed
10-27 19:11:45.418 13647 13733 W fb4a.AppStateLoggerCore: AppStateLogger is not ready yet (getAppStateErrorLogger)
10-27 19:11:45.450 10483 10488 I adbd    : opening control endpoint /dev/usb-ffs/adb/ep0
10-27 19:11:45.453 10483 10488 I adbd    : UsbFfsConnection constructed
10-27 19:11:45.454 10483 13883 I adbd    : UsbFfs-monitor thread spawned
10-27 19:11:45.500 13647 13744 I DpmTcmClient: RegisterTcmMonitor from: $Proxy1
10-27 19:11:45.693 13647 13749 E nightwatch-target: /proc/zoneinfo open: errno=13
10-27 19:11:45.693 13647 13749 E nightwatch-target: sysmeminfo parse failed
10-27 19:11:45.730 13647 13714 W fb4a.MobileConfigFactoryImpl: SESSIONBASED factory used for SESSIONLESS param
10-27 19:11:45.781 13647 13777 W fb4a.ServiceInfoParser: X.4X5: Service com.facebook.common.errorreporting.memory.MemoryDumpUploadService is missing meta key com.facebook.common.jobscheduler.compat.jobIds
10-27 19:11:45.781 13647 13777 W fb4a.ServiceInfoParser: X.4X5: Service com.facebook.browser.lite.BrowserLiteIntentService is missing meta key com.facebook.common.jobscheduler.compat.jobIds
10-27 19:11:45.781 13647 13777 W fb4a.ServiceInfoParser: X.4X5: Service com.facebook.browser.lite.BrowserLiteInMainProcessIntentService is missing meta key com.facebook.common.jobscheduler.compat.jobIds
10-27 19:11:45.781 13647 13777 W fb4a.ServiceInfoParser: X.4X5: Service com.facebook.businessintegrity.cloakingdetection.service.CloakingDetectionService is missing meta key com.facebook.common.jobscheduler.compat.jobIds
10-27 19:11:45.781 13647 13777 W fb4a.ServiceInfoParser: X.4X5: Service com.facebook.contacts.service.ContactLocaleChangeService is missing meta key com.facebook.common.jobscheduler.compat.jobIds
10-27 19:11:45.781 13647 13777 W fb4a.ServiceInfoParser: X.4X5: Service com.facebook.common.zopt.ZOptBackgroundService is missing meta key com.facebook.common.jobscheduler.compat.jobIds
10-27 19:11:45.782 13647 13777 W fb4a.ServiceInfoParser: X.4X5: Service com.facebook.account.login.notification.LoginNotificationService is missing meta key com.facebook.common.jobscheduler.compat.jobIds
10-27 19:11:45.782 13647 13777 W fb4a.ServiceInfoParser: X.4X5: Service com.facebook.conditionalworker.ConditionalWorkerService is missing meta key com.facebook.common.jobscheduler.compat.jobIds
10-27 19:11:45.782 13647 13777 W fb4a.ServiceInfoParser: X.4X5: Service com.facebook.fbservice.service.BlueServiceJobIntentService is missing meta key com.facebook.common.jobscheduler.compat.jobIds
10-27 19:11:45.783 13647 13777 W fb4a.ServiceInfoParser: X.4X5: Service com.facebook.notifications.tray.DelayedDeliveryJobScheduler is missing meta key com.facebook.common.jobscheduler.compat.jobIds
10-27 19:11:45.783 13647 13777 W fb4a.ServiceInfoParser: X.4X5: Service com.facebook.notifications.appwidget.bugreporter.NotificationsWidgetDebugHelper is missing meta key com.facebook.common.jobscheduler.compat.jobIds
10-27 19:11:45.783 13647 13777 W fb4a.ServiceInfoParser: X.4X5: Service com.facebook.appcomponentmanager.AppComponentManagerService is missing meta key com.facebook.common.jobscheduler.compat.jobIds
10-27 19:11:45.783 13647 13777 W fb4a.ServiceInfoParser: X.4X5: Service com.facebook.confirmation.notification.ConfirmationNotificationService is missing meta key com.facebook.common.jobscheduler.compat.jobIds
10-27 19:11:45.783 13647 13777 W fb4a.ServiceInfoParser: X.4X5: Service com.facebook.battery.monitor.ContinuousBatteryMonitorService is missing meta key com.facebook.common.jobscheduler.compat.jobIds
10-27 19:11:45.783 13647 13777 W fb4a.ServiceInfoParser: X.4X5: Service com.facebook.papaya.fb.client.services.FBPapayaJobService is missing meta key com.facebook.common.jobscheduler.compat.jobIds
10-27 19:11:45.784 13647 13777 W fb4a.ServiceInfoParser: X.4X5: Service com.facebook.push.adm.ADMService is missing meta key com.facebook.common.jobscheduler.compat.jobIds
10-27 19:11:45.784 13647 13777 W fb4a.ServiceInfoParser: X.4X5: Service com.facebook.push.adm.ADMBroadcastReceiverJobBase is missing meta key com.facebook.common.jobscheduler.compat.jobIds
10-27 19:11:45.784 13647 13777 W fb4a.ServiceInfoParser: X.4X5: Service com.facebook.push.adm.ADMJobIntentService is missing meta key com.facebook.common.jobscheduler.compat.jobIds
10-27 19:11:45.784 13647 13777 W fb4a.ServiceInfoParser: X.4X5: Service com.facebook.push.fbpushdata.common.FbPushDataHandlerService is missing meta key com.facebook.common.jobscheduler.compat.jobIds
10-27 19:11:45.784 13647 13777 W fb4a.ServiceInfoParser: X.4X5: Service com.facebook.push.mqtt.service.MqttPushHelperService is missing meta key com.facebook.common.jobscheduler.compat.jobIds
10-27 19:11:45.784 13647 13777 W fb4a.ServiceInfoParser: X.4X5: Service com.facebook.reportaproblem.base.bugreport.BugReportUploadService is missing meta key com.facebook.common.jobscheduler.compat.jobIds
10-27 19:11:45.784 13647 13777 W fb4a.ServiceInfoParser: X.4X5: Service com.facebook.push.registration.RegistrarHelperService is missing meta key com.facebook.common.jobscheduler.compat.jobIds
10-27 19:11:45.785 13647 13777 W fb4a.ServiceInfoParser: X.4X5: Service com.facebook.push.crossapp.PackageRemovedReporterService is missing meta key com.facebook.common.jobscheduler.compat.jobIds
10-27 19:11:45.785 13647 13777 W fb4a.ServiceInfoParser: X.4X5: Service com.facebook.profilo.upload.TraceUploadRetryJob is missing meta key com.facebook.common.jobscheduler.compat.jobIds
10-27 19:11:45.785 13647 13777 W fb4a.ServiceInfoParser: X.4X5: Service com.facebook.registration.notification.RegistrationNotificationService is missing meta key com.facebook.common.jobscheduler.compat.jobIds
10-27 19:11:45.785 13647 13777 W fb4a.ServiceInfoParser: X.4X5: Service com.facebook.orca.notify.MessagesNotificationService is missing meta key com.facebook.common.jobscheduler.compat.jobIds
10-27 19:11:45.786 13647 13777 W fb4a.ServiceInfoParser: X.4X5: Service com.facebook.common.dextricks.DexOptimization$Service is missing meta key com.facebook.common.jobscheduler.compat.jobIds
10-27 19:11:45.786 13647 13777 W fb4a.ServiceInfoParser: X.4X5: Service com.facebook.common.dextricks.DexOptimizationJobService is missing meta key com.facebook.common.jobscheduler.compat.jobIds
10-27 19:11:45.786 13647 13777 W fb4a.ServiceInfoParser: X.4X5: Service com.facebook.glc.ScheduledWifiMonitorService is missing meta key com.facebook.common.jobscheduler.compat.jobIds
10-27 19:11:45.786 13647 13777 W fb4a.ServiceInfoParser: X.4X5: Service com.facebook.glc.GLCService is missing meta key com.facebook.common.jobscheduler.compat.jobIds
10-27 19:11:45.786 13647 13777 W fb4a.ServiceInfoParser: X.4X5: Service com.facebook.displaytimeinvalidation.service.DisplayTimeBlockIntentService is missing meta key com.facebook.common.jobscheduler.compat.jobIds
10-27 19:11:45.786 13647 13777 W fb4a.ServiceInfoParser: X.4X5: Service com.facebook.delayedworker.DelayedWorkerService is missing meta key com.facebook.common.jobscheduler.compat.jobIds
10-27 19:11:45.786 13647 13777 W fb4a.ServiceInfoParser: X.4X5: Service com.facebook.videolite.api.jobscheduler.UploadJobSchedulerService is missing meta key com.facebook.common.jobscheduler.compat.jobIds
10-27 19:11:45.786 13647 13777 W fb4a.ServiceInfoParser: X.4X5: Service com.facebook.analytics2.logger.service.LollipopUploadSafeService is missing meta key com.facebook.common.jobscheduler.compat.jobIds
10-27 19:11:45.786 13647 13777 W fb4a.ServiceInfoParser: X.4X5: Service com.facebook.analytics2.logger.LollipopUploadService is missing meta key com.facebook.common.jobscheduler.compat.jobIds
10-27 19:11:45.786 13647 13777 W fb4a.ServiceInfoParser: X.4X5: Service com.facebook.feed.platformads.AppInstallService is missing meta key com.facebook.common.jobscheduler.compat.jobIds
10-27 19:11:45.787 13647 13777 W fb4a.ServiceInfoParser: X.4X5: Service com.facebook.googleplay.GooglePlayInstallRefererService is missing meta key com.facebook.common.jobscheduler.compat.jobIds
10-27 19:11:45.787 13647 13777 W fb4a.ServiceInfoParser: X.4X5: Service com.facebook.oxygen.preloads.sdk.firstparty.managedappcache.IsManagedAppCacheJobService is missing meta key com.facebook.common.jobscheduler.compat.jobIds
10-27 19:11:45.787 13647 13777 W fb4a.ServiceInfoParser: X.4X5: Service com.facebook.push.negativefeedback.PushNegativeFeedbackFbJobIntentService is missing meta key com.facebook.common.jobscheduler.compat.jobIds
10-27 19:11:45.787 13647 13777 W fb4a.ServiceInfoParser: X.4X5: Service com.facebook.push.fcm.FcmRegistrarFbJobIntentService is missing meta key com.facebook.common.jobscheduler.compat.jobIds
10-27 19:11:45.787 13647 13777 W fb4a.ServiceInfoParser: X.4X5: Service com.facebook.compost.service.CompostNotificationService is missing meta key com.facebook.common.jobscheduler.compat.jobIds
10-27 19:11:45.787 13647 13777 W fb4a.ServiceInfoParser: X.4X5: Service com.facebook.analytics.appstatelogger.AppStateIntentService is missing meta key com.facebook.common.jobscheduler.compat.jobIds
10-27 19:11:45.787 13647 13777 W fb4a.ServiceInfoParser: X.4X5: Service com.facebook.messaging.prefs.notifications.NotificationPrefsSyncService is missing meta key com.facebook.common.jobscheduler.compat.jobIds
10-27 19:11:45.788 13647 13777 W fb4a.ServiceInfoParser: X.4X5: Service androidx.work.impl.background.systemjob.SystemJobService is missing meta key com.facebook.common.jobscheduler.compat.jobIds
10-27 19:11:45.788 13647 13777 W fb4a.ServiceInfoParser: X.4X5: Service com.google.android.gms.analytics.AnalyticsJobService is missing meta key com.facebook.common.jobscheduler.compat.jobIds
10-27 19:11:45.800  1618  1788 W BroadcastQueue: Permission Denial: broadcasting Intent { act=android.net.conn.CONNECTIVITY_CHANGE flg=0x4200010 (has extras) } from null (pid=-1, uid=-1) requires com.facebook.permission.prod.FB_APP_COMMUNICATION due to registered receiver BroadcastFilter{f7c4624 10172/u0 ReceiverList{4e65eb7 13647 com.facebook.katana/10172/u0 remote:88c01b6}}
10-27 19:11:45.801 13647 13658 I facebook.katan: Compiler allocated 6615KB to compile boolean X.0Xr.A0A(android.os.StrictMode$ThreadPolicy, java.lang.String, java.lang.String, java.lang.String, int)
10-27 19:11:46.264 13647 13744 D skia    : --- Failed to create image decoder with message 'unimplemented'
10-27 19:11:46.270 13647 13733 D skia    : --- Failed to create image decoder with message 'unimplemented'
10-27 19:11:46.278 13647 13744 D skia    : --- Failed to create image decoder with message 'unimplemented'
10-27 19:11:46.283 13647 13733 D skia    : --- Failed to create image decoder with message 'unimplemented'
10-27 19:11:46.286 13647 13733 W fb4a.Fixie: Initialize FB4A_APP_INIT
10-27 19:11:46.286 13647 13733 W fb4a.Fixie: Initialize 6px
10-27 19:11:46.286 13647 13733 W fb4a.Fixie: Initialize 6py
10-27 19:11:46.411 13647 13898 D fb-distract: Distracting /data/app/com.facebook.katana-tencbRgMDfc3hUHCWw-mkQ==/lib/arm/libc++_shared.so!<unknown> (0x0xbd0f42cd) with /data/data/com.facebook.katana/lib-compressed/libdexload.so!_ZN8facebook4lyra9cxa_throwEPvPKSt9type_infoPFvS1_E (0x0xbceb2521)
10-27 19:11:46.432 13647 13744 E ActivityThread: Failed to find provider info for com.facebook.appmanager.firstparty.crashreporter
10-27 19:11:46.455 10483 13883 W adbd    : timed out while waiting for FUNCTIONFS_BIND, trying again
10-27 19:11:46.455 10483 13883 I adbd    : UsbFfs: connection terminated: monitor thread finished
10-27 19:11:46.455 10483 10483 I adbd    : UsbFfs: already offline
10-27 19:11:46.455 10483 10483 I adbd    : destroying transport UsbFfs
10-27 19:11:46.456 10483 10483 I adbd    : UsbFfsConnection being destroyed
10-27 19:11:46.491 10483 10488 I adbd    : opening control endpoint /dev/usb-ffs/adb/ep0
10-27 19:11:46.495 10483 10488 I adbd    : UsbFfsConnection constructed
10-27 19:11:46.500 10483 13904 I adbd    : UsbFfs-monitor thread spawned
10-27 19:11:46.549 13647 13647 W CombinedTP6: type=1400 audit(0.0:39909): avc: granted { execute } for path="/data/data/com.facebook.katana/lib-compressed/libjavamemtracking700.so" dev="mmcblk0p68" ino=2755168 scontext=u:r:untrusted_app:s0:c172,c256,c512,c768 tcontext=u:object_r:app_data_file:s0:c172,c256,c512,c768 tclass=file app=com.facebook.katana
10-27 19:11:46.549 13647 13647 W CombinedTP6: type=1400 audit(0.0:39910): avc: granted { execute } for path="/data/data/com.facebook.katana/lib-compressed/libjavamemtracking712.so" dev="mmcblk0p68" ino=2755161 scontext=u:r:untrusted_app:s0:c172,c256,c512,c768 tcontext=u:object_r:app_data_file:s0:c172,c256,c512,c768 tclass=file app=com.facebook.katana
10-27 19:11:46.549 13647 13647 W CombinedTP6: type=1400 audit(0.0:39911): avc: granted { execute } for path="/data/data/com.facebook.katana/lib-compressed/libjavamemtracking800.so" dev="mmcblk0p68" ino=2755165 scontext=u:r:untrusted_app:s0:c172,c256,c512,c768 tcontext=u:object_r:app_data_file:s0:c172,c256,c512,c768 tclass=file app=com.facebook.katana
10-27 19:11:46.549 13647 13647 W CombinedTP6: type=1400 audit(0.0:39912): avc: granted { execute } for path="/data/data/com.facebook.katana/lib-compressed/libjavamemtracking810.so" dev="mmcblk0p68" ino=2755166 scontext=u:r:untrusted_app:s0:c172,c256,c512,c768 tcontext=u:object_r:app_data_file:s0:c172,c256,c512,c768 tclass=file app=com.facebook.katana
10-27 19:11:46.553 13647 13775 E ActivityThread: Failed to find provider info for com.android.launcher3.cornermark.unreadbadge
10-27 19:11:46.559 13647 13647 W CombinedTP6: type=1400 audit(0.0:39913): avc: granted { execute } for path="/data/data/com.facebook.katana/lib-compressed/libjavamemtracking900.so" dev="mmcblk0p68" ino=2755163 scontext=u:r:untrusted_app:s0:c172,c256,c512,c768 tcontext=u:object_r:app_data_file:s0:c172,c256,c512,c768 tclass=file app=com.facebook.katana
10-27 19:11:46.577 13647 13744 D fb-distract: Distracting /apex/com.android.art/lib/libart.so!_ZN3art6Thread4InitEPNS_10ThreadListEPNS_9JavaVMExtEPNS_9JNIEnvExtE (0x0xe8010099) with /data/data/com.facebook.katana/lib-compressed/libfbandroid_native_javamemtracking_javamemtracking.so!<unknown> (0x0xb0036299)
10-27 19:11:46.668  1369  1634 E QMI_FW  : qmi_cci_get_ref: ref count increased 2
10-27 19:11:46.693 13647 13658 I facebook.katan: Method exceeds compiler instruction limit: 18701 in int X.19s.A00(java.lang.String)
10-27 19:11:46.702 13647 13868 E fb4a.MsysMqttTopicsProvider: subscribing to Mqtt
10-27 19:11:46.711 13647 13749 E nightwatch-target: /proc/zoneinfo open: errno=13
10-27 19:11:46.711 13647 13749 E nightwatch-target: sysmeminfo parse failed
10-27 19:11:46.903 13647 13915 D XmlUtils: String value is null
10-27 19:11:46.944 13647 13733 W DittoLateInitJob: Ditto qe values updated, new state = DittoState{build id=410291255;in QE=false;enable ditto=false;patch name=;override=none;crash mitigation detected=false;extra config=0;sequential number=1;deadCodePluginNumBuckets=100;threadIdPluginNumBuckets=100;bucketIndex1=-1;bucketIndex2=-2}
10-27 19:11:46.951 13647 13898 W fb4a.SyncInitializer: Start regular sync initialization
10-27 19:11:47.057 13647 13732 W fb4a.MobileConfigFactoryImpl: Invalid param type used for config: 555, param: 237
10-27 19:11:47.113 13647 13900 E libprocessgroup: set_timerslack_ns write failed: Operation not permitted
10-27 19:11:47.143  1618  3194 D CompatibilityInfo: mCompatibilityFlags - 0
10-27 19:11:47.143  1618  3194 D CompatibilityInfo: applicationDensity - 420
10-27 19:11:47.143  1618  3194 D CompatibilityInfo: applicationScale - 1.0
10-27 19:11:47.146 13647 13647 W AppComponentFactory: Instantiating com.facebook.video.heroplayer.service.MainProcHeroService
10-27 19:11:47.172 13647 13775 E libprocessgroup: set_timerslack_ns write failed: Operation not permitted
10-27 19:11:47.198 13647 13647 W HeroServiceClient: onServiceConnected
10-27 19:11:47.198 13647 13647 W HeroServiceClient: onServiceConnectedInternal()
10-27 19:11:47.204 13647 13647 W fb4a.3zl: creating VideoPerformanceTracking with event bus
10-27 19:11:47.219 13647 13933 W VideoCapabilities: Unsupported mime video/divx
10-27 19:11:47.220 13647 13933 W VideoCapabilities: Unsupported mime video/divx311
10-27 19:11:47.221 13647 13933 W VideoCapabilities: Unsupported mime video/divx4
10-27 19:11:47.223 13647 13933 W VideoCapabilities: Unrecognized profile/level 0/3 for video/mpeg2
10-27 19:11:47.224 13647 13933 W VideoCapabilities: Unrecognized profile/level 0/3 for video/mpeg2
10-27 19:11:47.225 13647 13933 W VideoCapabilities: Unsupported mime video/x-ms-wmv
10-27 19:11:47.226 13647 13933 W VideoCapabilities: Unsupported mime video/x-ms-wmv
10-27 19:11:47.232 13647 13933 W AudioCapabilities: Unsupported mime audio/ozoaudio
10-27 19:11:47.267 13647 13935 I OMXClient: IOmx service obtained
10-27 19:11:47.268  1235  1310 I OMXMaster: makeComponentInstance(OMX.qcom.video.decoder.avc) in android.hardwar process
10-27 19:11:47.274  1235  1310 E android.hardware.media.omx@1.0-service: Service not available yet
10-27 19:11:47.277  1235  1310 I OMX-VDEC-1080P: Video slvp perflock released
10-27 19:11:47.278  1235  1310 I OMX-VDEC-1080P: component_init: OMX.qcom.video.decoder.avc : fd=9
10-27 19:11:47.292  1235  1310 I OMX-VDEC-1080P: omx_vdec::component_init() success : fd=9
10-27 19:11:47.301  1235  1310 I OMX-VDEC-1080P: omx_vdec::component_deinit() complete
10-27 19:11:47.304  1235  1310 I OMX-VDEC-1080P: Exit OMX vdec Destructor: fd=9
10-27 19:11:47.305  1235  1310 I OMX-VDEC-1080P: Video slvp perflock acquired
10-27 19:11:47.308 13647 13935 I OMXClient: IOmx service obtained
10-27 19:11:47.309  1235 11970 I OMXMaster: makeComponentInstance(OMX.qcom.video.decoder.avc) in android.hardwar process
10-27 19:11:47.314  1235 11970 E android.hardware.media.omx@1.0-service: Service not available yet
10-27 19:11:47.317  1235 11970 I OMX-VDEC-1080P: Video slvp perflock released
10-27 19:11:47.317  1235 11970 I OMX-VDEC-1080P: component_init: OMX.qcom.video.decoder.avc : fd=9
10-27 19:11:47.327  1235 11970 I OMX-VDEC-1080P: omx_vdec::component_init() success : fd=9
10-27 19:11:47.332 13647 13944 D CCodec  : allocate(c2.android.aac.decoder)
10-27 19:11:47.334 13647 13944 I Codec2Client: Available Codec2 services: "ozoaudio" "software"
10-27 19:11:47.342 13647 13944 I CCodec  : Created component [c2.android.aac.decoder]
10-27 19:11:47.342 13647 13944 D CCodecConfig: read media type: audio/mp4a-latm
10-27 19:11:47.345 13647 13944 D ReflectedParamUpdater: extent() != 1 for single value type: algo.buffers.max-count.values
10-27 19:11:47.345 13647 13944 D ReflectedParamUpdater: extent() != 1 for single value type: output.subscribed-indices.values
10-27 19:11:47.345 13647 13944 D ReflectedParamUpdater: extent() != 1 for single value type: input.buffers.allocator-ids.values
10-27 19:11:47.345 13647 13944 D ReflectedParamUpdater: extent() != 1 for single value type: output.buffers.allocator-ids.values
10-27 19:11:47.345 13647 13944 D ReflectedParamUpdater: extent() != 1 for single value type: algo.buffers.allocator-ids.values
10-27 19:11:47.345 13647 13944 D ReflectedParamUpdater: extent() != 1 for single value type: output.buffers.pool-ids.values
10-27 19:11:47.346 13647 13944 D ReflectedParamUpdater: extent() != 1 for single value type: algo.buffers.pool-ids.values
10-27 19:11:47.349 13647 13944 I CCodecConfig: query failed after returning 19 values (BAD_INDEX)
10-27 19:11:47.350 13647 13944 D CCodecConfig: c2 config diff is Dict {
10-27 19:11:47.350 13647 13944 D CCodecConfig:   c2::u32 coded.aac-packaging.value = 0
10-27 19:11:47.350 13647 13944 D CCodecConfig:   c2::u32 coded.bitrate.value = 64000
10-27 19:11:47.350 13647 13944 D CCodecConfig:   c2::u32 coded.pl.level = 0
10-27 19:11:47.350 13647 13944 D CCodecConfig:   c2::u32 coded.pl.profile = 8192
10-27 19:11:47.350 13647 13944 D CCodecConfig:   c2::i32 coding.drc.album-mode.value = 0
10-27 19:11:47.350 13647 13944 D CCodecConfig:   c2::float coding.drc.attenuation-factor.value = 1
10-27 19:11:47.350 13647 13944 D CCodecConfig:   c2::float coding.drc.boost-factor.value = 1
10-27 19:11:47.350 13647 13944 D CCodecConfig:   c2::i32 coding.drc.compression-mode.value = 3
10-27 19:11:47.350 13647 13944 D CCodecConfig:   c2::i32 coding.drc.effect-type.value = 3
10-27 19:11:47.350 13647 13944 D CCodecConfig:   c2::float coding.drc.encoded-level.value = 0.25
10-27 19:11:47.350 13647 13944 D CCodecConfig:   c2::float coding.drc.reference-level.value = -16
10-27 19:11:47.350 13647 13944 D CCodecConfig:   c2::u32 input.buffers.max-size.value = 8192
10-27 19:11:47.350 13647 13944 D CCodecConfig:   c2::u32 input.delay.value = 0
10-27 19:11:47.350 13647 13944 D CCodecConfig:   string input.media-type.value = "audio/mp4a-latm"
10-27 19:11:47.350 13647 13944 D CCodecConfig:   c2::u32 output.delay.value = 2
10-27 19:11:47.350 13647 13944 D CCodecConfig:   c2::float output.drc.output-loudness.value = 0.25
10-27 19:11:47.350 13647 13944 D CCodecConfig:   string output.media-type.value = "audio/raw"
10-27 19:11:47.350 13647 13944 D CCodecConfig:   c2::u32 raw.channel-count.value = 1
10-27 19:11:47.350 13647 13944 D CCodecConfig:   c2::u32 raw.max-channel-count.value = 8
10-27 19:11:47.350 13647 13944 D CCodecConfig:   c2::u32 raw.sample-rate.value = 44100
10-27 19:11:47.350 13647 13944 D CCodecConfig: }
10-27 19:11:47.354 13647 13951 I hw-BpHwBinder: onLastStrongRef automatically unlinking death recipients
10-27 19:11:47.355 13647 13944 D CCodec  : allocate(c2.android.aac.decoder)
10-27 19:11:47.358 13647 13944 I CCodec  : Created component [c2.android.aac.decoder]
10-27 19:11:47.358 13647 13944 D CCodecConfig: read media type: audio/mp4a-latm
10-27 19:11:47.361 13647 13944 D ReflectedParamUpdater: extent() != 1 for single value type: algo.buffers.max-count.values
10-27 19:11:47.362 13647 13944 D ReflectedParamUpdater: extent() != 1 for single value type: output.subscribed-indices.values
10-27 19:11:47.362 13647 13944 D ReflectedParamUpdater: extent() != 1 for single value type: input.buffers.allocator-ids.values
10-27 19:11:47.362 13647 13944 D ReflectedParamUpdater: extent() != 1 for single value type: output.buffers.allocator-ids.values
10-27 19:11:47.362 13647 13944 D ReflectedParamUpdater: extent() != 1 for single value type: algo.buffers.allocator-ids.values
10-27 19:11:47.362 13647 13944 D ReflectedParamUpdater: extent() != 1 for single value type: output.buffers.pool-ids.values
10-27 19:11:47.362 13647 13944 D ReflectedParamUpdater: extent() != 1 for single value type: algo.buffers.pool-ids.values
10-27 19:11:47.366 13647 13944 I CCodecConfig: query failed after returning 19 values (BAD_INDEX)
10-27 19:11:47.366 13647 13944 D CCodecConfig: c2 config diff is Dict {
10-27 19:11:47.366 13647 13944 D CCodecConfig:   c2::u32 coded.aac-packaging.value = 0
10-27 19:11:47.366 13647 13944 D CCodecConfig:   c2::u32 coded.bitrate.value = 64000
10-27 19:11:47.366 13647 13944 D CCodecConfig:   c2::u32 coded.pl.level = 0
10-27 19:11:47.366 13647 13944 D CCodecConfig:   c2::u32 coded.pl.profile = 8192
10-27 19:11:47.366 13647 13944 D CCodecConfig:   c2::i32 coding.drc.album-mode.value = 0
10-27 19:11:47.366 13647 13944 D CCodecConfig:   c2::float coding.drc.attenuation-factor.value = 1
10-27 19:11:47.366 13647 13944 D CCodecConfig:   c2::float coding.drc.boost-factor.value = 1
10-27 19:11:47.366 13647 13944 D CCodecConfig:   c2::i32 coding.drc.compression-mode.value = 3
10-27 19:11:47.366 13647 13944 D CCodecConfig:   c2::i32 coding.drc.effect-type.value = 3
10-27 19:11:47.366 13647 13944 D CCodecConfig:   c2::float coding.drc.encoded-level.value = 0.25
10-27 19:11:47.366 13647 13944 D CCodecConfig:   c2::float coding.drc.reference-level.value = -16
10-27 19:11:47.366 13647 13944 D CCodecConfig:   c2::u32 input.buffers.max-size.value = 8192
10-27 19:11:47.366 13647 13944 D CCodecConfig:   c2::u32 input.delay.value = 0
10-27 19:11:47.366 13647 13944 D CCodecConfig:   string input.media-type.value = "audio/mp4a-latm"
10-27 19:11:47.366 13647 13944 D CCodecConfig:   c2::u32 output.delay.value = 2
10-27 19:11:47.366 13647 13944 D CCodecConfig:   c2::float output.drc.output-loudness.value = 0.25
10-27 19:11:47.366 13647 13944 D CCodecConfig:   string output.media-type.value = "audio/raw"
10-27 19:11:47.366 13647 13944 D CCodecConfig:   c2::u32 raw.channel-count.value = 1
10-27 19:11:47.366 13647 13944 D CCodecConfig:   c2::u32 raw.max-channel-count.value = 8
10-27 19:11:47.366 13647 13944 D CCodecConfig:   c2::u32 raw.sample-rate.value = 44100
10-27 19:11:47.366 13647 13944 D CCodecConfig: }
10-27 19:11:47.501 10483 13904 W adbd    : timed out while waiting for FUNCTIONFS_BIND, trying again
10-27 19:11:47.502 10483 13904 I adbd    : UsbFfs: connection terminated: monitor thread finished
10-27 19:11:47.502 10483 10483 I adbd    : UsbFfs: already offline
10-27 19:11:47.502 10483 10483 I adbd    : destroying transport UsbFfs
10-27 19:11:47.502 10483 10483 I adbd    : UsbFfsConnection being destroyed
10-27 19:11:47.533 10483 10488 I adbd    : opening control endpoint /dev/usb-ffs/adb/ep0
10-27 19:11:47.536 10483 10488 I adbd    : UsbFfsConnection constructed
10-27 19:11:47.537 10483 13953 I adbd    : UsbFfs-monitor thread spawned
