10-27 19:11:47.719 13647 13647 W AppInit6: type=1400 audit(0.0:39927): avc: denied { read } for name="zoneinfo" dev="proc" ino=4026532129 scontext=u:r:untrusted_app:s0:c172,c256,c512,c768 tcontext=u:object_r:proc_zoneinfo:s0 tclass=file permissive=0 app=com.facebook.katana
10-27 19:11:47.734 13647 13749 E nightwatch-target: /proc/zoneinfo open: errno=13
10-27 19:11:47.734 13647 13749 E nightwatch-target: sysmeminfo parse failed
10-27 19:11:48.337 13960 13960 I atrace  : Dumping trace
10-27 19:11:48.436  1618  3194 D CompatibilityInfo: mCompatibilityFlags - 0
10-27 19:11:48.436  1618  3194 D CompatibilityInfo: applicationDensity - 420
10-27 19:11:48.436  1618  3194 D CompatibilityInfo: applicationScale - 1.0
10-27 19:11:48.457  3434 10957 I NetworkScheduler.Stats: Task com.google.android.gms/com.google.android.gms.ipa.base.IpaGcmTaskService started execution. cause:9 exec_start_elapsed_seconds: 6145 [CONTEXT service_id=218 ]
10-27 19:11:48.463  1618  7927 D CompatibilityInfo: mCompatibilityFlags - 0
10-27 19:11:48.463  1618  7927 D CompatibilityInfo: applicationDensity - 420
10-27 19:11:48.463  1618  7927 D CompatibilityInfo: applicationScale - 1.0
10-27 19:11:48.465  3434 11273 I NetworkScheduler.Stats: Task com.google.android.gms/com.google.android.gms.ipa.base.IpaGcmTaskService finished executing. cause:9 result: 1 elapsed_millis: 55 uptime_millis: 55 exec_start_elapsed_seconds: 6145 [CONTEXT service_id=218 ]
10-27 19:11:48.466  3434  3434 D BoundBrokerSvc: onBind: Intent { act=com.google.android.gms.scheduler.ACTION_PROXY_SCHEDULE cmp=com.google.android.gms/.chimera.PersistentInternalBoundBrokerService }
10-27 19:11:48.467  3434  3434 D BoundBrokerSvc: Loading bound service for intent: Intent { act=com.google.android.gms.scheduler.ACTION_PROXY_SCHEDULE cmp=com.google.android.gms/.chimera.PersistentInternalBoundBrokerService }
10-27 19:11:48.548 10483 13953 W adbd    : timed out while waiting for FUNCTIONFS_BIND, trying again
10-27 19:11:48.548 10483 13953 I adbd    : UsbFfs: connection terminated: monitor thread finished
10-27 19:11:48.549 10483 10483 I adbd    : UsbFfs: already offline
10-27 19:11:48.549 10483 10483 I adbd    : destroying transport UsbFfs
10-27 19:11:48.549 10483 10483 I adbd    : UsbFfsConnection being destroyed
10-27 19:11:48.564  1618  7927 D CompatibilityInfo: mCompatibilityFlags - 0
10-27 19:11:48.564  1618  7927 D CompatibilityInfo: applicationDensity - 420
10-27 19:11:48.564  1618  7927 D CompatibilityInfo: applicationScale - 1.0
10-27 19:11:48.571  3434 10957 W TapAndPay: platformSupportsGooglePay: true [CONTEXT service_id=79 ]
10-27 19:11:48.571  3434 10957 W TapAndPay: hasManagedProfile: false [CONTEXT service_id=79 ]
10-27 19:11:48.571  3434 10957 W TapAndPay: isChromeOsDevice: false [CONTEXT service_id=79 ]
10-27 19:11:48.572  3434 10957 W TapAndPay: isUncertifiedDevice: false [CONTEXT service_id=79 ]
10-27 19:11:48.572  3434 10957 W TapAndPay: deviceSupportsTokenization: true [CONTEXT service_id=79 ]
10-27 19:11:48.572  3434 10957 W TapAndPay: isGooglePayEnabled: true [CONTEXT service_id=79 ]
10-27 19:11:48.575  3434 12217 I NetworkScheduler.Stats: Task com.google.android.gms/com.google.android.gms.tapandpay.gcmtask.TapAndPayGcmTaskService started execution. cause:5 exec_start_elapsed_seconds: 6146 [CONTEXT service_id=218 ]
10-27 19:11:48.580 10483 10488 I adbd    : opening control endpoint /dev/usb-ffs/adb/ep0
10-27 19:11:48.582 10483 10488 I adbd    : UsbFfsConnection constructed
10-27 19:11:48.582 10483 13962 I adbd    : UsbFfs-monitor thread spawned
10-27 19:11:48.593  3434 10957 I NetworkScheduler.Stats: Task com.google.android.gms/com.google.android.gms.tapandpay.gcmtask.TapAndPayGcmTaskService finished executing. cause:5 result: 1 elapsed_millis: 52 uptime_millis: 52 exec_start_elapsed_seconds: 6146 [CONTEXT service_id=218 ]
10-27 19:11:48.609   689   689 W atrace@1.0-serv: type=1400 audit(0.0:39928): avc: denied { write } for name="enable" dev="tracefs" ino=7290 scontext=u:r:hal_atrace_default:s0 tcontext=u:object_r:debugfs_tracing_debug:s0 tclass=file permissive=0
10-27 19:11:48.609   689   689 W atrace@1.0-serv: type=1400 audit(0.0:39929): avc: denied { write } for name="enable" dev="tracefs" ino=5912 scontext=u:r:hal_atrace_default:s0 tcontext=u:object_r:debugfs_tracing_debug:s0 tclass=file permissive=0
10-27 19:11:48.609 13960 13960 W atrace  : type=1400 audit(0.0:39930): avc: denied { write } for name="enable" dev="tracefs" ino=5027 scontext=u:r:shell:s0 tcontext=u:object_r:debugfs_tracing_debug:s0 tclass=file permissive=0
10-27 19:11:48.609 13960 13960 W atrace  : type=1400 audit(0.0:39931): avc: denied { write } for name="enable" dev="tracefs" ino=5141 scontext=u:r:shell:s0 tcontext=u:object_r:debugfs_tracing_debug:s0 tclass=file permissive=0
10-27 19:11:48.625   689   689 E android.hardware.atrace@1.0-service: Failed to disable tracing on: /sys/kernel/debug/tracing/events/mdss/enable
10-27 19:11:48.625   689   689 E android.hardware.atrace@1.0-service: Failed to disable tracing on: /sys/kernel/debug/tracing/events/sde/enable
10-27 19:11:48.625   689   689 E android.hardware.atrace@1.0-service: Failed to disable tracing on: /sys/kernel/debug/tracing/events/mali_systrace/enable
10-27 19:11:48.625   689   689 E android.hardware.atrace@1.0-service: Failed to disable tracing on: /sys/kernel/debug/tracing/events/kmem/ion_alloc_buffer_start/enable
10-27 19:11:48.654 13963 13963 I perfetto: probes.cc:77            Starting /system/bin/traced_probes service
10-27 19:11:48.656 13963 13963 I perfetto: probes_producer.cc:100  Connected to the service
10-27 19:11:48.732 13647 13749 E nightwatch-target: /proc/zoneinfo open: errno=13
10-27 19:11:48.732 13647 13749 E nightwatch-target: sysmeminfo parse failed
10-27 19:11:49.064  1618  6364 I ActivityManager: Force stopping com.facebook.orca appid=10173 user=0: from pid 13982
10-27 19:11:49.065  1618  6364 I ActivityManager: Killing 13449:com.facebook.orca/u0a173 (adj 0): stop com.facebook.orca due to from pid 13982
10-27 19:11:49.081  1618  6364 W ActivityTaskManager: Force removing ActivityRecord{26cf1d0 u0 com.facebook.orca/.auth.StartScreenActivity t659 f}}: app died, no saved state
10-27 19:11:49.126  3124  3124 V Activity: mLastPackageName-com.android.settings.SubSettings
10-27 19:11:49.127   877   877 E QMI_FW  : qmi_cci_get_ref: ref count increased 2
10-27 19:11:49.130  3109  3109 E PhoneInterfaceManager: [PhoneIntfMgr] getCarrierPackageNamesForIntentAndPhone: No UICC
10-27 19:11:49.131  3109  3109 D CarrierSvcBindHelper: No carrier app for: 0
10-27 19:11:49.132  3109  3109 E PhoneInterfaceManager: [PhoneIntfMgr] getCarrierPackageNamesForIntentAndPhone: No UICC
10-27 19:11:49.132  3109  3109 D CarrierSvcBindHelper: No carrier app for: 1
10-27 19:11:49.152  3124  3124 D PureDisplay: package-com.android.settings DYNAMIC_ORIGINAL_MODE open
10-27 19:11:49.153  3124  3124 W ContextImpl: Calling a method in the system process without a qualified user: android.app.ContextImpl.sendBroadcast:1111 android.content.ContextWrapper.sendBroadcast:468 android.app.Activity.setPureDisplayMode:1942 android.app.Activity.updatePureDisplayMode:1930 android.app.Activity.onResume:2100 
10-27 19:11:49.155  1618  2885 E ActivityManager: Sending non-protected broadcast com.lct.puredisplay.modechange from system 3124:com.android.settings/1000 pkg com.android.settings
10-27 19:11:49.155  1618  2885 E ActivityManager: java.lang.Throwable
10-27 19:11:49.155  1618  2885 E ActivityManager: 	at com.android.server.am.ActivityManagerService.checkBroadcastFromSystem(ActivityManagerService.java:16117)
10-27 19:11:49.155  1618  2885 E ActivityManager: 	at com.android.server.am.ActivityManagerService.broadcastIntentLocked(ActivityManagerService.java:16698)
10-27 19:11:49.155  1618  2885 E ActivityManager: 	at com.android.server.am.ActivityManagerService.broadcastIntentLocked(ActivityManagerService.java:16134)
10-27 19:11:49.155  1618  2885 E ActivityManager: 	at com.android.server.am.ActivityManagerService.broadcastIntentWithFeature(ActivityManagerService.java:16948)
10-27 19:11:49.155  1618  2885 E ActivityManager: 	at android.app.IActivityManager$Stub.onTransact(IActivityManager.java:2283)
10-27 19:11:49.155  1618  2885 E ActivityManager: 	at com.android.server.am.ActivityManagerService.onTransact(ActivityManagerService.java:2892)
10-27 19:11:49.155  1618  2885 E ActivityManager: 	at android.os.Binder.execTransactInternal(Binder.java:1154)
10-27 19:11:49.155  1618  2885 E ActivityManager: 	at android.os.Binder.execTransact(Binder.java:1123)
10-27 19:11:49.156  1618  2885 E ActivityManager: Sending non-protected broadcast com.lct.puredisplay.modechange from system 3124:com.android.settings/1000 pkg com.android.settings
10-27 19:11:49.156  1618  2885 E ActivityManager: java.lang.Throwable
10-27 19:11:49.156  1618  2885 E ActivityManager: 	at com.android.server.am.ActivityManagerService.checkBroadcastFromSystem(ActivityManagerService.java:16117)
10-27 19:11:49.156  1618  2885 E ActivityManager: 	at com.android.server.am.ActivityManagerService.broadcastIntentLocked(ActivityManagerService.java:16792)
10-27 19:11:49.156  1618  2885 E ActivityManager: 	at com.android.server.am.ActivityManagerService.broadcastIntentLocked(ActivityManagerService.java:16134)
10-27 19:11:49.156  1618  2885 E ActivityManager: 	at com.android.server.am.ActivityManagerService.broadcastIntentWithFeature(ActivityManagerService.java:16948)
10-27 19:11:49.156  1618  2885 E ActivityManager: 	at android.app.IActivityManager$Stub.onTransact(IActivityManager.java:2283)
10-27 19:11:49.156  1618  2885 E ActivityManager: 	at com.android.server.am.ActivityManagerService.onTransact(ActivityManagerService.java:2892)
10-27 19:11:49.156  1618  2885 E ActivityManager: 	at android.os.Binder.execTransactInternal(Binder.java:1154)
10-27 19:11:49.156  1618  2885 E ActivityManager: 	at android.os.Binder.execTransact(Binder.java:1123)
10-27 19:11:49.157  3840  3840 D RegisteredServicesCache: Others service enabled : ComponentInfo{com.google.android.gms/com.google.android.gms.nearby.mediums.nearfieldcommunication.NfcAdvertisingService}
10-27 19:11:49.157  3840  3840 D RegisteredServicesCache: Others service enabled : ComponentInfo{com.google.android.gms/com.google.android.gms.pay.hce.service.PayHceService}
10-27 19:11:49.157  3840  3840 D RegisteredServicesCache: Others service enabled : ComponentInfo{com.google.android.gms/com.google.android.gms.tapandpay.hce.service.TpHceService}
10-27 19:11:49.158  1618  1788 I DropBoxManagerService: add tag=system_server_wtf isTagEnabled=true flags=0x2
10-27 19:11:49.159  3124  3124 D SettingsActivity: wangyang:disableSysdllApp--available == false
10-27 19:11:49.161  3840  3840 D AidRoutingManager: Default: 0, aid size: 297
10-27 19:11:49.161  3840  3840 D AidRoutingManager: Default: 2, aid size: 0
10-27 19:11:49.161  3840  3840 D AidRoutingManager: Default: 3, aid size: 0
10-27 19:11:49.161  3840  3840 D AidRoutingManager: Default: 0, aid expected size: 0
10-27 19:11:49.161  3840  3840 D AidRoutingManager: Default: 2, aid expected size: 297
10-27 19:11:49.161  3840  3840 D AidRoutingManager: Default: 3, aid expected size: 297
10-27 19:11:49.164  3840  3840 D RegisteredNfcFServicesCache: Service unchanged, not updating
10-27 19:11:49.167  3124  5260 D TelephonyRegistryManager: onSubscriptionsChangedListener callback received.
10-27 19:11:49.168  6759  6759 D PureDisplay: PureDisplayModeChangeReceiver,hdrMode=1
10-27 19:11:49.170  1618  1788 I DropBoxManagerService: add tag=system_server_wtf isTagEnabled=true flags=0x2
10-27 19:11:49.172  6759  6759 I android_os_HwBinder: HwBinder: Starting thread pool for getting: vendor.pixelworks.hardware.display@1.0::IIris/default
10-27 19:11:49.173   872   872 I IrisService: irisConfigureSet(258, 1, 1)
10-27 19:11:49.174  6759  6759 D PureDisplay: --setIrisDisplayHdrMode- mode =1--result = 0
10-27 19:11:49.174  6759  6759 D PureDisplay: PureDisplayModeChangeReceiver,pureDisplayMode=1
10-27 19:11:49.175  6759  6759 D PureDisplay: isDeviceProvisioned=true
10-27 19:11:49.175  6759  6759 D PureDisplay: isUserSetuped=true
10-27 19:11:49.175  6759  6759 D PureDisplay: setOriginalModeEnable()
10-27 19:11:49.175  3109 27374 D TelephonyProvider: Using old permission behavior for telephony provider compat
10-27 19:11:49.177  6759  6759 I android_os_HwBinder: HwBinder: Starting thread pool for getting: vendor.pixelworks.hardware.display@1.0::IIris/default
10-27 19:11:49.178   872  6812 I IrisService: irisConfigureSet(0, 1, 0)
10-27 19:11:49.187   816   816 I Zygote  : Process 13449 exited due to signal 9 (Killed)
10-27 19:11:49.192  1235 11970 E OMXNodeInstance: !!! Observer died. Quickly, do something, ... anything...
10-27 19:11:49.192  1235 11970 I OMX-VDEC-1080P: omx_vdec::component_deinit() complete
10-27 19:11:49.194  1235 11970 I OMX-VDEC-1080P: Exit OMX vdec Destructor: fd=7
10-27 19:11:49.194  3124  5416 W MobileNetworkUtils: EuiccManager is not enabled.
10-27 19:11:49.195  1235 11970 I OMX-VDEC-1080P: Video slvp perflock acquired
10-27 19:11:49.198  3109 27374 D TelephonyProvider: Using old permission behavior for telephony provider compat
10-27 19:11:49.200  1618  1793 I libprocessgroup: Successfully killed process cgroup uid 10173 pid 13449 in 133ms
10-27 19:11:49.207  3124 13985 D SettingsActivity: Enabled state changed for some tiles, reloading all categories {com.android.settings/com.android.settings.Settings$DataUsageSummaryActivity},{com.android.settings/com.android.settings.Settings$DataUsageSummaryActivity},
10-27 19:11:49.211  6759  6759 I android_os_HwBinder: HwBinder: Starting thread pool for getting: vendor.pixelworks.hardware.display@1.0::IIris/default
10-27 19:11:49.212   872  6812 I IrisService: irisConfigureSet(41, 1, 0)
10-27 19:11:49.212  3124  5418 W MobileNetworkUtils: EuiccManager is not enabled.
10-27 19:11:49.214  1618  2885 D ActivityManager: cgroup.freeze not present
10-27 19:11:49.216  1618  1700 D ConnectivityService: ConnectivityService NetworkRequestInfo binderDied(NetworkRequest [ TRACK_DEFAULT id=306, [ Capabilities: INTERNET&NOT_RESTRICTED&TRUSTED Uid: 10173 AdministratorUids: [] RequestorUid: 10173 RequestorPackageName: com.facebook.orca] ], android.os.BinderProxy@59637)
10-27 19:11:49.216  1618  3848 D ConnectivityService: ConnectivityService NetworkRequestInfo binderDied(NetworkRequest [ LISTEN id=305, [ Capabilities: INTERNET&NOT_RESTRICTED&TRUSTED&NOT_VPN Uid: 10173 AdministratorUids: [] RequestorUid: 10173 RequestorPackageName: com.facebook.orca] ], android.os.BinderProxy@bafe7a4)
10-27 19:11:49.217  1618  2215 D ConnectivityService: releasing NetworkRequest [ TRACK_DEFAULT id=306, [ Capabilities: INTERNET&NOT_RESTRICTED&TRUSTED Uid: 10173 AdministratorUids: [] RequestorUid: 10173 RequestorPackageName: com.facebook.orca] ] (release request)
10-27 19:11:49.217  1205  3351 D NuPlayerDriver: reset(0xe6902270) at state 4
10-27 19:11:49.217  1205  1311 D NuPlayerDriver: reset(0xe6900790) at state 4
10-27 19:11:49.219  2556  3453 D Avrcp_ext: AudioManager Player: AudioPlaybackConfiguration piid:23 type:android.media.SoundPool u/pid:10039/2583 state:idle attr:AudioAttributes: usage=USAGE_ASSISTANCE_SONIFICATION content=CONTENT_TYPE_SONIFICATION flags=0x800 tags= bundle=null
10-27 19:11:49.219  2556  3453 D Avrcp_ext: AudioManager Player: AudioPlaybackConfiguration piid:359 type:android.media.MediaPlayer u/pid:10173/13449 state:released attr:AudioAttributes: usage=USAGE_NOTIFICATION_RINGTONE content=CONTENT_TYPE_SONIFICATION flags=0x800 tags= bundle=null
10-27 19:11:49.219  2556  3453 D Avrcp_ext: AudioManager Player: AudioPlaybackConfiguration piid:375 type:android.media.MediaPlayer u/pid:10173/13449 state:idle attr:AudioAttributes: usage=USAGE_NOTIFICATION_RINGTONE content=CONTENT_TYPE_SONIFICATION flags=0x800 tags= bundle=null
10-27 19:11:49.219  2556  3453 D Avrcp_ext: AudioManager Player: AudioPlaybackConfiguration piid:391 type:android.media.MediaPlayer u/pid:10173/13449 state:idle attr:AudioAttributes: usage=USAGE_NOTIFICATION_RINGTONE content=CONTENT_TYPE_SONIFICATION flags=0x800 tags= bundle=null
10-27 19:11:49.219  2556  3453 D Avrcp_ext: AudioManager Player: AudioPlaybackConfiguration piid:15 type:android.media.SoundPool u/pid:1000/1618 state:idle attr:AudioAttributes: usage=USAGE_ASSISTANCE_SONIFICATION content=CONTENT_TYPE_SONIFICATION flags=0x800 tags= bundle=null
10-27 19:11:49.219  2556  3453 D Avrcp_ext: AudioManager Player: AudioPlaybackConfiguration piid:31 type:android.media.SoundPool u/pid:1027/3840 state:idle attr:AudioAttributes: usage=USAGE_ASSISTANCE_SONIFICATION content=CONTENT_TYPE_SONIFICATION flags=0x800 tags= bundle=null
10-27 19:11:49.219  6759  6759 I android_os_HwBinder: HwBinder: Starting thread pool for getting: vendor.pixelworks.hardware.display@1.0::IIris/default
10-27 19:11:49.219  2556  3453 D Avrcp_ext: AudioManager Player: AudioPlaybackConfiguration piid:271 type:android.media.MediaPlayer u/pid:1000/1618 state:idle attr:AudioAttributes: usage=USAGE_ASSISTANCE_SONIFICATION content=CONTENT_TYPE_SONIFICATION flags=0x800 tags= bundle=null
10-27 19:11:49.219  2556  3453 D Avrcp_ext: AudioManager Player: AudioPlaybackConfiguration piid:367 type:android.media.MediaPlayer u/pid:10173/13449 state:idle attr:AudioAttributes: usage=USAGE_NOTIFICATION_RINGTONE content=CONTENT_TYPE_SONIFICATION flags=0x800 tags= bundle=null
10-27 19:11:49.219  2556  3453 D Avrcp_ext: AudioManager Player: AudioPlaybackConfiguration piid:399 type:android.media.MediaPlayer u/pid:10173/13449 state:idle attr:AudioAttributes: usage=USAGE_NOTIFICATION_RINGTONE content=CONTENT_TYPE_SONIFICATION flags=0x800 tags= bundle=null
10-27 19:11:49.219  2556  3453 D Avrcp_ext: AudioManager isPlaying: false
10-27 19:11:49.219  2556  3453 D Avrcp_ext: AudioManager Player: AudioPlaybackConfiguration piid:23 type:android.media.SoundPool u/pid:10039/2583 state:idle attr:AudioAttributes: usage=USAGE_ASSISTANCE_SONIFICATION content=CONTENT_TYPE_SONIFICATION flags=0x800 tags= bundle=null
10-27 19:11:49.219  2556  3453 D Avrcp_ext: AudioManager Player: AudioPlaybackConfiguration piid:391 type:android.media.MediaPlayer u/pid:10173/13449 state:idle attr:AudioAttributes: usage=USAGE_NOTIFICATION_RINGTONE content=CONTENT_TYPE_SONIFICATION flags=0x800 tags= bundle=null
10-27 19:11:49.219  2556  3453 D Avrcp_ext: AudioManager Player: AudioPlaybackConfiguration piid:15 type:android.media.SoundPool u/pid:1000/1618 state:idle attr:AudioAttributes: usage=USAGE_ASSISTANCE_SONIFICATION content=CONTENT_TYPE_SONIFICATION flags=0x800 tags= bundle=null
10-27 19:11:49.219  2556  3453 D Avrcp_ext: AudioManager Player: AudioPlaybackConfiguration piid:31 type:android.media.SoundPool u/pid:1027/3840 state:idle attr:AudioAttributes: usage=USAGE_ASSISTANCE_SONIFICATION content=CONTENT_TYPE_SONIFICATION flags=0x800 tags= bundle=null
10-27 19:11:49.220  2556  3453 D Avrcp_ext: AudioManager Player: AudioPlaybackConfiguration piid:271 type:android.media.MediaPlayer u/pid:1000/1618 state:idle attr:AudioAttributes: usage=USAGE_ASSISTANCE_SONIFICATION content=CONTENT_TYPE_SONIFICATION flags=0x800 tags= bundle=null
10-27 19:11:49.220  2556  3453 D Avrcp_ext: AudioManager isPlaying: false
10-27 19:11:49.220  2556  3453 D Avrcp_ext: AudioManager Player: AudioPlaybackConfiguration piid:23 type:android.media.SoundPool u/pid:10039/2583 state:idle attr:AudioAttributes: usage=USAGE_ASSISTANCE_SONIFICATION content=CONTENT_TYPE_SONIFICATION flags=0x800 tags= bundle=null
10-27 19:11:49.220  2556  3453 D Avrcp_ext: AudioManager Player: AudioPlaybackConfiguration piid:391 type:android.media.MediaPlayer u/pid:10173/13449 state:idle attr:AudioAttributes: usage=USAGE_NOTIFICATION_RINGTONE content=CONTENT_TYPE_SONIFICATION flags=0x800 tags= bundle=null
10-27 19:11:49.220  2556  3453 D Avrcp_ext: AudioManager Player: AudioPlaybackConfiguration piid:15 type:android.media.SoundPool u/pid:1000/1618 state:idle attr:AudioAttributes: usage=USAGE_ASSISTANCE_SONIFICATION content=CONTENT_TYPE_SONIFICATION flags=0x800 tags= bundle=null
10-27 19:11:49.220  2556  3453 D Avrcp_ext: AudioManager Player: AudioPlaybackConfiguration piid:31 type:android.media.SoundPool u/pid:1027/3840 state:idle attr:AudioAttributes: usage=USAGE_ASSISTANCE_SONIFICATION content=CONTENT_TYPE_SONIFICATION flags=0x800 tags= bundle=null
10-27 19:11:49.220  2556  3453 D Avrcp_ext: AudioManager Player: AudioPlaybackConfiguration piid:271 type:android.media.MediaPlayer u/pid:1000/1618 state:idle attr:AudioAttributes: usage=USAGE_ASSISTANCE_SONIFICATION content=CONTENT_TYPE_SONIFICATION flags=0x800 tags= bundle=null
10-27 19:11:49.220  2556  3453 D Avrcp_ext: AudioManager isPlaying: false
10-27 19:11:49.220  2556  3453 D Avrcp_ext: AudioManager Player: AudioPlaybackConfiguration piid:23 type:android.media.SoundPool u/pid:10039/2583 state:idle attr:AudioAttributes: usage=USAGE_ASSISTANCE_SONIFICATION content=CONTENT_TYPE_SONIFICATION flags=0x800 tags= bundle=null
10-27 19:11:49.220  1205 13814 D NuPlayerDriver: notifyResetComplete(0xe6902270)
10-27 19:11:49.220  2556  3453 D Avrcp_ext: AudioManager Player: AudioPlaybackConfiguration piid:15 type:android.media.SoundPool u/pid:1000/1618 state:idle attr:AudioAttributes: usage=USAGE_ASSISTANCE_SONIFICATION content=CONTENT_TYPE_SONIFICATION flags=0x800 tags= bundle=null
10-27 19:11:49.220  2556  3453 D Avrcp_ext: AudioManager Player: AudioPlaybackConfiguration piid:31 type:android.media.SoundPool u/pid:1027/3840 state:idle attr:AudioAttributes: usage=USAGE_ASSISTANCE_SONIFICATION content=CONTENT_TYPE_SONIFICATION flags=0x800 tags= bundle=null
10-27 19:11:49.220  2556  3453 D Avrcp_ext: AudioManager Player: AudioPlaybackConfiguration piid:271 type:android.media.MediaPlayer u/pid:1000/1618 state:idle attr:AudioAttributes: usage=USAGE_ASSISTANCE_SONIFICATION content=CONTENT_TYPE_SONIFICATION flags=0x800 tags= bundle=null
10-27 19:11:49.220  2556  3453 D Avrcp_ext: AudioManager isPlaying: false
10-27 19:11:49.220  2556  3453 D Avrcp_ext: AudioManager Player: AudioPlaybackConfiguration piid:23 type:android.media.SoundPool u/pid:10039/2583 state:idle attr:AudioAttributes: usage=USAGE_ASSISTANCE_SONIFICATION content=CONTENT_TYPE_SONIFICATION flags=0x800 tags= bundle=null
10-27 19:11:49.220  2556  3453 D Avrcp_ext: AudioManager Player: AudioPlaybackConfiguration piid:15 type:android.media.SoundPool u/pid:1000/1618 state:idle attr:AudioAttributes: usage=USAGE_ASSISTANCE_SONIFICATION content=CONTENT_TYPE_SONIFICATION flags=0x800 tags= bundle=null
10-27 19:11:49.220  2556  3453 D Avrcp_ext: AudioManager Player: AudioPlaybackConfiguration piid:31 type:android.media.SoundPool u/pid:1027/3840 state:idle attr:AudioAttributes: usage=USAGE_ASSISTANCE_SONIFICATION content=CONTENT_TYPE_SONIFICATION flags=0x800 tags= bundle=null
10-27 19:11:49.220  2556  3453 D Avrcp_ext: AudioManager Player: AudioPlaybackConfiguration piid:271 type:android.media.MediaPlayer u/pid:1000/1618 state:idle attr:AudioAttributes: usage=USAGE_ASSISTANCE_SONIFICATION content=CONTENT_TYPE_SONIFICATION flags=0x800 tags= bundle=null
10-27 19:11:49.220  2556  3453 D Avrcp_ext: AudioManager isPlaying: false
10-27 19:11:49.221  1205  3351 D NuPlayerDriver: reset(0xe6900c90) at state 4
10-27 19:11:49.221  1205  3233 E mediaserver: unlinkToDeath: removed reference to death recipient but unlink failed.
10-27 19:11:49.221  1205  3233 E IPCThreadState: attemptIncStrongHandle(1): Not supported
10-27 19:11:49.223  1618  1775 W ActivityManager: setHasOverlayUi called on unknown pid: 13449
10-27 19:11:49.223  1205 13818 D NuPlayerDriver: notifyResetComplete(0xe6900c90)
10-27 19:11:49.223  1205 13834 D NuPlayerDriver: notifyResetComplete(0xe6900790)
10-27 19:11:49.223   621   621 I hwservicemanager: getTransport: Cannot find entry android.hardware.dumpstate@1.1::IDumpstateDevice/default in either framework or device manifest.
10-27 19:11:49.224  2556  3453 D Avrcp_ext: AudioManager Player: AudioPlaybackConfiguration piid:23 type:android.media.SoundPool u/pid:10039/2583 state:idle attr:AudioAttributes: usage=USAGE_ASSISTANCE_SONIFICATION content=CONTENT_TYPE_SONIFICATION flags=0x800 tags= bundle=null
10-27 19:11:49.224  2556  3453 D Avrcp_ext: AudioManager Player: AudioPlaybackConfiguration piid:15 type:android.media.SoundPool u/pid:1000/1618 state:idle attr:AudioAttributes: usage=USAGE_ASSISTANCE_SONIFICATION content=CONTENT_TYPE_SONIFICATION flags=0x800 tags= bundle=null
10-27 19:11:49.224  2556  3453 D Avrcp_ext: AudioManager Player: AudioPlaybackConfiguration piid:31 type:android.media.SoundPool u/pid:1027/3840 state:idle attr:AudioAttributes: usage=USAGE_ASSISTANCE_SONIFICATION content=CONTENT_TYPE_SONIFICATION flags=0x800 tags= bundle=null
10-27 19:11:49.224  2556  3453 D Avrcp_ext: AudioManager Player: AudioPlaybackConfiguration piid:271 type:android.media.MediaPlayer u/pid:1000/1618 state:idle attr:AudioAttributes: usage=USAGE_ASSISTANCE_SONIFICATION content=CONTENT_TYPE_SONIFICATION flags=0x800 tags= bundle=null
10-27 19:11:49.224  2556  3453 D Avrcp_ext: AudioManager isPlaying: false
10-27 19:11:49.224   872  6812 I IrisService: irisConfigureSet(42, 1, 0)
10-27 19:11:49.226   621   621 I hwservicemanager: getTransport: Cannot find entry android.hardware.dumpstate@1.0::IDumpstateDevice/default in either framework or device manifest.
10-27 19:11:49.226  1205  3351 D NuPlayerDriver: reset(0xe6901d70) at state 4
10-27 19:11:49.228  6759  6759 I android_os_HwBinder: HwBinder: Starting thread pool for getting: vendor.pixelworks.hardware.display@1.0::IIris/default
10-27 19:11:49.229   872  6812 I IrisService: irisConfigureSet(40, 1, 0)
10-27 19:11:49.230  1205 13822 D NuPlayerDriver: notifyResetComplete(0xe6901d70)
10-27 19:11:49.231  1205  3351 D NuPlayerDriver: reset(0xe6900b50) at state 4
10-27 19:11:49.237  1205 13826 D NuPlayerDriver: notifyResetComplete(0xe6900b50)
10-27 19:11:49.238  1205  3351 D NuPlayerDriver: reset(0xe6901870) at state 4
10-27 19:11:49.239  1205 13830 D NuPlayerDriver: notifyResetComplete(0xe6901870)
10-27 19:11:49.244  6759  6759 I android_os_HwBinder: HwBinder: Starting thread pool for getting: vendor.pixelworks.hardware.display@1.0::IIris/default
10-27 19:11:49.244   872  6812 I IrisService: irisConfigureSet(36, 1, 0)
10-27 19:11:49.260  3109 27374 D TelephonyProvider: Using old permission behavior for telephony provider compat
10-27 19:11:49.276  6759  6759 D PureDisplay: getWhiteBalanceAutoMode()0
10-27 19:11:49.277  3124  5415 W MobileNetworkUtils: EuiccManager is not enabled.
10-27 19:11:49.280  3109 27374 D TelephonyProvider: Using old permission behavior for telephony provider compat
10-27 19:11:49.285  6759  6759 I android_os_HwBinder: HwBinder: Starting thread pool for getting: vendor.pixelworks.hardware.display@1.0::IIris/default
10-27 19:11:49.287   872   872 I IrisService: irisConfigureSet(39, 1, 1)
10-27 19:11:49.299  3124  5411 W MobileNetworkUtils: EuiccManager is not enabled.
10-27 19:11:49.303  3109 27374 D TelephonyProvider: Using old permission behavior for telephony provider compat
10-27 19:11:49.312  6759  6759 I android_os_HwBinder: HwBinder: Starting thread pool for getting: vendor.pixelworks.hardware.display@1.0::IIris/default
10-27 19:11:49.314   872   872 I IrisService: irisConfigureSet(264, 1, 0)
10-27 19:11:49.315  6759  6759 D PureDisplay: PureDisplayModeChangeReceiver,lastclass=com.android.settings.SubSettings
10-27 19:11:49.317  6759  6759 D PureDisplay: PureDisplayModeChangeReceiver,lastpackage=com.android.settings
10-27 19:11:49.319  6759  6759 D PureDisplay: PureDisplayModeChangeReceiver,lastpackage_resume=1
10-27 19:11:49.326  3124  5412 W MobileNetworkUtils: EuiccManager is not enabled.
10-27 19:11:49.342  3124  3124 D AbstractBtDlgCtr: Unable to get current codec config. No active device.
10-27 19:11:49.342  3124  3124 D AbstractBtDlgCtr: Unable to get current config index. Current codec Config is null.
10-27 19:11:49.354  3124  3124 E BtHDAudioCtr: Active device is null. To disable HD audio button
10-27 19:11:49.356  3124  3124 D AbstractBtDlgCtr: Unable to get current codec config. No active device.
10-27 19:11:49.356  3124  3124 D AbstractBtDlgCtr: Unable to get current config index. Current codec Config is null.
10-27 19:11:49.362  3124  3124 D AbstractBtDlgCtr: Unable to get current codec config. No active device.
10-27 19:11:49.363  3124  3124 D AbstractBtDlgCtr: Unable to get current config index. Current codec Config is null.
10-27 19:11:49.365  3124  3124 D AbstractBtDlgCtr: Unable to get current codec config. No active device.
10-27 19:11:49.366  3124  3124 D AbstractBtDlgCtr: Unable to get current config index. Current codec Config is null.
10-27 19:11:49.380  3124  3124 W Settings: Setting bugreport_in_power_menu has moved from android.provider.Settings.Secure to android.provider.Settings.Global.
10-27 19:11:49.382  3124  3124 D AbstractBtDlgCtr: Unable to get current codec config. No active device.
10-27 19:11:49.382  3124  3124 D AbstractBtDlgCtr: Unable to get current config index. Current codec Config is null.
10-27 19:11:49.385  3124  3124 D AbstractBtDlgCtr: Unable to get current codec config. No active device.
10-27 19:11:49.389  3124  3124 W pool-2-thread-8: type=1400 audit(0.0:39942): avc: denied { search } for name="zram0" dev="sysfs" ino=33021 scontext=u:r:system_app:s0 tcontext=u:object_r:sysfs_zram:s0 tclass=dir permissive=0
10-27 19:11:49.389  3124  3124 W pool-2-thread-8: type=1400 audit(0.0:39943): avc: denied { search } for name="zram0" dev="sysfs" ino=33021 scontext=u:r:system_app:s0 tcontext=u:object_r:sysfs_zram:s0 tclass=dir permissive=0
10-27 19:11:49.389  3124  3124 W pool-2-thread-8: type=1400 audit(0.0:39944): avc: denied { read } for name="vmallocinfo" dev="proc" ino=4026532130 scontext=u:r:system_app:s0 tcontext=u:object_r:proc_vmallocinfo:s0 tclass=file permissive=0
10-27 19:11:49.400  3124  5418 E ndroid.setting: Can't find memory status under: /sys/block/zram0/
10-27 19:11:49.407  3124  5418 W ProcStatsManager: No process com.google.android.apps.subscriptions.red/10064 for service com.google.android.libraries.notifications.entrypoints.scheduled.ScheduledTaskService
10-27 19:11:49.407  3124  5418 W ProcStatsManager: No process com.google.android.apps.subscriptions.red/10064 for service com.google.android.apps.subscriptions.red.ppn.lib.PpnJobService
10-27 19:11:49.407  3124  5418 W ProcStatsManager: No process com.google.android.apps.subscriptions.red/10064 for service com.google.android.libraries.internal.growth.growthkit.internal.jobs.impl.GrowthKitJobService
10-27 19:11:49.407  3124  5418 W ProcStatsManager: No process com.google.android.apps.subscriptions.red/10064 for service androidx.work.impl.background.systemjob.SystemJobService
10-27 19:11:49.407  3124  5418 W ProcStatsManager: No process com.google.android.apps.podcasts/10011 for service com.google.android.libraries.notifications.entrypoints.scheduled.ScheduledTaskService
10-27 19:11:49.407  3124  5418 W ProcStatsManager: No process com.google.android.apps.messaging/10086 for service com.google.android.libraries.internal.growth.growthkit.internal.jobs.impl.GrowthKitJobService
10-27 19:11:49.407  3124  5418 W ProcStatsManager: No process com.google.android.apps.messaging/10086 for service com.google.android.apps.messaging.shared.datamodel.action.execution.ActionJobService
10-27 19:11:49.407  3124  5418 W ProcStatsManager: No process com.google.android.apps.messaging/10086 for service com.google.android.apps.messaging.rcsmigration.RcsMigrationService
10-27 19:11:49.407  3124  5418 W ProcStatsManager: No process com.google.android.apps.messaging/10086 for service androidx.work.impl.background.systemjob.SystemJobService
10-27 19:11:49.407  3124  5418 W ProcStatsManager: No process com.android.carrierconfig/10041 for service com.android.carrierconfig.DefaultCarrierConfigService
10-27 19:11:49.407  3124  5418 W ProcStatsManager: No process com.hmdglobal.app.customizationclient/1000 for service com.hmdglobal.app.customizationclient.ota_silent_app.fcm.RegistrationIntentService
10-27 19:11:49.407  3124  5418 W ProcStatsManager: No process com.hmdglobal.app.customizationclient/1000 for service androidx.work.impl.background.systemjob.SystemJobService
10-27 19:11:49.407  3124  5418 W ProcStatsManager: No process com.google.android.apps.tachyon/10025 for service com.google.android.libraries.internal.growth.growthkit.internal.jobs.impl.GrowthKitJobService
10-27 19:11:49.407  3124  5418 W ProcStatsManager: No process com.google.android.apps.tachyon/10025 for service com.google.android.apps.tachyon.call.service.CallService
10-27 19:11:49.407  3124  5418 W ProcStatsManager: No process com.google.android.apps.tachyon/10025 for service androidx.work.impl.background.systemjob.SystemJobService
10-27 19:11:49.408  3124  5418 W ProcStatsManager: No process com.android.settings.intelligence/10016 for service com.android.settings.intelligence.suggestions.SuggestionService
10-27 19:11:49.408  3124  5418 W ProcStatsManager: No process com.google.android.dialer/10053 for service com.google.android.libraries.internal.growth.growthkit.internal.jobs.impl.GrowthKitJobService
10-27 19:11:49.408  3124  5418 W ProcStatsManager: No process com.google.android.dialer/10053 for service androidx.work.impl.background.systemjob.SystemJobService
10-27 19:11:49.408  3124  5418 W ProcStatsManager: No process com.google.android.apps.nbu.files/10029 for service com.google.android.apps.nbu.files.mediastore.MediaStoreContentChangeListenerService
10-27 19:11:49.408  3124  5418 W ProcStatsManager: No process com.google.android.apps.nbu.files/10029 for service com.google.android.libraries.internal.growth.growthkit.internal.jobs.impl.GrowthKitJobService
10-27 19:11:49.408  3124  5418 W ProcStatsManager: No process com.google.android.apps.nbu.files/10029 for service androidx.work.impl.background.systemjob.SystemJobService
10-27 19:11:49.408  3124  5418 W ProcStatsManager: No process com.google.android.apps.docs/10095 for service com.google.android.libraries.notifications.entrypoints.scheduled.ScheduledTaskService
10-27 19:11:49.408  3124  5418 W ProcStatsManager: No process com.google.android.apps.docs/10095 for service com.google.android.libraries.internal.growth.growthkit.internal.jobs.impl.GrowthKitJobService
10-27 19:11:49.408  3124  5418 W ProcStatsManager: No process com.google.android.apps.docs/10095 for service com.google.android.apps.docs.drive.ipcservice.DriveIpcService
10-27 19:11:49.408  3124  5418 W ProcStatsManager: No process com.google.android.webview:webview_service/10070 for service org.chromium.android_webview.services.MetricsBridgeService
10-27 19:11:49.408  3124  5418 W ProcStatsManager: No process com.google.android.webview:webview_service/10070 for service org.chromium.android_webview.services.AwVariationsSeedFetcher
10-27 19:11:49.408  3124  5418 W ProcStatsManager: No process com.google.android.webview:webview_service/10070 for service org.chromium.android_webview.services.VariationsSeedServer
10-27 19:11:49.408  3124  5418 W ProcStatsManager: No process com.google.android.webview:sandboxed_process0/10100 for service org.chromium.content.app.SandboxedProcessService0
10-27 19:11:49.408  3124  5418 W ProcStatsManager: No process com.google.android.contacts/10093 for service com.google.android.libraries.internal.growth.growthkit.internal.jobs.impl.GrowthKitJobService
10-27 19:11:49.408  3124  5418 W ProcStatsManager: No process com.google.android.contacts/10093 for service com.google.android.apps.contacts.shortcut.ShortcutJobService
10-27 19:11:49.408  3124  5418 W ProcStatsManager: No process com.google.android.contacts/10093 for service androidx.work.impl.background.systemjob.SystemJobService
10-27 19:11:49.408  3124  5418 W ProcStatsManager: No process com.google.android.syncadapters.contacts/10105 for service com.google.android.syncadapters.contacts.ContactsSyncAdapterJobIntentService
10-27 19:11:49.408  3124  5418 W ProcStatsManager: No process com.android.keychain/1000 for service com.android.keychain.KeyChainService
10-27 19:11:49.408  3124  5418 W ProcStatsManager: No process com.android.chrome:sandboxed_process0/10073 for service org.chromium.content.app.SandboxedProcessService0
10-27 19:11:49.408  3124  5418 W ProcStatsManager: No process com.android.chrome:privileged_process0/10073 for service org.chromium.content.app.PrivilegedProcessService0
10-27 19:11:49.408  3124  5418 W ProcStatsManager: No process com.android.chrome:privileged_process1/10073 for service org.chromium.content.app.PrivilegedProcessService1
10-27 19:11:49.408  3124  5418 W ProcStatsManager: No process com.android.chrome/10073 for service org.chromium.chrome.browser.customtabs.CustomTabsConnectionService
10-27 19:11:49.408  3124  5418 W ProcStatsManager: No process com.google.android.gms.ui/10035 for service com.google.android.gms.chimera.UiIntentOperationService
10-27 19:11:49.409  3124  5418 W ProcStatsManager: No process com.google.android.tts/10077 for service androidx.work.impl.background.systemjob.SystemJobService
10-27 19:11:49.409  3124  5418 W ProcStatsManager: No process com.google.android.apps.walletnfcrel/10013 for service com.google.android.libraries.notifications.entrypoints.scheduled.ScheduledTaskService
10-27 19:11:49.409  3124  5418 W ProcStatsManager: No process com.google.android.apps.walletnfcrel/10013 for service androidx.work.impl.background.systemjob.SystemJobService
10-27 19:11:49.409  3124  5418 W ProcStatsManager: No process com.google.android.partnersetup/10058 for service com.google.android.partnersetup.InstalledAppJobService
10-27 19:11:49.409  3124  5418 W ProcStatsManager: No process com.google.android.partnersetup/10058 for service com.google.android.partnersetup.PhenotypeJobService
10-27 19:11:49.409  3124  5418 W ProcStatsManager: No process com.android.localtransport/1000 for service com.android.localtransport.LocalTransportService
10-27 19:11:49.409  3124  5418 W ProcStatsManager: No process com.google.android.videos/10009 for service com.google.android.libraries.notifications.entrypoints.scheduled.ScheduledTaskService
10-27 19:11:49.409  3124  5418 W ProcStatsManager: No process com.google.android.videos/10009 for service androidx.work.impl.background.systemjob.SystemJobService
10-27 19:11:49.409  3124  5418 W ProcStatsManager: No process com.google.android.apps.photos/10110 for service com.google.android.libraries.notifications.entrypoints.scheduled.ScheduledTaskService
10-27 19:11:49.409  3124  5418 W ProcStatsManager: No process com.google.android.apps.photos/10110 for service com.google.android.apps.photos.dbprocessor.impl.DatabaseProcessorJobService
10-27 19:11:49.409  3124  5418 W ProcStatsManager: No process com.google.android.apps.photos/10110 for service com.google.android.apps.photos.jobqueue.PhotosJobQueueJobsService
10-27 19:11:49.409  3124  5418 W ProcStatsManager: No process com.google.android.apps.photos/10110 for service com.google.android.libraries.social.async.BackgroundTaskJobService
10-27 19:11:49.409  3124  5418 W ProcStatsManager: No process com.google.android.apps.photos/10110 for service com.google.android.apps.photos.account.full.SyncAccountsForLoginService
10-27 19:11:49.409  3124  5418 W ProcStatsManager: No process com.google.android.apps.photos/10110 for service com.google.android.apps.photos.jobqueue.PhotosOfflineJobQueueJobsService
10-27 19:11:49.410  3124  5418 W ProcStatsManager: No process com.google.android.apps.photos/10110 for service com.google.android.libraries.social.mediamonitor.MediaMonitorJobSchedulerService
10-27 19:11:49.410  3124  5418 W ProcStatsManager: No process com.google.android.apps.photos/10110 for service androidx.work.impl.background.systemjob.SystemJobService
10-27 19:11:49.410  3124  5418 W ProcStatsManager: No process com.google.android.calendar/10107 for service com.google.android.calendar.timely.CalendarOobeService
10-27 19:11:49.410  3124  5418 W ProcStatsManager: No process com.google.android.calendar/10107 for service com.google.android.libraries.notifications.entrypoints.scheduled.ScheduledTaskService
10-27 19:11:49.410  3124  5418 W ProcStatsManager: No process com.hmdglobal.support/10027 for service androidx.work.impl.background.systemjob.SystemJobService
10-27 19:11:49.410  3124  5418 W ProcStatsManager: No process com.google.android.projection.gearhead:shared/10164 for service com.google.android.gearhead.service.SharedService
10-27 19:11:49.410  3124  5418 W ProcStatsManager: No process com.google.android.projection.gearhead:shared/10164 for service com.google.android.apps.auto.components.app.fzero.LauncherIconStateVerificationService
10-27 19:11:49.410  3124  5418 W ProcStatsManager: No process com.google.android.projection.gearhead:car/10164 for service com.google.android.apps.auto.carservice.service.impl.GearheadCarStartupService
10-27 19:11:49.410  3124  5418 W ProcStatsManager: No process com.google.android.apps.turbo:aab/10015 for service com.google.android.libraries.smartbattery.common.phenotype.UpdatePhenotypeFlagsJob
10-27 19:11:49.410  3124  5418 W ProcStatsManager: No process com.google.android.apps.turbo:aab/10015 for service com.google.android.libraries.smartbattery.appusage.library.InferAppBucketsJob
10-27 19:11:49.410  3124  5418 W ProcStatsManager: No process com.qualcomm.location.XT/10220 for service com.qualcomm.location.XT.XTSrv
10-27 19:11:49.410  3124  5418 W ProcStatsManager: No process com.hmdglobal.app.omacp/1001 for service com.hmdglobal.app.omacp.message.OmacpReceiverService
10-27 19:11:49.410  3124  5418 W ProcStatsManager: No process com.google.android.apps.youtube.music/10008 for service androidx.work.impl.background.systemjob.SystemJobService
10-27 19:11:49.410  3124  5418 W ProcStatsManager: No process com.google.android.cellbroadcastreceiver/10228 for service com.android.cellbroadcastreceiver.CellBroadcastConfigService
10-27 19:11:49.410  3124  5418 W ProcStatsManager: No process com.google.android.apps.magazines/10021 for service com.google.apps.dots.android.newsstand.gcm.NSFirebaseMessagingService
10-27 19:11:49.410  3124  5418 W ProcStatsManager: No process com.google.android.apps.magazines/10021 for service com.google.apps.dots.android.newsstand.service.NotificationPushMessageJobIntentService
10-27 19:11:49.410  3124  5418 W ProcStatsManager: No process com.google.android.apps.magazines/10021 for service com.google.apps.dots.android.newsstand.service.BriefingJobService
10-27 19:11:49.420  3109  3109 E PhoneInterfaceManager: [PhoneIntfMgr] getAllowedCarriers: CommandException: com.android.internal.telephony.CommandException: REQUEST_NOT_SUPPORTED
10-27 19:11:49.433  3109  3109 E PhoneInterfaceManager: [PhoneIntfMgr] getAllowedCarriers: CommandException: com.android.internal.telephony.CommandException: REQUEST_NOT_SUPPORTED
10-27 19:11:49.441  3109 27374 D TelephonyProvider: Using old permission behavior for telephony provider compat
10-27 19:11:49.457  3124  5417 W MobileNetworkUtils: EuiccManager is not enabled.
10-27 19:11:49.487  5144  5144 I GoogleInputMethodService: GoogleInputMethodService.onFinishInput():3316 
10-27 19:11:49.490  5144  5144 I GoogleInputMethodService: GoogleInputMethodService.updateDeviceLockedStatus():2181 checkRepeatedly = false, unlocked = true
10-27 19:11:49.490  5144  5144 I GoogleInputMethodService: GoogleInputMethodService.onStartInput():1989 
10-27 19:11:49.491  5144  5144 I GoogleInputMethodService: GoogleInputMethodService.updateDeviceLockedStatus():2181 checkRepeatedly = true, unlocked = true
10-27 19:11:49.494   870   976 E QMI_FW  : qmi_cci_get_ref: ref count increased 2
10-27 19:11:49.495   870  1658 E QMI_FW  : qmi_cci_get_ref: ref count increased 3
10-27 19:11:49.584 10483 13962 W adbd    : timed out while waiting for FUNCTIONFS_BIND, trying again
10-27 19:11:49.584 10483 13962 I adbd    : UsbFfs: connection terminated: monitor thread finished
10-27 19:11:49.584 10483 10483 I adbd    : UsbFfs: already offline
10-27 19:11:49.584 10483 10483 I adbd    : destroying transport UsbFfs
10-27 19:11:49.584 10483 10483 I adbd    : UsbFfsConnection being destroyed
10-27 19:11:49.620 10483 10488 I adbd    : opening control endpoint /dev/usb-ffs/adb/ep0
10-27 19:11:49.623 10483 10488 I adbd    : UsbFfsConnection constructed
10-27 19:11:49.625 10483 13995 I adbd    : UsbFfs-monitor thread spawned
10-27 19:11:49.750   878  2264 E android.hardware.usb@1.0-service: uevent received SUBSYSTEM=dual_role_usb
10-27 19:11:49.750   878  2264 I android.hardware.usb@1.0-service: otg_default
10-27 19:11:49.751   878  2264 I android.hardware.usb@1.0-service: canChangeMode: 1 canChagedata: 0 canChangePower:0
10-27 19:11:49.752  1618  1786 I UsbPortManager: ClientCallback V1_0: otg_default
10-27 19:11:49.753  1618  1768 I UsbPortManager: USB port changed: port=UsbPort{id=otg_default, supportedModes=dualsupportedContaminantProtectionModes=0supportsEnableContaminantPresenceProtection=falsesupportsEnableContaminantPresenceDetection=false, status=UsbPortStatus{connected=true, currentMode=ufp, currentPowerRole=sink, currentDataRole=device, supportedRoleCombinations=[source:host, sink:device], contaminantDetectionStatus=0, contaminantProtectionStatus=0}, canChangeMode=true, canChangePowerRole=false, canChangeDataRole=false, connectedAtMillis=6147283, lastConnectDurationMillis=0
10-27 19:11:50.036  1618  1768 D UsbDeviceManager: push notification:Charging this device via USB
10-27 19:11:50.044  1618  1788 D CompatibilityInfo: mCompatibilityFlags - 0
10-27 19:11:50.044  1618  1788 D CompatibilityInfo: applicationDensity - 420
10-27 19:11:50.044  1618  1788 D CompatibilityInfo: applicationScale - 1.0
10-27 19:11:50.052  1618  2885 D CompatibilityInfo: mCompatibilityFlags - 0
10-27 19:11:50.052  1618  2885 D CompatibilityInfo: applicationDensity - 420
10-27 19:11:50.052  1618  2885 D CompatibilityInfo: applicationScale - 1.0
10-27 19:11:50.064  1618  3194 D CompatibilityInfo: mCompatibilityFlags - 0
10-27 19:11:50.064  1618  3194 D CompatibilityInfo: applicationDensity - 420
10-27 19:11:50.064  1618  3194 D CompatibilityInfo: applicationScale - 1.0
10-27 19:11:50.089 30407 30431 I gearhead:share: Waiting for a blocking GC ProfileSaver
10-27 19:11:50.118 30407 30431 I gearhead:share: WaitForGcToComplete blocked ProfileSaver on HeapTrim for 28.954ms
10-27 19:11:50.138  1618  1788 D CompatibilityInfo: mCompatibilityFlags - 0
10-27 19:11:50.138  1618  1788 D CompatibilityInfo: applicationDensity - 420
10-27 19:11:50.138  1618  1788 D CompatibilityInfo: applicationScale - 1.0
10-27 19:11:50.143  1618  3887 D CompatibilityInfo: mCompatibilityFlags - 0
10-27 19:11:50.143  1618  3887 D CompatibilityInfo: applicationDensity - 420
10-27 19:11:50.143  1618  3887 D CompatibilityInfo: applicationScale - 1.0
10-27 19:11:50.146  1618  2885 D CompatibilityInfo: mCompatibilityFlags - 0
10-27 19:11:50.146  1618  2885 D CompatibilityInfo: applicationDensity - 420
10-27 19:11:50.146  1618  2885 D CompatibilityInfo: applicationScale - 1.0
10-27 19:11:50.150  4719  4719 D MtpService: starting MTP server in MTP mode with storage /storage/emulated/0 as user 0
10-27 19:11:50.155  4719  4719 I MtpService: Couldn't get control FD!
10-27 19:11:50.170  1618  3887 D CompatibilityInfo: mCompatibilityFlags - 0
10-27 19:11:50.170  1618  3887 D CompatibilityInfo: applicationDensity - 420
10-27 19:11:50.170  1618  3887 D CompatibilityInfo: applicationScale - 1.0
10-27 19:11:50.242  1618  1618 W NotificationHistory: Attempted to add notif for locked/gone/disabled user 0
10-27 19:11:50.296  2583  2583 D InterruptionStateProvider: No bubble up: not allowed to bubble: -1|android|32|null|1000
10-27 19:11:50.298  2583  2583 D InterruptionStateProvider: No heads up: unimportant notification: -1|android|32|null|1000
10-27 19:11:50.304  2556  2556 D Avrcp_ext: AvrcpServiceBroadcastReceiver-> Action: android.intent.action.PACKAGE_CHANGED
10-27 19:11:50.305  2556  2556 D Avrcp_ext: AvrcpServiceBroadcastReceiver-> packageName: com.android.settings
10-27 19:11:50.305  2556  2556 D Avrcp_ext: packageName: com.android.settings removed: false
10-27 19:11:50.313  2556  2556 D Avrcp_ext: isBrowsableListUpdated: browsable list size mismatch, true
10-27 19:11:50.313  2556  2556 D Avrcp_ext: buildBrowsablePlayerList 
10-27 19:11:50.313  1618  7012 D CompatibilityInfo: mCompatibilityFlags - 0
10-27 19:11:50.313  1618  7012 D CompatibilityInfo: applicationDensity - 420
10-27 19:11:50.313  1618  7012 D CompatibilityInfo: applicationScale - 1.0
10-27 19:11:50.316  2556  2556 V Avrcp_ext: getMediaPlayerInfo: Found com.google.android.youtube
10-27 19:11:50.316  2556  2556 V Avrcp_ext: isBrowseSupported for com.google.android.youtube: false
10-27 19:11:50.317  2556  2556 D Avrcp_ext: Adding media player info for com.google.android.youtube with id 1
10-27 19:11:50.317  2556  2556 D Avrcp_ext: update #1:MediaPlayerInfo com.google.android.youtube (as 'YouTube') Type = 1, SubType = 0, Status = 0 Feature Bits [40 41 42 44 45 47 48 58] Controller: null
10-27 19:11:50.317  2556  2556 D Avrcp_ext: Added MediaPlayerController/MediaPlayerPackage
10-27 19:11:50.317  2556  2556 D Avrcp_ext: Fetch the displayName of package - start
10-27 19:11:50.322  2556  2556 D Avrcp_ext: Fetch the displayName of package -YouTube Music end
10-27 19:11:50.322  2556  2556 D Avrcp_ext: svc com.google.android.apps.youtube.music.mediabrowser.MusicBrowserService pkg com.google.android.apps.youtube.music
10-27 19:11:50.322  2556  2556 V Avrcp_ext: getMediaPlayerInfo: Found com.google.android.apps.youtube.music
10-27 19:11:50.322  2556  2556 V Avrcp_ext: isBrowseSupported for com.google.android.apps.youtube.music: true
10-27 19:11:50.325  2556  2556 D Avrcp_ext: Adding media player info for com.google.android.apps.youtube.music with id 2
10-27 19:11:50.325  2556  2556 D Avrcp_ext: update #2:MediaPlayerInfo com.google.android.apps.youtube.music (as 'YouTube Music') Type = 1, SubType = 0, Status = 0 Feature Bits [40 41 42 44 45 47 48 58 59 62 65 67 68] Controller: null
