10-27 19:11:39.563 13647 13683 D Nightwatch: Got fb jni native method for com/facebook/errorreporting/nightwatch/Nightwatch$NightwatchNative.nRecordDataInNightWatch (JI)I with native method: recordDataInNightWatch (0xba2d7161). try use crit jni: no try use fast jni: no Used crit: no Used fast: no Used norm: yes crit jni supported: yes fast jni supported: no config is fast: no config is crit: no
10-27 19:11:39.563 13647 13683 D Nightwatch: Got fb jni native method for com/facebook/errorreporting/nightwatch/Nightwatch$NightwatchNative.nRecordTickInNightWatch (JJJJ)I with native method: recordTickInNightWatch (0xba2d713f). try use crit jni: no try use fast jni: no Used crit: no Used fast: no Used norm: yes crit jni supported: yes fast jni supported: no config is fast: no config is crit: no
10-27 19:11:39.563 13647 13683 D Nightwatch: Got fb jni native method for com/facebook/errorreporting/nightwatch/Nightwatch$NightwatchNative.nSaveResourceData ()Z with native method: saveResourceData (0xba2d7131). try use crit jni: no try use fast jni: no Used crit: no Used fast: no Used norm: yes crit jni supported: yes fast jni supported: no config is fast: no config is crit: no
10-27 19:11:39.563 13647 13683 D _FB_    : Registering method com/facebook/errorreporting/nightwatch/Nightwatch$NightwatchNative.nRecordDataInNightWatch (JI)I with native method: recordDataInNightWatch (0xba2d7161)
10-27 19:11:39.563 13647 13683 D _FB_    : Succeeded registering method com/facebook/errorreporting/nightwatch/Nightwatch$NightwatchNative.nRecordDataInNightWatch (JI)I with native method: recordDataInNightWatch (0xba2d7161)
10-27 19:11:39.563 13647 13683 D _FB_    : Registering method com/facebook/errorreporting/nightwatch/Nightwatch$NightwatchNative.nRecordTickInNightWatch (JJJJ)I with native method: recordTickInNightWatch (0xba2d713f)
10-27 19:11:39.563 13647 13683 D _FB_    : Succeeded registering method com/facebook/errorreporting/nightwatch/Nightwatch$NightwatchNative.nRecordTickInNightWatch (JJJJ)I with native method: recordTickInNightWatch (0xba2d713f)
10-27 19:11:39.563 13647 13683 D _FB_    : Registering method com/facebook/errorreporting/nightwatch/Nightwatch$NightwatchNative.nSaveResourceData ()Z with native method: saveResourceData (0xba2d7131)
10-27 19:11:39.563 13647 13683 D _FB_    : Succeeded registering method com/facebook/errorreporting/nightwatch/Nightwatch$NightwatchNative.nSaveResourceData ()Z with native method: saveResourceData (0xba2d7131)
10-27 19:11:39.565 13647 13683 D Nightwatch: Starting NightWatch. Using fast [yes] or critical [yes] native methods
10-27 19:11:39.565 13647 13683 D Nightwatch: NightWatch using: Binary path: /data/app/com.facebook.katana-tencbRgMDfc3hUHCWw-mkQ==/lib/arm/libwatcher_binary.so log path: /data/data/com.facebook.katana/app_errorreporting/sess__000000072-1666890698983-bb0f4ad2-3c1d-6b01-69c3-243eea43ded6/nightwatch.txt
10-27 19:11:39.565 13647 13683 D Nightwatch: Got fb jni native method for com/facebook/errorreporting/nightwatch/NightwatchOreo.nRecordDataInNightWatch (IIJI)I with native method: recordDataInNightWatch (0xba2d7161). try use crit jni: yes try use fast jni: no Used crit: yes Used fast: no Used norm: no crit jni supported: yes fast jni supported: no config is fast: no config is crit: yes
10-27 19:11:39.565 13647 13683 D Nightwatch: Got fb jni native method for com/facebook/errorreporting/nightwatch/NightwatchOreo.nRecordTickInNightWatch (IIJJJJ)I with native method: recordTickInNightWatch (0xba2d713f). try use crit jni: yes try use fast jni: no Used crit: yes Used fast: no Used norm: no crit jni supported: yes fast jni supported: no config is fast: no config is crit: yes
10-27 19:11:39.565 13647 13683 D Nightwatch: Got fb jni native method for com/facebook/errorreporting/nightwatch/NightwatchOreo.nSaveResourceData (II)Z with native method: saveResourceData (0xba2d7131). try use crit jni: yes try use fast jni: no Used crit: yes Used fast: no Used norm: no crit jni supported: yes fast jni supported: no config is fast: no config is crit: yes
10-27 19:11:39.565 13647 13683 D _FB_    : Registering method com/facebook/errorreporting/nightwatch/NightwatchOreo.nRecordDataInNightWatch (IIJI)I with native method: recordDataInNightWatch (0xba2d7161)
10-27 19:11:39.565 13647 13683 D _FB_    : Succeeded registering method com/facebook/errorreporting/nightwatch/NightwatchOreo.nRecordDataInNightWatch (IIJI)I with native method: recordDataInNightWatch (0xba2d7161)
10-27 19:11:39.565 13647 13683 D _FB_    : Registering method com/facebook/errorreporting/nightwatch/NightwatchOreo.nRecordTickInNightWatch (IIJJJJ)I with native method: recordTickInNightWatch (0xba2d713f)
10-27 19:11:39.565 13647 13683 D _FB_    : Succeeded registering method com/facebook/errorreporting/nightwatch/NightwatchOreo.nRecordTickInNightWatch (IIJJJJ)I with native method: recordTickInNightWatch (0xba2d713f)
10-27 19:11:39.565 13647 13683 D _FB_    : Registering method com/facebook/errorreporting/nightwatch/NightwatchOreo.nSaveResourceData (II)Z with native method: saveResourceData (0xba2d7131)
10-27 19:11:39.565 13647 13683 D _FB_    : Succeeded registering method com/facebook/errorreporting/nightwatch/NightwatchOreo.nSaveResourceData (II)Z with native method: saveResourceData (0xba2d7131)
10-27 19:11:39.572 13647 13683 I nightwatch-lib: watcher succeeded mmap /data/data/com.facebook.katana/app_errorreporting/sess__000000072-1666890698983-bb0f4ad2-3c1d-6b01-69c3-243eea43ded6/nightwatch.txt.subsecond
10-27 19:11:39.581 13647 13683 I nightwatch-lib: watcher succeeded mmap /data/data/com.facebook.katana/app_errorreporting/sess__000000072-1666890698983-bb0f4ad2-3c1d-6b01-69c3-243eea43ded6/nightwatch.txt.second
10-27 19:11:39.586 13647 13683 I nightwatch-lib: watcher succeeded mmap /data/data/com.facebook.katana/app_errorreporting/sess__000000072-1666890698983-bb0f4ad2-3c1d-6b01-69c3-243eea43ded6/nightwatch.txt
10-27 19:11:39.586 13647 13674 W fb4a.AppInitScheduler|Run:   Finished FbSharedPreferenceInitializerAsync in 419ms
10-27 19:11:39.586 13647 13683 D nightwatch-fd: Attempting to open file /proc/self/oom_adj
10-27 19:11:39.586 13647 13683 D nightwatch-fd: Opened file /proc/self/oom_adj (82)
10-27 19:11:39.586 13647 13683 D nightwatch-fd: Attempting to open file /proc/self/oom_score_adj
10-27 19:11:39.586 13647 13683 D nightwatch-fd: Opened file /proc/self/oom_score_adj (91)
10-27 19:11:39.591 13647 13683 I nightwatch-target: created thread to monitor process resources
10-27 19:11:39.592 13647 13749 D nightwatch-fd: Attempting to open file /proc/self/oom_score
10-27 19:11:39.592 13647 13749 D nightwatch-fd: Opened file /proc/self/oom_score (106)
10-27 19:11:39.592 13647 13749 I nightwatch-target: monitor resources interval 20 ms
10-27 19:11:39.594 13647 13749 E nightwatch-target: /proc/zoneinfo open: errno=13
10-27 19:11:39.594 13647 13749 E nightwatch-target: sysmeminfo parse failed
10-27 19:11:39.610 13647 13684 W fb4a.AppInitScheduler|Run:   Finished EagerInitImagePipeline in 287ms
10-27 19:11:39.611 13647 13750 I nightwatch-target: waiting on child pid 13751
10-27 19:11:39.615 13647 13684 W fb4a.AppInitScheduler|Run: Running WaitForUIDependenciesInitializer [*]
10-27 19:11:39.615 13647 13749 E nightwatch-target: /proc/zoneinfo open: errno=13
10-27 19:11:39.615 13647 13749 E nightwatch-target: sysmeminfo parse failed
10-27 19:11:39.624 13647 13684 W fb4a.AppInitScheduler|Run:   Finished WaitForUIDependenciesInitializer in 9ms
10-27 19:11:39.625 13647 13684 W fb4a.AppInitScheduler|Run: Running DismissSplashScreens [*]
10-27 19:11:39.626 13647 13678 W fb4a.AppInitScheduler|Run: Running SendPendingReports
10-27 19:11:39.626 13647 13675 W fb4a.AppInitScheduler|Run: Running ReplayBroadcastReceivedDuringAppInit
10-27 19:11:39.627 13647 13674 W fb4a.AppInitScheduler|Run: Running ScheduleLowPriWork
10-27 19:11:39.627 13647 13675 W fb4a.AppInitScheduler|Run:   Finished ReplayBroadcastReceivedDuringAppInit in 0ms
10-27 19:11:39.628 13647 13684 W fb4a.AppInitScheduler|Run:   Finished DismissSplashScreens in 3ms
10-27 19:11:39.636 13647 13674 W fb4a.AppInitScheduler|Run:   Finished ScheduleLowPriWork in 9ms
10-27 19:11:39.636 13647 13678 W fb4a.AppInitScheduler|Run:   Finished SendPendingReports in 9ms
10-27 19:11:39.644 13751 13751 I nightwatch-watcher: I have arisen! pid: 13751
10-27 19:11:39.645 13751 13751 I nightwatch-lib: watcher succeeded mmap /data/data/com.facebook.katana/app_errorreporting/sess__000000072-1666890698983-bb0f4ad2-3c1d-6b01-69c3-243eea43ded6/nightwatch.txt
10-27 19:11:39.646 13751 13751 I nightwatch-watcher: attached to tid 13750 in pid 13647, ptrace_ret: 0
10-27 19:11:39.646 13751 13751 D nightwatch-fd: Attempting to open file /proc/13647/oom_adj
10-27 19:11:39.646 13751 13751 D nightwatch-fd: Opened file /proc/13647/oom_adj (4)
10-27 19:11:39.646 13751 13751 D nightwatch-fd: Attempting to open file /proc/13647/oom_score_adj
10-27 19:11:39.646 13751 13751 D nightwatch-fd: Opened file /proc/13647/oom_score_adj (5)
10-27 19:11:39.647 13751 13751 I nightwatch-watcher: target tid 13750 stopped with signal 19. continuing and delivering signal 0
10-27 19:11:39.653  1618  1788 W BroadcastQueue: Background execution not allowed: receiving Intent { act=android.intent.action.DROPBOX_ENTRY_ADDED flg=0x10 (has extras) } to com.google.android.gms/.stats.service.DropBoxEntryAddedReceiver
10-27 19:11:39.653  1618  1788 W BroadcastQueue: Background execution not allowed: receiving Intent { act=android.intent.action.DROPBOX_ENTRY_ADDED flg=0x10 (has extras) } to com.google.android.gms/.chimera.GmsIntentOperationService$PersistentTrustedReceiver
10-27 19:11:39.657  1618  7927 D CompatibilityInfo: mCompatibilityFlags - 0
10-27 19:11:39.657  1618  7927 D CompatibilityInfo: applicationDensity - 420
10-27 19:11:39.657  1618  7927 D CompatibilityInfo: applicationScale - 1.0
10-27 19:11:39.678  1618  7927 D CompatibilityInfo: mCompatibilityFlags - 0
10-27 19:11:39.678  1618  7927 D CompatibilityInfo: applicationDensity - 420
10-27 19:11:39.678  1618  7927 D CompatibilityInfo: applicationScale - 1.0
10-27 19:11:39.679 13647 13672 W ComponentDiscovery: Class com.google.firebase.dynamicloading.DynamicLoadingRegistrar is not an found.
10-27 19:11:39.685  1618  7927 D CompatibilityInfo: mCompatibilityFlags - 0
10-27 19:11:39.685  1618  7927 D CompatibilityInfo: applicationDensity - 420
10-27 19:11:39.685  1618  7927 D CompatibilityInfo: applicationScale - 1.0
10-27 19:11:39.729 13647 13686 W fb4a.MobileConfigFactoryImpl: SESSIONBASED factory used for SESSIONLESS param
10-27 19:11:39.733 13647 13686 W fb4a.MobileConfigFactoryImpl: SESSIONBASED factory used for SESSIONLESS param
10-27 19:11:39.746  1618  7927 D CompatibilityInfo: mCompatibilityFlags - 0
10-27 19:11:39.746  1618  7927 D CompatibilityInfo: applicationDensity - 420
10-27 19:11:39.746  1618  7927 D CompatibilityInfo: applicationScale - 1.0
10-27 19:11:39.788 13647 13677 W fb4a.MobileConfigFactoryImpl: SESSIONLESS factory used for SESSIONBASED param
10-27 19:11:39.811 13647 13686 W fb4a.AppInitScheduler|Run:   Finished EagerInitTigonInterceptors in 463ms
10-27 19:11:39.814 13647 13677 W fb4a.QuickPerformanceLoggerModule: Provided QPL: 232982107
10-27 19:11:39.814 13647 13677 W fb4a.AppInitScheduler|Run:   Finished StartupQPLInit in 631ms
10-27 19:11:39.815 13647 13677 W fb4a.AppInitScheduler|Run: Running BloksInit
10-27 19:11:39.815 13647 13675 W fb4a.AppInitScheduler|Run: Running FunctionalReliabilityRingBufferInitializer
10-27 19:11:39.815 13647 13684 W fb4a.AppInitScheduler|Run: Running INeedInitForBroadcastReceiverRegisterAfterQpl
10-27 19:11:39.816 13647 13674 W fb4a.AppInitScheduler|Run: Running ProfiloBridgeFactoryImpl
10-27 19:11:39.816 13647 13677 W fb4a.AppInitScheduler|Run:   Finished BloksInit in 1ms
10-27 19:11:39.816 13647 13677 W fb4a.AppInitScheduler|Run: Running ReliabilityUserPerceptibleScopeToQPL
10-27 19:11:39.816 13647 13678 W fb4a.AppInitScheduler|Run: Running StartupInfraPreloader
10-27 19:11:39.816 13647 13686 W fb4a.AppInitScheduler|Run: Running VideoServiceWarmup
10-27 19:11:39.816 13647 13677 W fb4a.AppInitScheduler|Run:   Finished ReliabilityUserPerceptibleScopeToQPL in 1ms
10-27 19:11:39.817 13647 13677 W fb4a.AppInitScheduler|Run: Running ZOptLoggingInitializer
10-27 19:11:39.817 13647 13675 W fb4a.AppInitScheduler|Run:   Finished FunctionalReliabilityRingBufferInitializer in 2ms
10-27 19:11:39.817 13647 13675 W fb4a.AppInitScheduler|Run: Running StartupQPLReplayer
10-27 19:11:39.817 13647 13677 W fb4a.AppInitScheduler|Run:   Finished ZOptLoggingInitializer in 0ms
10-27 19:11:39.817 13647 13676 W fb4a.AppInitScheduler|Run:   Finished EagerInitTigonLigerXPlatService in 468ms
10-27 19:11:39.817 13647 13677 W fb4a.AppInitScheduler|Run: Running NetworkEagerInit
10-27 19:11:39.818 13647 13678 W fb4a.AppInitScheduler|Run:   Finished StartupInfraPreloader in 1ms
10-27 19:11:39.820 13647 13675 W fb4a.AppInitScheduler|Run:   Finished StartupQPLReplayer in 3ms
10-27 19:11:39.823 13647 13686 W fb4a.AppInitScheduler|Run:   Finished VideoServiceWarmup in 7ms
10-27 19:11:39.824 13647 13674 W Profilo/TraceControl: START PROFILO_TRACEID: C3d5+iiUGd9
10-27 19:11:39.831 13647 13677 W fb4a.AppInitScheduler|Run:   Finished NetworkEagerInit in 14ms
10-27 19:11:39.831 13647 13677 W fb4a.AppInitScheduler|Run: Running GraphServiceEagerInit
10-27 19:11:39.831 13647 13678 W fb4a.AppInitScheduler|Run: Running ZeroLibraryInitializer
10-27 19:11:39.865 13647 13684 W fb4a.AppInitScheduler|Run:   Finished INeedInitForBroadcastReceiverRegisterAfterQpl in 50ms
10-27 19:11:39.867 13647 13683 W fb4a.AppInitScheduler|Run:   Finished InitLacrimaLaterInit in 583ms
10-27 19:11:39.872 13647 13674 W fb4a.AppInitScheduler|Run:   Finished ProfiloBridgeFactoryImpl in 56ms
10-27 19:11:39.896 13647 13710 D CompatibilityChangeReporter: Compat change id reported: 147600208; UID 10172; state: ENABLED
10-27 19:11:39.924 13647 13678 W fb4a.AppInitScheduler|Run:   Finished ZeroLibraryInitializer in 93ms
10-27 19:11:39.949 13647 13774 D XmlUtils: String value is null
10-27 19:11:39.952 13647 13774 I chatty  : uid=10172(com.facebook.katana) identical 11 lines
10-27 19:11:39.952 13647 13774 D XmlUtils: String value is null
10-27 19:11:39.958 13647 13685 W fb4a.AppInitScheduler|Run:   Finished PendingStoryStoreInitializer in 461ms
10-27 19:11:39.963  1618  7927 D CompatibilityInfo: mCompatibilityFlags - 0
10-27 19:11:39.963  1618  7927 D CompatibilityInfo: applicationDensity - 420
10-27 19:11:39.963  1618  7927 D CompatibilityInfo: applicationScale - 1.0
10-27 19:11:39.965  2556  3244 I BtGatt.ScanManager: msg.what = 6
10-27 19:11:39.975 13647 13677 W fb4a.AppInitScheduler|Run:   Finished GraphServiceEagerInit in 144ms
10-27 19:11:39.975 13647 13677 W fb4a.AppInitScheduler|Run: All work finished.
10-27 19:11:39.978  2556  3244 I BtGatt.ScanManager: msg.what = 6
10-27 19:11:40.020 13647 13715 E fb4a.StartupInfraPreloader: Unknown component: stories_csr_storage
10-27 19:11:40.097 10483 13699 W adbd    : timed out while waiting for FUNCTIONFS_BIND, trying again
10-27 19:11:40.097 10483 13699 I adbd    : UsbFfs: connection terminated: monitor thread finished
10-27 19:11:40.097 10483 10483 I adbd    : UsbFfs: already offline
10-27 19:11:40.097 10483 10483 I adbd    : destroying transport UsbFfs
10-27 19:11:40.097 10483 10483 I adbd    : UsbFfsConnection being destroyed
10-27 19:11:40.140 13449 13504 W msgr.MobileConfigFactoryImpl: Invalid param type used for config: 387, param: 237
10-27 19:11:40.143 13449 13589 W msgr.lacrima: Soft error detector missing: MobileConfigFactoryImpl: invalid specifier Invalid param type used for config: 387, param: 237, delaying
10-27 19:11:40.192 10483 10488 I adbd    : opening control endpoint /dev/usb-ffs/adb/ep0
10-27 19:11:40.195 10483 10488 I adbd    : UsbFfsConnection constructed
10-27 19:11:40.196 10483 13785 I adbd    : UsbFfs-monitor thread spawned
10-27 19:11:40.198  1618  6364 D CompatibilityInfo: mCompatibilityFlags - 0
10-27 19:11:40.198  1618  6364 D CompatibilityInfo: applicationDensity - 420
10-27 19:11:40.198  1618  6364 D CompatibilityInfo: applicationScale - 1.0
10-27 19:11:40.203  2556  3244 I BtGatt.ScanManager: msg.what = 6
10-27 19:11:40.209  1618  7927 D CompatibilityInfo: mCompatibilityFlags - 0
10-27 19:11:40.209  1618  7927 D CompatibilityInfo: applicationDensity - 420
10-27 19:11:40.209  1618  7927 D CompatibilityInfo: applicationScale - 1.0
10-27 19:11:40.244 13449 13449 W HeroServiceClient: onServiceConnected
10-27 19:11:40.244 13449 13449 W HeroServiceClient: onServiceConnectedInternal()
10-27 19:11:40.248 13449 13449 W msgr.4Yo: creating VideoPerformanceTracking with event bus
10-27 19:11:40.252  2556  3244 I BtGatt.ScanManager: msg.what = 6
10-27 19:11:40.256 13449 13784 W msgr.4Yo: Error reading from storage, clearing accumulated vard
10-27 19:11:40.256 13449 13784 W msgr.4Yo: java.io.EOFException
10-27 19:11:40.256 13449 13784 W msgr.4Yo: 	at java.io.DataInputStream.readFully(DataInputStream.java:200)
10-27 19:11:40.256 13449 13784 W msgr.4Yo: 	at java.io.DataInputStream.readInt(DataInputStream.java:389)
10-27 19:11:40.256 13449 13784 W msgr.4Yo: 	at X.4Yr.A00(:14)
10-27 19:11:40.256 13449 13784 W msgr.4Yo: 	at X.4Ys.run(:21)
10-27 19:11:40.256 13449 13784 W msgr.4Yo: 	at X.3BF.run(:12)
10-27 19:11:40.256 13449 13784 W msgr.4Yo: 	at X.0vr.run(:2)
10-27 19:11:40.256 13449 13784 W msgr.4Yo: 	at java.util.concurrent.ThreadPoolExecutor.runWorker(ThreadPoolExecutor.java:1167)
10-27 19:11:40.256 13449 13784 W msgr.4Yo: 	at java.util.concurrent.ThreadPoolExecutor$Worker.run(ThreadPoolExecutor.java:641)
10-27 19:11:40.256 13449 13784 W msgr.4Yo: 	at X.2Ha.run(:3)
10-27 19:11:40.256 13449 13784 W msgr.4Yo: 	at X.2Hb.run(:14)
10-27 19:11:40.256 13449 13784 W msgr.4Yo: 	at java.lang.Thread.run(Thread.java:923)
10-27 19:11:40.264 13449 13460 I m.facebook.orc: JIT allocated 57KB for compiled code of int X.1xE.A00(java.lang.String)
10-27 19:11:40.283 13449 13786 W VideoCapabilities: Unsupported mime video/divx
10-27 19:11:40.284 13449 13786 W VideoCapabilities: Unsupported mime video/divx311
10-27 19:11:40.285 13449 13786 W VideoCapabilities: Unsupported mime video/divx4
10-27 19:11:40.287 13449 13786 W VideoCapabilities: Unrecognized profile/level 0/3 for video/mpeg2
10-27 19:11:40.287 13449 13786 W VideoCapabilities: Unrecognized profile/level 0/3 for video/mpeg2
10-27 19:11:40.289 13449 13449 W Lacrima_startup: type=1400 audit(0.0:39869): avc: denied { read } for name="zoneinfo" dev="proc" ino=4026532129 scontext=u:r:untrusted_app:s0:c173,c256,c512,c768 tcontext=u:object_r:proc_zoneinfo:s0 tclass=file permissive=0 app=com.facebook.orca
10-27 19:11:40.289 13449 13786 W VideoCapabilities: Unsupported mime video/x-ms-wmv
10-27 19:11:40.289 13449 13786 W VideoCapabilities: Unsupported mime video/x-ms-wmv
10-27 19:11:40.290  1618  3876 D CompatibilityInfo: mCompatibilityFlags - 0
10-27 19:11:40.290  1618  3876 D CompatibilityInfo: applicationDensity - 420
10-27 19:11:40.290  1618  3876 D CompatibilityInfo: applicationScale - 1.0
10-27 19:11:40.298 13449 13786 W AudioCapabilities: Unsupported mime audio/ozoaudio
10-27 19:11:40.299  1618  1768 D UsbDeviceManager: Clear notification
10-27 19:11:40.300  1618  1618 D NotificationService: isCharge=true
10-27 19:11:40.303 13449 13514 E nightwatch-target: /proc/zoneinfo open: errno=13
10-27 19:11:40.303 13449 13514 E nightwatch-target: sysmeminfo parse failed
10-27 19:11:40.312  1618  1788 D CompatibilityInfo: mCompatibilityFlags - 0
10-27 19:11:40.312  1618  1788 D CompatibilityInfo: applicationDensity - 420
10-27 19:11:40.312  1618  1788 D CompatibilityInfo: applicationScale - 1.0
10-27 19:11:40.319  1618  7927 D CompatibilityInfo: mCompatibilityFlags - 0
10-27 19:11:40.319  1618  7927 D CompatibilityInfo: applicationDensity - 420
10-27 19:11:40.319  1618  7927 D CompatibilityInfo: applicationScale - 1.0
10-27 19:11:40.351 30407 30451 I GH.ConnLoggerV2: Started session f7df7334-946b-4b3d-9bc3-f2d81f79d315, start time = 6137842
10-27 19:11:40.363 13449 13793 I OMXClient: IOmx service obtained
10-27 19:11:40.364  1235 11970 I OMXMaster: makeComponentInstance(OMX.qcom.video.decoder.avc) in android.hardwar process
10-27 19:11:40.377  1235 11970 E android.hardware.media.omx@1.0-service: Service not available yet
10-27 19:11:40.386  1235 11970 I OMX-VDEC-1080P: Video slvp perflock acquired
10-27 19:11:40.388  1235 11970 I OMX-VDEC-1080P: component_init: OMX.qcom.video.decoder.avc : fd=7
10-27 19:11:40.399  1235 11970 I OMX-VDEC-1080P: omx_vdec::component_init() success : fd=7
10-27 19:11:40.402  1235 11970 I OMX-VDEC-1080P: omx_vdec::component_deinit() complete
10-27 19:11:40.404  1235 11970 I OMX-VDEC-1080P: Exit OMX vdec Destructor: fd=7
10-27 19:11:40.405  1235 11970 I OMX-VDEC-1080P: Video slvp perflock released
10-27 19:11:40.405  1235 11970 I hw-BpHwBinder: onLastStrongRef automatically unlinking death recipients
10-27 19:11:40.418 13449 13793 I OMXClient: IOmx service obtained
10-27 19:11:40.422  1235  1310 I OMXMaster: makeComponentInstance(OMX.qcom.video.decoder.avc) in android.hardwar process
10-27 19:11:40.422  1618  3876 D CompatibilityInfo: mCompatibilityFlags - 0
10-27 19:11:40.422  1618  3876 D CompatibilityInfo: applicationDensity - 420
10-27 19:11:40.422  1618  3876 D CompatibilityInfo: applicationScale - 1.0
10-27 19:11:40.428  1235  1310 E android.hardware.media.omx@1.0-service: Service not available yet
10-27 19:11:40.447  1235  1310 I OMX-VDEC-1080P: Video slvp perflock acquired
10-27 19:11:40.448  1235  1310 I OMX-VDEC-1080P: component_init: OMX.qcom.video.decoder.avc : fd=7
10-27 19:11:40.455  1235  1310 I OMX-VDEC-1080P: omx_vdec::component_init() success : fd=7
10-27 19:11:40.457 13449 13639 W msgr.ServiceInfoParser: X.2ox: Service com.facebook.browser.lite.BrowserLiteIntentService is missing meta key com.facebook.common.jobscheduler.compat.jobIds
10-27 19:11:40.457 13449 13639 W msgr.ServiceInfoParser: X.2ox: Service com.facebook.browser.lite.BrowserLiteInMainProcessIntentService is missing meta key com.facebook.common.jobscheduler.compat.jobIds
10-27 19:11:40.457 13449 13639 W msgr.ServiceInfoParser: X.2ox: Service com.facebook.common.errorreporting.memory.MemoryDumpUploadService is missing meta key com.facebook.common.jobscheduler.compat.jobIds
10-27 19:11:40.457 13449 13639 W msgr.ServiceInfoParser: X.2ox: Service com.facebook.contacts.service.ContactLocaleChangeService is missing meta key com.facebook.common.jobscheduler.compat.jobIds
10-27 19:11:40.457 13449 13639 W msgr.ServiceInfoParser: X.2ox: Service com.facebook.messaging.livelocation.bindings.MessengerLiveLocationBooterService is missing meta key com.facebook.common.jobscheduler.compat.jobIds
10-27 19:11:40.457 13449 13639 W msgr.ServiceInfoParser: X.2ox: Service com.facebook.messaging.chatheads.service.ChatHeadsBooterService is missing meta key com.facebook.common.jobscheduler.compat.jobIds
10-27 19:11:40.457 13449 13639 W msgr.ServiceInfoParser: X.2ox: Service com.facebook.conditionalworker.ConditionalWorkerService is missing meta key com.facebook.common.jobscheduler.compat.jobIds
10-27 19:11:40.458 13449 13639 W msgr.ServiceInfoParser: X.2ox: Service com.facebook.appcomponentmanager.AppComponentManagerService is missing meta key com.facebook.common.jobscheduler.compat.jobIds
10-27 19:11:40.459 13449 13639 W msgr.ServiceInfoParser: X.2ox: Service com.facebook.common.dextricks.DexOptimization$Service is missing meta key com.facebook.common.jobscheduler.compat.jobIds
10-27 19:11:40.459 13449 13639 W msgr.ServiceInfoParser: X.2ox: Service com.facebook.common.dextricks.DexOptimizationJobService is missing meta key com.facebook.common.jobscheduler.compat.jobIds
10-27 19:11:40.459 13449 13639 W msgr.ServiceInfoParser: X.2ox: Service com.facebook.fbservice.service.BlueServiceJobIntentService is missing meta key com.facebook.common.jobscheduler.compat.jobIds
10-27 19:11:40.459 13449 13639 W msgr.ServiceInfoParser: X.2ox: Service com.facebook.googleplay.GooglePlayInstallRefererService is missing meta key com.facebook.common.jobscheduler.compat.jobIds
10-27 19:11:40.459 13449 13639 W msgr.ServiceInfoParser: X.2ox: Service com.facebook.messaging.sms.defaultapp.SmsHandlerService is missing meta key com.facebook.common.jobscheduler.compat.jobIds
10-27 19:11:40.459 13449 13639 W msgr.ServiceInfoParser: X.2ox: Service com.facebook.messaging.universallinks.receiver.InstallReferrerFetchJobIntentService is missing meta key com.facebook.common.jobscheduler.compat.jobIds
10-27 19:11:40.459 13449 13639 W msgr.ServiceInfoParser: X.2ox: Service com.facebook.orca.notify.MessagesNotificationService is missing meta key com.facebook.common.jobscheduler.compat.jobIds
10-27 19:11:40.459 13449 13639 W msgr.ServiceInfoParser: X.2ox: Service com.facebook.oxygen.preloads.sdk.firstparty.managedappcache.IsManagedAppCacheJobService is missing meta key com.facebook.common.jobscheduler.compat.jobIds
10-27 19:11:40.459 13449 13639 W msgr.ServiceInfoParser: X.2ox: Service com.facebook.push.mqtt.service.MqttPushHelperService is missing meta key com.facebook.common.jobscheduler.compat.jobIds
10-27 19:11:40.459 13449 13639 W msgr.ServiceInfoParser: X.2ox: Service com.facebook.papaya.fb.client.services.FBPapayaJobService is missing meta key com.facebook.common.jobscheduler.compat.jobIds
10-27 19:11:40.459 13449 13639 W msgr.ServiceInfoParser: X.2ox: Service com.facebook.push.registration.RegistrarHelperService is missing meta key com.facebook.common.jobscheduler.compat.jobIds
10-27 19:11:40.460 13449 13639 W msgr.ServiceInfoParser: X.2ox: Service com.facebook.push.crossapp.PackageRemovedReporterService is missing meta key com.facebook.common.jobscheduler.compat.jobIds
10-27 19:11:40.460 13449 13449 E Security-LocalReporter: category=InternalIntentScope, message=Access denied. com.facebook.orca cannot receive broadcasts from no_app_identity, cause=java.lang.SecurityException: Access denied. com.facebook.orca cannot receive broadcasts from no_app_identity
10-27 19:11:40.460 13449 13639 W msgr.ServiceInfoParser: X.2ox: Service com.facebook.push.adm.ADMService is missing meta key com.facebook.common.jobscheduler.compat.jobIds
10-27 19:11:40.460 13449 13639 W msgr.ServiceInfoParser: X.2ox: Service com.facebook.push.adm.ADMBroadcastReceiverJobBase is missing meta key com.facebook.common.jobscheduler.compat.jobIds
10-27 19:11:40.460 13449 13639 W msgr.ServiceInfoParser: X.2ox: Service com.facebook.push.adm.ADMJobIntentService is missing meta key com.facebook.common.jobscheduler.compat.jobIds
10-27 19:11:40.461 13449 13639 W msgr.ServiceInfoParser: X.2ox: Service com.facebook.push.negativefeedback.PushNegativeFeedbackFbJobIntentService is missing meta key com.facebook.common.jobscheduler.compat.jobIds
10-27 19:11:40.463 13449 13639 W msgr.ServiceInfoParser: X.2ox: Service com.facebook.messaging.prefs.notifications.NotificationPrefsSyncService is missing meta key com.facebook.common.jobscheduler.compat.jobIds
10-27 19:11:40.463 13449 13639 W msgr.ServiceInfoParser: X.2ox: Service com.facebook.reportaproblem.base.bugreport.BugReportUploadService is missing meta key com.facebook.common.jobscheduler.compat.jobIds
10-27 19:11:40.463 13449 13639 W msgr.ServiceInfoParser: X.2ox: Service com.facebook.analytics.appstatelogger.AppStateIntentService is missing meta key com.facebook.common.jobscheduler.compat.jobIds
10-27 19:11:40.463 13449 13639 W msgr.ServiceInfoParser: X.2ox: Service com.facebook.analytics2.logger.service.LollipopUploadSafeService is missing meta key com.facebook.common.jobscheduler.compat.jobIds
10-27 19:11:40.463 13449 13639 W msgr.ServiceInfoParser: X.2ox: Service com.facebook.analytics2.logger.LollipopUploadService is missing meta key com.facebook.common.jobscheduler.compat.jobIds
10-27 19:11:40.463 13449 13639 W msgr.ServiceInfoParser: X.2ox: Service com.facebook.push.fbpushdata.common.FbPushDataHandlerService is missing meta key com.facebook.common.jobscheduler.compat.jobIds
10-27 19:11:40.463 13449 13639 W msgr.ServiceInfoParser: X.2ox: Service com.facebook.delayedworker.DelayedWorkerService is missing meta key com.facebook.common.jobscheduler.compat.jobIds
10-27 19:11:40.463 13449 13639 W msgr.ServiceInfoParser: X.2ox: Service com.facebook.profilo.upload.TraceUploadRetryJob is missing meta key com.facebook.common.jobscheduler.compat.jobIds
10-27 19:11:40.463 13449 13639 W msgr.ServiceInfoParser: X.2ox: Service com.facebook.push.fcm.FcmRegistrarFbJobIntentService is missing meta key com.facebook.common.jobscheduler.compat.jobIds
10-27 19:11:40.464 13449 13639 W msgr.ServiceInfoParser: X.2ox: Service androidx.work.impl.background.systemjob.SystemJobService is missing meta key com.facebook.common.jobscheduler.compat.jobIds
10-27 19:11:40.464 13449 13639 W msgr.ServiceInfoParser: X.2ox: Service com.google.android.gms.analytics.AnalyticsJobService is missing meta key com.facebook.common.jobscheduler.compat.jobIds
10-27 19:11:40.464 13449 13805 D CCodec  : allocate(c2.android.aac.decoder)
10-27 19:11:40.464 13449 13639 W msgr.ServiceInfoParser: X.2ox: Service com.facebook.videolite.api.jobscheduler.UploadJobSchedulerService is missing meta key com.facebook.common.jobscheduler.compat.jobIds
10-27 19:11:40.466 13449 13805 I Codec2Client: Available Codec2 services: "ozoaudio" "software"
10-27 19:11:40.474  1300  1300 V C2Store : in init
10-27 19:11:40.474  1300  1300 V C2Store : loading dll
10-27 19:11:40.478 13449 13805 I CCodec  : Created component [c2.android.aac.decoder]
10-27 19:11:40.478 13449 13805 D CCodecConfig: read media type: audio/mp4a-latm
10-27 19:11:40.480 13449 13805 D ReflectedParamUpdater: extent() != 1 for single value type: algo.buffers.max-count.values
10-27 19:11:40.481 13449 13805 D ReflectedParamUpdater: extent() != 1 for single value type: output.subscribed-indices.values
10-27 19:11:40.481 13449 13805 D ReflectedParamUpdater: extent() != 1 for single value type: input.buffers.allocator-ids.values
10-27 19:11:40.481 13449 13805 D ReflectedParamUpdater: extent() != 1 for single value type: output.buffers.allocator-ids.values
10-27 19:11:40.481 13449 13805 D ReflectedParamUpdater: extent() != 1 for single value type: algo.buffers.allocator-ids.values
10-27 19:11:40.481 13449 13805 D ReflectedParamUpdater: extent() != 1 for single value type: output.buffers.pool-ids.values
10-27 19:11:40.481 13449 13805 D ReflectedParamUpdater: extent() != 1 for single value type: algo.buffers.pool-ids.values
10-27 19:11:40.485 13449 13805 I CCodecConfig: query failed after returning 19 values (BAD_INDEX)
10-27 19:11:40.485 13449 13805 D CCodecConfig: c2 config diff is Dict {
10-27 19:11:40.485 13449 13805 D CCodecConfig:   c2::u32 coded.aac-packaging.value = 0
10-27 19:11:40.485 13449 13805 D CCodecConfig:   c2::u32 coded.bitrate.value = 64000
10-27 19:11:40.485 13449 13805 D CCodecConfig:   c2::u32 coded.pl.level = 0
10-27 19:11:40.485 13449 13805 D CCodecConfig:   c2::u32 coded.pl.profile = 8192
10-27 19:11:40.485 13449 13805 D CCodecConfig:   c2::i32 coding.drc.album-mode.value = 0
10-27 19:11:40.485 13449 13805 D CCodecConfig:   c2::float coding.drc.attenuation-factor.value = 1
10-27 19:11:40.485 13449 13805 D CCodecConfig:   c2::float coding.drc.boost-factor.value = 1
10-27 19:11:40.485 13449 13805 D CCodecConfig:   c2::i32 coding.drc.compression-mode.value = 3
10-27 19:11:40.485 13449 13805 D CCodecConfig:   c2::i32 coding.drc.effect-type.value = 3
10-27 19:11:40.485 13449 13805 D CCodecConfig:   c2::float coding.drc.encoded-level.value = 0.25
10-27 19:11:40.485 13449 13805 D CCodecConfig:   c2::float coding.drc.reference-level.value = -16
10-27 19:11:40.485 13449 13805 D CCodecConfig:   c2::u32 input.buffers.max-size.value = 8192
10-27 19:11:40.485 13449 13805 D CCodecConfig:   c2::u32 input.delay.value = 0
10-27 19:11:40.485 13449 13805 D CCodecConfig:   string input.media-type.value = "audio/mp4a-latm"
10-27 19:11:40.485 13449 13805 D CCodecConfig:   c2::u32 output.delay.value = 2
10-27 19:11:40.485 13449 13805 D CCodecConfig:   c2::float output.drc.output-loudness.value = 0.25
10-27 19:11:40.485 13449 13805 D CCodecConfig:   string output.media-type.value = "audio/raw"
10-27 19:11:40.485 13449 13805 D CCodecConfig:   c2::u32 raw.channel-count.value = 1
10-27 19:11:40.485 13449 13805 D CCodecConfig:   c2::u32 raw.max-channel-count.value = 8
10-27 19:11:40.485 13449 13805 D CCodecConfig:   c2::u32 raw.sample-rate.value = 44100
10-27 19:11:40.485 13449 13805 D CCodecConfig: }
10-27 19:11:40.488  1300  3364 V C2Store : in ~ComponentModule
10-27 19:11:40.488  1300  3364 V C2Store : unloading dll
10-27 19:11:40.489 13449 13810 I hw-BpHwBinder: onLastStrongRef automatically unlinking death recipients
10-27 19:11:40.491 13449 13805 D CCodec  : allocate(c2.android.aac.decoder)
10-27 19:11:40.491  1300  3364 V C2Store : in init
10-27 19:11:40.491  1300  3364 V C2Store : loading dll
10-27 19:11:40.495 13449 13805 I CCodec  : Created component [c2.android.aac.decoder]
10-27 19:11:40.495 13449 13805 D CCodecConfig: read media type: audio/mp4a-latm
10-27 19:11:40.497 13449 13805 D ReflectedParamUpdater: extent() != 1 for single value type: algo.buffers.max-count.values
10-27 19:11:40.497 13449 13805 D ReflectedParamUpdater: extent() != 1 for single value type: output.subscribed-indices.values
10-27 19:11:40.497 13449 13805 D ReflectedParamUpdater: extent() != 1 for single value type: input.buffers.allocator-ids.values
10-27 19:11:40.497 13449 13805 D ReflectedParamUpdater: extent() != 1 for single value type: output.buffers.allocator-ids.values
10-27 19:11:40.497 13449 13805 D ReflectedParamUpdater: extent() != 1 for single value type: algo.buffers.allocator-ids.values
10-27 19:11:40.497 13449 13805 D ReflectedParamUpdater: extent() != 1 for single value type: output.buffers.pool-ids.values
10-27 19:11:40.498 13449 13805 D ReflectedParamUpdater: extent() != 1 for single value type: algo.buffers.pool-ids.values
10-27 19:11:40.501 13449 13805 I CCodecConfig: query failed after returning 19 values (BAD_INDEX)
10-27 19:11:40.502 13449 13805 D CCodecConfig: c2 config diff is Dict {
10-27 19:11:40.502 13449 13805 D CCodecConfig:   c2::u32 coded.aac-packaging.value = 0
10-27 19:11:40.502 13449 13805 D CCodecConfig:   c2::u32 coded.bitrate.value = 64000
10-27 19:11:40.502 13449 13805 D CCodecConfig:   c2::u32 coded.pl.level = 0
10-27 19:11:40.502 13449 13805 D CCodecConfig:   c2::u32 coded.pl.profile = 8192
10-27 19:11:40.502 13449 13805 D CCodecConfig:   c2::i32 coding.drc.album-mode.value = 0
10-27 19:11:40.502 13449 13805 D CCodecConfig:   c2::float coding.drc.attenuation-factor.value = 1
10-27 19:11:40.502 13449 13805 D CCodecConfig:   c2::float coding.drc.boost-factor.value = 1
10-27 19:11:40.502 13449 13805 D CCodecConfig:   c2::i32 coding.drc.compression-mode.value = 3
10-27 19:11:40.502 13449 13805 D CCodecConfig:   c2::i32 coding.drc.effect-type.value = 3
10-27 19:11:40.502 13449 13805 D CCodecConfig:   c2::float coding.drc.encoded-level.value = 0.25
10-27 19:11:40.502 13449 13805 D CCodecConfig:   c2::float coding.drc.reference-level.value = -16
10-27 19:11:40.502 13449 13805 D CCodecConfig:   c2::u32 input.buffers.max-size.value = 8192
10-27 19:11:40.502 13449 13805 D CCodecConfig:   c2::u32 input.delay.value = 0
10-27 19:11:40.502 13449 13805 D CCodecConfig:   string input.media-type.value = "audio/mp4a-latm"
10-27 19:11:40.502 13449 13805 D CCodecConfig:   c2::u32 output.delay.value = 2
10-27 19:11:40.502 13449 13805 D CCodecConfig:   c2::float output.drc.output-loudness.value = 0.25
10-27 19:11:40.502 13449 13805 D CCodecConfig:   string output.media-type.value = "audio/raw"
10-27 19:11:40.502 13449 13805 D CCodecConfig:   c2::u32 raw.channel-count.value = 1
10-27 19:11:40.502 13449 13805 D CCodecConfig:   c2::u32 raw.max-channel-count.value = 8
10-27 19:11:40.502 13449 13805 D CCodecConfig:   c2::u32 raw.sample-rate.value = 44100
10-27 19:11:40.502 13449 13805 D CCodecConfig: }
10-27 19:11:40.547  1618  3876 I system_server: oneway function results will be dropped but finished with status OK and parcel size 4
10-27 19:11:40.548  1618  3876 I chatty  : uid=1000(system) Binder:1618_F identical 2 lines
10-27 19:11:40.549  1618  3876 I system_server: oneway function results will be dropped but finished with status OK and parcel size 4
10-27 19:11:40.549  1618  7927 I system_server: oneway function results will be dropped but finished with status OK and parcel size 4
10-27 19:11:40.549  1618  3876 I system_server: oneway function results will be dropped but finished with status OK and parcel size 4
10-27 19:11:40.551  1618  3876 I chatty  : uid=1000(system) Binder:1618_F identical 3 lines
10-27 19:11:40.551  1618  3876 I system_server: oneway function results will be dropped but finished with status OK and parcel size 4
10-27 19:11:40.553  1205  3233 D NuPlayerDriver: NuPlayerDriver(0xe6902270) created, clientPid(13449)
10-27 19:11:40.558  1205  3233 I ExtendedNuUtils: printFileName fd(7) -> /data/app/com.facebook.orca-R-4fStXqKr1ogvy1Xp764A==/base.apk
10-27 19:11:40.560  2556  3453 D Avrcp_ext: AudioManager Player: AudioPlaybackConfiguration piid:23 type:android.media.SoundPool u/pid:10039/2583 state:idle attr:AudioAttributes: usage=USAGE_ASSISTANCE_SONIFICATION content=CONTENT_TYPE_SONIFICATION flags=0x800 tags= bundle=null
10-27 19:11:40.561  2556  3453 D Avrcp_ext: AudioManager Player: AudioPlaybackConfiguration piid:359 type:android.media.MediaPlayer u/pid:10173/13449 state:idle attr:AudioAttributes: usage=USAGE_NOTIFICATION_RINGTONE content=CONTENT_TYPE_SONIFICATION flags=0x800 tags= bundle=null
10-27 19:11:40.561  2556  3453 D Avrcp_ext: AudioManager Player: AudioPlaybackConfiguration piid:15 type:android.media.SoundPool u/pid:1000/1618 state:idle attr:AudioAttributes: usage=USAGE_ASSISTANCE_SONIFICATION content=CONTENT_TYPE_SONIFICATION flags=0x800 tags= bundle=null
10-27 19:11:40.561  2556  3453 D Avrcp_ext: AudioManager Player: AudioPlaybackConfiguration piid:31 type:android.media.SoundPool u/pid:1027/3840 state:idle attr:AudioAttributes: usage=USAGE_ASSISTANCE_SONIFICATION content=CONTENT_TYPE_SONIFICATION flags=0x800 tags= bundle=null
10-27 19:11:40.561  2556  3453 D Avrcp_ext: AudioManager Player: AudioPlaybackConfiguration piid:271 type:android.media.MediaPlayer u/pid:1000/1618 state:idle attr:AudioAttributes: usage=USAGE_ASSISTANCE_SONIFICATION content=CONTENT_TYPE_SONIFICATION flags=0x800 tags= bundle=null
10-27 19:11:40.561  2556  3453 D Avrcp_ext: AudioManager isPlaying: false
10-27 19:11:40.565  1205 13815 D GenericSource: FileSource remote
10-27 19:11:40.569  1199  1199 I MMParserExtractor: Created(0x6f064d28d0)
10-27 19:11:40.572  1199  1199 E Utils   : did not find channel-count and/or sample-rate
10-27 19:11:40.572  1199  1199 E Utils   : did not find channel-count and/or sample-rate
10-27 19:11:40.573  1199  2599 D MediaBufferGroup: creating MemoryDealer
10-27 19:11:40.578 13449 13513 D Ringtone: Successfully created local player
10-27 19:11:40.587  1205  3351 D NuPlayerDriver: NuPlayerDriver(0xe6900c90) created, clientPid(13449)
10-27 19:11:40.592  1205  3351 I ExtendedNuUtils: printFileName fd(7) -> /data/app/com.facebook.orca-R-4fStXqKr1ogvy1Xp764A==/base.apk
10-27 19:11:40.594  2556  3453 D Avrcp_ext: AudioManager Player: AudioPlaybackConfiguration piid:23 type:android.media.SoundPool u/pid:10039/2583 state:idle attr:AudioAttributes: usage=USAGE_ASSISTANCE_SONIFICATION content=CONTENT_TYPE_SONIFICATION flags=0x800 tags= bundle=null
10-27 19:11:40.594  2556  3453 D Avrcp_ext: AudioManager Player: AudioPlaybackConfiguration piid:359 type:android.media.MediaPlayer u/pid:10173/13449 state:idle attr:AudioAttributes: usage=USAGE_NOTIFICATION_RINGTONE content=CONTENT_TYPE_SONIFICATION flags=0x800 tags= bundle=null
10-27 19:11:40.594  2556  3453 D Avrcp_ext: AudioManager Player: AudioPlaybackConfiguration piid:15 type:android.media.SoundPool u/pid:1000/1618 state:idle attr:AudioAttributes: usage=USAGE_ASSISTANCE_SONIFICATION content=CONTENT_TYPE_SONIFICATION flags=0x800 tags= bundle=null
10-27 19:11:40.594  2556  3453 D Avrcp_ext: AudioManager Player: AudioPlaybackConfiguration piid:31 type:android.media.SoundPool u/pid:1027/3840 state:idle attr:AudioAttributes: usage=USAGE_ASSISTANCE_SONIFICATION content=CONTENT_TYPE_SONIFICATION flags=0x800 tags= bundle=null
10-27 19:11:40.594  2556  3453 D Avrcp_ext: AudioManager Player: AudioPlaybackConfiguration piid:271 type:android.media.MediaPlayer u/pid:1000/1618 state:idle attr:AudioAttributes: usage=USAGE_ASSISTANCE_SONIFICATION content=CONTENT_TYPE_SONIFICATION flags=0x800 tags= bundle=null
10-27 19:11:40.595  2556  3453 D Avrcp_ext: AudioManager Player: AudioPlaybackConfiguration piid:367 type:android.media.MediaPlayer u/pid:10173/13449 state:idle attr:AudioAttributes: usage=USAGE_NOTIFICATION_RINGTONE content=CONTENT_TYPE_SONIFICATION flags=0x800 tags= bundle=null
10-27 19:11:40.595  2556  3453 D Avrcp_ext: AudioManager isPlaying: false
10-27 19:11:40.599  1205 13819 D GenericSource: FileSource remote
10-27 19:11:40.601  1199  2599 I MMParserExtractor: Created(0x6f064d3510)
10-27 19:11:40.602  1199  2599 E Utils   : did not find channel-count and/or sample-rate
10-27 19:11:40.602  1199  2599 E Utils   : did not find channel-count and/or sample-rate
10-27 19:11:40.604  1199  2599 D MediaBufferGroup: creating MemoryDealer
10-27 19:11:40.608 13449 13513 D Ringtone: Successfully created local player
10-27 19:11:40.609 13647 13647 W AppInit6: type=1400 audit(0.0:39870): avc: denied { read } for name="zoneinfo" dev="proc" ino=4026532129 scontext=u:r:untrusted_app:s0:c172,c256,c512,c768 tcontext=u:object_r:proc_zoneinfo:s0 tclass=file permissive=0 app=com.facebook.katana
10-27 19:11:40.618  1205  3233 D NuPlayerDriver: NuPlayerDriver(0xe6901d70) created, clientPid(13449)
10-27 19:11:40.623  1205  3233 I ExtendedNuUtils: printFileName fd(7) -> /data/app/com.facebook.orca-R-4fStXqKr1ogvy1Xp764A==/base.apk
10-27 19:11:40.625  2556  3453 D Avrcp_ext: AudioManager Player: AudioPlaybackConfiguration piid:23 type:android.media.SoundPool u/pid:10039/2583 state:idle attr:AudioAttributes: usage=USAGE_ASSISTANCE_SONIFICATION content=CONTENT_TYPE_SONIFICATION flags=0x800 tags= bundle=null
10-27 19:11:40.625  2556  3453 D Avrcp_ext: AudioManager Player: AudioPlaybackConfiguration piid:359 type:android.media.MediaPlayer u/pid:10173/13449 state:idle attr:AudioAttributes: usage=USAGE_NOTIFICATION_RINGTONE content=CONTENT_TYPE_SONIFICATION flags=0x800 tags= bundle=null
10-27 19:11:40.625  2556  3453 D Avrcp_ext: AudioManager Player: AudioPlaybackConfiguration piid:375 type:android.media.MediaPlayer u/pid:10173/13449 state:idle attr:AudioAttributes: usage=USAGE_NOTIFICATION_RINGTONE content=CONTENT_TYPE_SONIFICATION flags=0x800 tags= bundle=null
10-27 19:11:40.625  2556  3453 D Avrcp_ext: AudioManager Player: AudioPlaybackConfiguration piid:15 type:android.media.SoundPool u/pid:1000/1618 state:idle attr:AudioAttributes: usage=USAGE_ASSISTANCE_SONIFICATION content=CONTENT_TYPE_SONIFICATION flags=0x800 tags= bundle=null
10-27 19:11:40.625  2556  3453 D Avrcp_ext: AudioManager Player: AudioPlaybackConfiguration piid:31 type:android.media.SoundPool u/pid:1027/3840 state:idle attr:AudioAttributes: usage=USAGE_ASSISTANCE_SONIFICATION content=CONTENT_TYPE_SONIFICATION flags=0x800 tags= bundle=null
10-27 19:11:40.625  2556  3453 D Avrcp_ext: AudioManager Player: AudioPlaybackConfiguration piid:271 type:android.media.MediaPlayer u/pid:1000/1618 state:idle attr:AudioAttributes: usage=USAGE_ASSISTANCE_SONIFICATION content=CONTENT_TYPE_SONIFICATION flags=0x800 tags= bundle=null
10-27 19:11:40.625  2556  3453 D Avrcp_ext: AudioManager Player: AudioPlaybackConfiguration piid:367 type:android.media.MediaPlayer u/pid:10173/13449 state:idle attr:AudioAttributes: usage=USAGE_NOTIFICATION_RINGTONE content=CONTENT_TYPE_SONIFICATION flags=0x800 tags= bundle=null
10-27 19:11:40.625  2556  3453 D Avrcp_ext: AudioManager isPlaying: false
10-27 19:11:40.628 13647 13749 E nightwatch-target: /proc/zoneinfo open: errno=13
10-27 19:11:40.628 13647 13749 E nightwatch-target: sysmeminfo parse failed
10-27 19:11:40.634  1205 13823 D GenericSource: FileSource remote
10-27 19:11:40.636  1199  2599 I MMParserExtractor: Created(0x6f064d2a90)
10-27 19:11:40.637  1199  2599 E Utils   : did not find channel-count and/or sample-rate
10-27 19:11:40.638  1199  2599 E Utils   : did not find channel-count and/or sample-rate
10-27 19:11:40.640  1199  2599 D MediaBufferGroup: creating MemoryDealer
10-27 19:11:40.647 13449 13513 D Ringtone: Successfully created local player
10-27 19:11:40.654  1205  3351 D NuPlayerDriver: NuPlayerDriver(0xe6900b50) created, clientPid(13449)
10-27 19:11:40.658  1205  3351 I ExtendedNuUtils: printFileName fd(7) -> /data/app/com.facebook.orca-R-4fStXqKr1ogvy1Xp764A==/base.apk
10-27 19:11:40.660  2556  3453 D Avrcp_ext: AudioManager Player: AudioPlaybackConfiguration piid:23 type:android.media.SoundPool u/pid:10039/2583 state:idle attr:AudioAttributes: usage=USAGE_ASSISTANCE_SONIFICATION content=CONTENT_TYPE_SONIFICATION flags=0x800 tags= bundle=null
10-27 19:11:40.660  2556  3453 D Avrcp_ext: AudioManager Player: AudioPlaybackConfiguration piid:359 type:android.media.MediaPlayer u/pid:10173/13449 state:idle attr:AudioAttributes: usage=USAGE_NOTIFICATION_RINGTONE content=CONTENT_TYPE_SONIFICATION flags=0x800 tags= bundle=null
10-27 19:11:40.660  2556  3453 D Avrcp_ext: AudioManager Player: AudioPlaybackConfiguration piid:375 type:android.media.MediaPlayer u/pid:10173/13449 state:idle attr:AudioAttributes: usage=USAGE_NOTIFICATION_RINGTONE content=CONTENT_TYPE_SONIFICATION flags=0x800 tags= bundle=null
10-27 19:11:40.660  2556  3453 D Avrcp_ext: AudioManager Player: AudioPlaybackConfiguration piid:15 type:android.media.SoundPool u/pid:1000/1618 state:idle attr:AudioAttributes: usage=USAGE_ASSISTANCE_SONIFICATION content=CONTENT_TYPE_SONIFICATION flags=0x800 tags= bundle=null
10-27 19:11:40.660  2556  3453 D Avrcp_ext: AudioManager Player: AudioPlaybackConfiguration piid:31 type:android.media.SoundPool u/pid:1027/3840 state:idle attr:AudioAttributes: usage=USAGE_ASSISTANCE_SONIFICATION content=CONTENT_TYPE_SONIFICATION flags=0x800 tags= bundle=null
10-27 19:11:40.660  2556  3453 D Avrcp_ext: AudioManager Player: AudioPlaybackConfiguration piid:271 type:android.media.MediaPlayer u/pid:1000/1618 state:idle attr:AudioAttributes: usage=USAGE_ASSISTANCE_SONIFICATION content=CONTENT_TYPE_SONIFICATION flags=0x800 tags= bundle=null
10-27 19:11:40.660  2556  3453 D Avrcp_ext: AudioManager Player: AudioPlaybackConfiguration piid:367 type:android.media.MediaPlayer u/pid:10173/13449 state:idle attr:AudioAttributes: usage=USAGE_NOTIFICATION_RINGTONE content=CONTENT_TYPE_SONIFICATION flags=0x800 tags= bundle=null
10-27 19:11:40.661  2556  3453 D Avrcp_ext: AudioManager Player: AudioPlaybackConfiguration piid:383 type:android.media.MediaPlayer u/pid:10173/13449 state:idle attr:AudioAttributes: usage=USAGE_NOTIFICATION_RINGTONE content=CONTENT_TYPE_SONIFICATION flags=0x800 tags= bundle=null
10-27 19:11:40.661  2556  3453 D Avrcp_ext: AudioManager isPlaying: false
10-27 19:11:40.664  1205 13827 D GenericSource: FileSource remote
10-27 19:11:40.665  1199  2599 I MMParserExtractor: Created(0x6f064d45b0)
10-27 19:11:40.666  1199  2599 E Utils   : did not find channel-count and/or sample-rate
10-27 19:11:40.667  1199  2599 E Utils   : did not find channel-count and/or sample-rate
10-27 19:11:40.668  1199  2599 D MediaBufferGroup: creating MemoryDealer
10-27 19:11:40.673 13449 13513 D Ringtone: Successfully created local player
10-27 19:11:40.681  1205  3351 D NuPlayerDriver: NuPlayerDriver(0xe6901870) created, clientPid(13449)
10-27 19:11:40.685  1205  3351 I ExtendedNuUtils: printFileName fd(7) -> /data/app/com.facebook.orca-R-4fStXqKr1ogvy1Xp764A==/base.apk
10-27 19:11:40.686  2556  3453 D Avrcp_ext: AudioManager Player: AudioPlaybackConfiguration piid:23 type:android.media.SoundPool u/pid:10039/2583 state:idle attr:AudioAttributes: usage=USAGE_ASSISTANCE_SONIFICATION content=CONTENT_TYPE_SONIFICATION flags=0x800 tags= bundle=null
10-27 19:11:40.687  2556  3453 D Avrcp_ext: AudioManager Player: AudioPlaybackConfiguration piid:359 type:android.media.MediaPlayer u/pid:10173/13449 state:idle attr:AudioAttributes: usage=USAGE_NOTIFICATION_RINGTONE content=CONTENT_TYPE_SONIFICATION flags=0x800 tags= bundle=null
10-27 19:11:40.687  2556  3453 D Avrcp_ext: AudioManager Player: AudioPlaybackConfiguration piid:375 type:android.media.MediaPlayer u/pid:10173/13449 state:idle attr:AudioAttributes: usage=USAGE_NOTIFICATION_RINGTONE content=CONTENT_TYPE_SONIFICATION flags=0x800 tags= bundle=null
10-27 19:11:40.687  2556  3453 D Avrcp_ext: AudioManager Player: AudioPlaybackConfiguration piid:391 type:android.media.MediaPlayer u/pid:10173/13449 state:idle attr:AudioAttributes: usage=USAGE_NOTIFICATION_RINGTONE content=CONTENT_TYPE_SONIFICATION flags=0x800 tags= bundle=null
10-27 19:11:40.687  2556  3453 D Avrcp_ext: AudioManager Player: AudioPlaybackConfiguration piid:15 type:android.media.SoundPool u/pid:1000/1618 state:idle attr:AudioAttributes: usage=USAGE_ASSISTANCE_SONIFICATION content=CONTENT_TYPE_SONIFICATION flags=0x800 tags= bundle=null
10-27 19:11:40.687  2556  3453 D Avrcp_ext: AudioManager Player: AudioPlaybackConfiguration piid:31 type:android.media.SoundPool u/pid:1027/3840 state:idle attr:AudioAttributes: usage=USAGE_ASSISTANCE_SONIFICATION content=CONTENT_TYPE_SONIFICATION flags=0x800 tags= bundle=null
10-27 19:11:40.687  2556  3453 D Avrcp_ext: AudioManager Player: AudioPlaybackConfiguration piid:271 type:android.media.MediaPlayer u/pid:1000/1618 state:idle attr:AudioAttributes: usage=USAGE_ASSISTANCE_SONIFICATION content=CONTENT_TYPE_SONIFICATION flags=0x800 tags= bundle=null
