10-27 19:11:50.325  2556  2556 D Avrcp_ext: Added MediaPlayerController/MediaPlayerPackage
10-27 19:11:50.325  2556  2556 V Avrcp_ext: getMediaPlayerInfo: Found com.spotify.music
10-27 19:11:50.325  2556  2556 V Avrcp_ext: isBrowseSupported for com.spotify.music: false
10-27 19:11:50.327  2556  2556 D Avrcp_ext: Adding media player info for com.spotify.music with id 3
10-27 19:11:50.327  2556  2556 D Avrcp_ext: update #3:MediaPlayerInfo com.spotify.music (as 'Spotify') Type = 1, SubType = 0, Status = 0 Feature Bits [40 41 42 44 45 47 48 58] Controller: null
10-27 19:11:50.327  2556  2556 D Avrcp_ext: Added MediaPlayerController/MediaPlayerPackage
10-27 19:11:50.327  2556  2556 V Avrcp_ext: getMediaPlayerInfo: Found com.zhiliaoapp.musically
10-27 19:11:50.327  2556  2556 V Avrcp_ext: isBrowseSupported for com.zhiliaoapp.musically: false
10-27 19:11:50.328  2556  2556 D Avrcp_ext: Adding media player info for com.zhiliaoapp.musically with id 4
10-27 19:11:50.328  2556  2556 D Avrcp_ext: update #4:MediaPlayerInfo com.zhiliaoapp.musically (as 'TikTok') Type = 1, SubType = 0, Status = 0 Feature Bits [40 41 42 44 45 47 48 58] Controller: null
10-27 19:11:50.328  2556  2556 D Avrcp_ext: Added MediaPlayerController/MediaPlayerPackage
10-27 19:11:50.328  2556  2556 V Avrcp_ext: getMediaPlayerInfo: Found com.zhiliaoapp.musically
10-27 19:11:50.329  2556  2556 V Avrcp_ext: isBrowseSupported for com.zhiliaoapp.musically: false
10-27 19:11:50.330  2556  2556 D Avrcp_ext: Adding media player info for com.zhiliaoapp.musically with id 4
10-27 19:11:50.330  2556  2556 D Avrcp_ext: update #4:MediaPlayerInfo com.zhiliaoapp.musically (as 'TikTok') Type = 1, SubType = 0, Status = 0 Feature Bits [40 41 42 44 45 47 48 58] Controller: null
10-27 19:11:50.330  2556  2556 D Avrcp_ext: Added MediaPlayerController/MediaPlayerPackage
10-27 19:11:50.330  2556  2556 V Avrcp_ext: updateCurrentMediaState: mMediaController: null
10-27 19:11:50.331  2556  2556 V Avrcp_ext: isMusicActive: false getBluetoothPlayState: 2
10-27 19:11:50.331  2556  2556 V Avrcp_ext: updateCurrentMediaState: isPlaying = false
10-27 19:11:50.331  2556  2556 V Avrcp_ext: Media update: id -1-1? [MediaAttributes: none] : [MediaAttributes: none]
10-27 19:11:50.331  2556  2556 D Avrcp_ext: isPackageNameValid: browsedPackage = isValid = false
10-27 19:11:50.331  2556  2556 V Avrcp_ext: newPlayStatus:2mReportedPlayStatus:-1
10-27 19:11:50.331  2556  2556 V Avrcp_ext: updatePlaybackState, state: PlaybackState {state=2, position=-1, buffered position=0, speed=0.0, updated=6147861, actions=0, custom actions=[], active item id=-1, error=null} device: null
10-27 19:11:50.331  2556  2556 V Avrcp_ext: Device: no name: 
10-27 19:11:50.331  2556  2556 I chatty  : uid=1002(bluetooth) com.android.bluetooth identical 3 lines
10-27 19:11:50.331  2556  2556 V Avrcp_ext: Device: no name: 
10-27 19:11:50.331  2556  2556 V Avrcp_ext: updatePlayerStateAndPosition, old=PlaybackState {state=2, position=-1, buffered position=0, speed=0.0, updated=6054474, actions=0, custom actions=[], active item id=-1, error=null}, state=PlaybackState {state=2, position=-1, buffered position=0, speed=0.0, updated=6147861, actions=0, custom actions=[], active item id=-1, error=null}
10-27 19:11:50.332  2556  2556 V Avrcp_ext: old state = PlaybackState {state=2, position=-1, buffered position=0, speed=0.0, updated=6054474, actions=0, custom actions=[], active item id=-1, error=null}, new state= PlaybackState {state=2, position=-1, buffered position=0, speed=0.0, updated=6147861, actions=0, custom actions=[], active item id=-1, error=null}
10-27 19:11:50.332  2556  2556 D HeadsetService: getHeadsetService(): returning com.android.bluetooth.hfp.HeadsetService@b0170e7
10-27 19:11:50.335  2556  2556 D HeadsetService:  isAudioOn: The number of audio connected devices 0
10-27 19:11:50.335  2556  2556 D HeadsetService: isScoOrCallActive(): Call Active:falseCall is Ringing:falseSCO is Active:false
10-27 19:11:50.336  2556  2556 D HeadsetService:  isAudioOn: The number of audio connected devices 0
10-27 19:11:50.336  2556  2556 I Avrcp_ext: updatePlayStatusForDevice: device: null
10-27 19:11:50.336  2556  2556 V Avrcp_ext: updatePlaybackState (1): old=PlaybackState {state=2, position=-1, buffered position=0, speed=0.0, updated=6054474, actions=0, custom actions=[], active item id=-1, error=null}(2), new=PlaybackState {state=2, position=-1, buffered position=0, speed=0.0, updated=6147861, actions=0, custom actions=[], active item id=-1, error=null}(2)
10-27 19:11:50.336  2556  2556 I Avrcp_ext: Exit updatePlayStatusForDevice
10-27 19:11:50.336  2556  2556 D HeadsetService:  isAudioOn: The number of audio connected devices 0
10-27 19:11:50.336  2556  2556 D HeadsetService: isScoOrCallActive(): Call Active:falseCall is Ringing:falseSCO is Active:false
10-27 19:11:50.337  2556  2556 D HeadsetService:  isAudioOn: The number of audio connected devices 0
10-27 19:11:50.337  2556  2556 I Avrcp_ext: updatePlayStatusForDevice: device: null
10-27 19:11:50.337  2556  2556 V Avrcp_ext: updatePlaybackState (1): old=PlaybackState {state=2, position=-1, buffered position=0, speed=0.0, updated=6054474, actions=0, custom actions=[], active item id=-1, error=null}(2), new=PlaybackState {state=2, position=-1, buffered position=0, speed=0.0, updated=6147861, actions=0, custom actions=[], active item id=-1, error=null}(2)
10-27 19:11:50.337  2556  2556 I Avrcp_ext: Exit updatePlayStatusForDevice
10-27 19:11:50.338  2556  2556 D HeadsetService:  isAudioOn: The number of audio connected devices 0
10-27 19:11:50.338  2556  2556 D HeadsetService: isScoOrCallActive(): Call Active:falseCall is Ringing:falseSCO is Active:false
10-27 19:11:50.338  2556  2556 D HeadsetService:  isAudioOn: The number of audio connected devices 0
10-27 19:11:50.338  2556  2556 I Avrcp_ext: updatePlayStatusForDevice: device: null
10-27 19:11:50.338  2556  2556 V Avrcp_ext: updatePlaybackState (1): old=PlaybackState {state=2, position=-1, buffered position=0, speed=0.0, updated=6054474, actions=0, custom actions=[], active item id=-1, error=null}(2), new=PlaybackState {state=2, position=-1, buffered position=0, speed=0.0, updated=6147861, actions=0, custom actions=[], active item id=-1, error=null}(2)
10-27 19:11:50.338  2556  2556 I Avrcp_ext: Exit updatePlayStatusForDevice
10-27 19:11:50.338  2556  2556 D HeadsetService:  isAudioOn: The number of audio connected devices 0
10-27 19:11:50.338  2556  2556 D HeadsetService: isScoOrCallActive(): Call Active:falseCall is Ringing:falseSCO is Active:false
10-27 19:11:50.339  2556  2556 D HeadsetService:  isAudioOn: The number of audio connected devices 0
10-27 19:11:50.339  2556  2556 I Avrcp_ext: updatePlayStatusForDevice: device: null
10-27 19:11:50.339  2556  2556 V Avrcp_ext: updatePlaybackState (1): old=PlaybackState {state=2, position=-1, buffered position=0, speed=0.0, updated=6054474, actions=0, custom actions=[], active item id=-1, error=null}(2), new=PlaybackState {state=2, position=-1, buffered position=0, speed=0.0, updated=6147861, actions=0, custom actions=[], active item id=-1, error=null}(2)
10-27 19:11:50.339  2556  2556 I Avrcp_ext: Exit updatePlayStatusForDevice
10-27 19:11:50.339  2556  2556 D HeadsetService:  isAudioOn: The number of audio connected devices 0
10-27 19:11:50.339  2556  2556 D HeadsetService: isScoOrCallActive(): Call Active:falseCall is Ringing:falseSCO is Active:false
10-27 19:11:50.339  2556  2556 D HeadsetService:  isAudioOn: The number of audio connected devices 0
10-27 19:11:50.339  2556  2556 I Avrcp_ext: updatePlayStatusForDevice: device: null
10-27 19:11:50.339  2556  2556 V Avrcp_ext: updatePlaybackState (1): old=PlaybackState {state=2, position=-1, buffered position=0, speed=0.0, updated=6054474, actions=0, custom actions=[], active item id=-1, error=null}(2), new=PlaybackState {state=2, position=-1, buffered position=0, speed=0.0, updated=6147861, actions=0, custom actions=[], active item id=-1, error=null}(2)
10-27 19:11:50.339 13647 13935 W AMessage: failed to deliver message as target handler 1 is gone.
10-27 19:11:50.340  2556  2556 I Avrcp_ext: Exit updatePlayStatusForDevice
10-27 19:11:50.340  2556  2556 D Avrcp_ext: Enter sendPlayPosNotificationRsp
10-27 19:11:50.340  2556  2556 D Avrcp_ext: sendPlayPosNotificationRsp: Not registered or requesting.
10-27 19:11:50.340  2556  2556 D Avrcp_ext: Enter sendPlayPosNotificationRsp
10-27 19:11:50.340  2556  2556 D Avrcp_ext: sendPlayPosNotificationRsp: Not registered or requesting.
10-27 19:11:50.340  2556  2556 D Avrcp_ext: Enter sendPlayPosNotificationRsp
10-27 19:11:50.340  2556  2556 D Avrcp_ext: sendPlayPosNotificationRsp: Not registered or requesting.
10-27 19:11:50.340  2556  2556 D Avrcp_ext: Enter sendPlayPosNotificationRsp
10-27 19:11:50.340  2556  2556 D Avrcp_ext: sendPlayPosNotificationRsp: Not registered or requesting.
10-27 19:11:50.340  2556  2556 D Avrcp_ext: Enter sendPlayPosNotificationRsp
10-27 19:11:50.340  2556  2556 D Avrcp_ext: sendPlayPosNotificationRsp: Not registered or requesting.
10-27 19:11:50.340  2556  2556 V Avrcp_ext: Exit updatePlayerStateAndPosition
10-27 19:11:50.340  2556  2556 D Avrcp_ext: Exit handlePackageModified
10-27 19:11:50.348  1618  7757 D CompatibilityInfo: mCompatibilityFlags - 0
10-27 19:11:50.348  1618  7757 D CompatibilityInfo: applicationDensity - 420
10-27 19:11:50.348  1618  7757 D CompatibilityInfo: applicationScale - 1.0
10-27 19:11:50.350   918   918 D AF::TrackHandle: OpPlayAudio: track:56 usage:3 not muted
10-27 19:11:50.351   918   918 I chatty  : uid=1041(audioserver) /system/bin/audioserver identical 3 lines
10-27 19:11:50.351   918   918 D AF::TrackHandle: OpPlayAudio: track:56 usage:3 not muted
10-27 19:11:50.358  1618  1787 E system_server: No package ID 7f found for ID 0x7f08029a.
10-27 19:11:50.358  1618  1787 E system_server: No package ID 7f found for ID 0x7f121538.
10-27 19:11:50.359  1618  1787 E system_server: No package ID 7f found for ID 0x7f080299.
10-27 19:11:50.359  1618  1787 E system_server: No package ID 7f found for ID 0x7f120637.
10-27 19:11:50.359  1618  1787 E system_server: No package ID 7f found for ID 0x7f080298.
10-27 19:11:50.359  1618  1787 E system_server: No package ID 7f found for ID 0x7f120d9d.
10-27 19:11:50.361  3109  3109 E PhoneInterfaceManager: [PhoneIntfMgr] getCarrierPackageNamesForIntentAndPhone: No UICC
10-27 19:11:50.361  3109  3109 D CarrierSvcBindHelper: No carrier app for: 0
10-27 19:11:50.362  3840  3840 D RegisteredServicesCache: Others service enabled : ComponentInfo{com.google.android.gms/com.google.android.gms.nearby.mediums.nearfieldcommunication.NfcAdvertisingService}
10-27 19:11:50.362  3840  3840 D RegisteredServicesCache: Others service enabled : ComponentInfo{com.google.android.gms/com.google.android.gms.pay.hce.service.PayHceService}
10-27 19:11:50.362  3840  3840 D RegisteredServicesCache: Others service enabled : ComponentInfo{com.google.android.gms/com.google.android.gms.tapandpay.hce.service.TpHceService}
10-27 19:11:50.363  3109  3109 E PhoneInterfaceManager: [PhoneIntfMgr] getCarrierPackageNamesForIntentAndPhone: No UICC
10-27 19:11:50.363  3109  3109 D CarrierSvcBindHelper: No carrier app for: 1
10-27 19:11:50.363  3109  3109 D ImsResolver: maybeAddedImsService, packageName: com.android.settings
10-27 19:11:50.364  3840  3840 D AidRoutingManager: Default: 0, aid size: 297
10-27 19:11:50.364  3840  3840 D AidRoutingManager: Default: 2, aid size: 0
10-27 19:11:50.364  3840  3840 D AidRoutingManager: Default: 3, aid size: 0
10-27 19:11:50.364  3840  3840 D AidRoutingManager: Default: 0, aid expected size: 0
10-27 19:11:50.364  3840  3840 D AidRoutingManager: Default: 2, aid expected size: 297
10-27 19:11:50.364  3840  3840 D AidRoutingManager: Default: 3, aid expected size: 297
10-27 19:11:50.366  1618  2028 I InputReader: Reconfiguring input devices, changes=KEYBOARD_LAYOUTS | 
10-27 19:11:50.375  3434 13998 I Fitness : OnPackageChangedOperation got intent: Intent { act=android.intent.action.PACKAGE_CHANGED dat=package:com.android.settings flg=0x45000010 pkg=com.google.android.gms cmp=com.google.android.gms/.chimera.PersistentIntentOperationService (has extras) } [CONTEXT service_id=17 ]
10-27 19:11:50.376  3840  3840 D RegisteredNfcFServicesCache: Service unchanged, not updating
10-27 19:11:50.378  1618  3194 D CompatibilityInfo: mCompatibilityFlags - 0
10-27 19:11:50.378  1618  3194 D CompatibilityInfo: applicationDensity - 420
10-27 19:11:50.378  1618  3194 D CompatibilityInfo: applicationScale - 1.0
10-27 19:11:50.382  3434 14001 I Fitness : FitCleanupIntentOperation received Intent android.intent.action.PACKAGE_CHANGED [CONTEXT service_id=17 ]
10-27 19:11:50.385  1618  1700 D CompatibilityInfo: mCompatibilityFlags - 0
10-27 19:11:50.385  1618  1700 D CompatibilityInfo: applicationDensity - 420
10-27 19:11:50.385  1618  1700 D CompatibilityInfo: applicationScale - 1.0
10-27 19:11:50.425  1618  7012 D CompatibilityInfo: mCompatibilityFlags - 0
10-27 19:11:50.425  1618  7012 D CompatibilityInfo: applicationDensity - 420
10-27 19:11:50.425  1618  7012 D CompatibilityInfo: applicationScale - 1.0
10-27 19:11:50.430  1618  7757 D CompatibilityInfo: mCompatibilityFlags - 0
10-27 19:11:50.430  1618  7757 D CompatibilityInfo: applicationDensity - 420
10-27 19:11:50.430  1618  7757 D CompatibilityInfo: applicationScale - 1.0
10-27 19:11:50.451  1618  7012 D CompatibilityInfo: mCompatibilityFlags - 0
10-27 19:11:50.451  1618  7012 D CompatibilityInfo: applicationDensity - 420
10-27 19:11:50.451  1618  7012 D CompatibilityInfo: applicationScale - 1.0
10-27 19:11:50.474  4062  4263 I Icing   : IndexChimeraService.getServiceInterface callingPackage=com.google.android.gms componentName=AppsCorpus serviceId=36
10-27 19:11:50.489  2989  4353 D QCNEJ/WlanStaInfoRelay: Received action: android.net.wifi.RSSI_CHANGED
10-27 19:11:50.507  1618  1618 W Looper  : Slow delivery took 202ms main h=com.android.server.media.MediaRouterService$UserHandler c=android.app.-$$Lambda$LoadedApk$ReceiverDispatcher$Args$_BumDX2UKsnxLVrE6UJsJZkotuA@283787f m=0
10-27 19:11:50.507  1618  1618 I Telecom : DefaultDialerCache: Refreshing default dialer for user 0: now com.google.android.dialer: DDC.oR@AYY
10-27 19:11:50.508  1618  7012 D CompatibilityInfo: mCompatibilityFlags - 0
10-27 19:11:50.508  1618  7012 D CompatibilityInfo: applicationDensity - 420
10-27 19:11:50.508  1618  7012 D CompatibilityInfo: applicationScale - 1.0
10-27 19:11:50.509  1618  1618 W Looper  : Drained
10-27 19:11:50.515  3605  4518 I CarrierServices: [134] cew.d: (PEv2-SM-77899548): DisabledState: event Connectivity event [null]
10-27 19:11:50.517  3605  4625 I CarrierServices: [137] bwc.c: Connected state: [1], networkType: [WIFI]
10-27 19:11:50.517  3109 27375 E PhoneInterfaceManager: [PhoneIntfMgr] getCarrierPrivilegeStatus: Invalid subId
10-27 19:11:50.519  3605  4624 I CarrierServices: [136] cln.e: RCS Configuration storage in Bugle is disabled by p/h flag, using ProvisioningEngineStateCacheUtil.getProvisioningConfigurationForGivenSimIfExist()
10-27 19:11:50.522  1618  6364 D CompatibilityInfo: mCompatibilityFlags - 0
10-27 19:11:50.522  1618  6364 D CompatibilityInfo: applicationDensity - 420
10-27 19:11:50.522  1618  6364 D CompatibilityInfo: applicationScale - 1.0
10-27 19:11:50.535  1618  1787 W Searchables: No global search activity found
10-27 19:11:50.546  3434  6974 W ChimeraUtils: Module com.google.android.gms.nearby_en has empty metadata display_name_string_id
10-27 19:11:50.553  4062  5191 W Icing   : No valid account for uploading user actions
10-27 19:11:50.561  3434  6974 W ChimeraUtils: Module com.google.android.gms.nearby_en has empty metadata display_name_string_id
10-27 19:11:50.565  3434  6974 W ChimeraUtils: Module com.google.android.gms.nearby_en has empty metadata display_name_string_id
10-27 19:11:50.577  1618  1768 W Looper  : Slow delivery took 200ms android.fg h=android.os.Handler c=<recycled PooledLambda@c03614f> m=0
10-27 19:11:50.591  4062  4263 I Icing   : IndexChimeraService.getServiceInterface callingPackage=com.google.android.gms componentName=null serviceId=30
10-27 19:11:50.608  1618  1628 I system_server: Background concurrent copying GC freed 439740(19MB) AllocSpace objects, 107(5768KB) LOS objects, 46% free, 27MB/51MB, paused 510us total 326.475ms
10-27 19:11:50.618  4062  5191 I Icing   : Usage reports ok 2, Failed Usage reports 0, indexed 0, rejected 0
10-27 19:11:50.626 10483 13995 W adbd    : timed out while waiting for FUNCTIONFS_BIND, trying again
10-27 19:11:50.626 10483 13995 I adbd    : UsbFfs: connection terminated: monitor thread finished
10-27 19:11:50.627 10483 10483 I adbd    : UsbFfs: already offline
10-27 19:11:50.627 10483 10483 I adbd    : destroying transport UsbFfs
10-27 19:11:50.627 10483 10483 I adbd    : UsbFfsConnection being destroyed
10-27 19:11:50.649  1618  1630 W System  : A resource failed to call release. 
10-27 19:11:50.650  1618  1630 I chatty  : uid=1000(system) FinalizerDaemon identical 1 line
10-27 19:11:50.652  1618  1630 W System  : A resource failed to call release. 
10-27 19:11:50.663  4062  5191 W Icing   : No valid account for uploading user actions
10-27 19:11:50.670 13647 13945 D CCodecBufferChannel: [c2.android.aac.decoder#787] DEBUG: elapsed: n=4 [in=0 pipeline=0 out=0 smoothness=4]
10-27 19:11:50.670 13647 13945 D PipelineWatcher: DEBUG: elapsed 0 / 4
10-27 19:11:50.679  4062  5191 I Icing   : Usage reports ok 0, Failed Usage reports 0, indexed 0, rejected 0
10-27 19:11:50.682  4062  5191 I Icing   : Indexing com.google.android.gms-apps from com.google.android.gms
10-27 19:11:50.699  4062  5191 I Icing   : Indexing done com.google.android.gms-apps
10-27 19:11:50.710 10483 10488 I adbd    : opening control endpoint /dev/usb-ffs/adb/ep0
10-27 19:11:50.714 10483 10488 I adbd    : UsbFfsConnection constructed
10-27 19:11:50.714 10483 14014 I adbd    : UsbFfs-monitor thread spawned
10-27 19:11:50.749  1618  1768 D CompatibilityInfo: mCompatibilityFlags - 0
10-27 19:11:50.749  1618  1768 D CompatibilityInfo: applicationDensity - 420
10-27 19:11:50.749  1618  1768 D CompatibilityInfo: applicationScale - 1.0
10-27 19:11:50.750  1618  1768 W Looper  : Drained
10-27 19:11:50.758 30762 30779 I PermissionControllerServiceImpl: Updating user sensitive for uid 1000
10-27 19:11:50.928   878  2264 E android.hardware.usb@1.0-service: uevent received SUBSYSTEM=dual_role_usb
10-27 19:11:50.929   878  2264 I android.hardware.usb@1.0-service: otg_default
10-27 19:11:50.930   878  2264 I android.hardware.usb@1.0-service: canChangeMode: 1 canChagedata: 0 canChangePower:0
10-27 19:11:50.930  1618  1786 I UsbPortManager: ClientCallback V1_0: otg_default
10-27 19:11:51.170  1618  1788 W BroadcastQueue: Background execution not allowed: receiving Intent { act=android.intent.action.DROPBOX_ENTRY_ADDED flg=0x10 (has extras) } to com.google.android.gms/.stats.service.DropBoxEntryAddedReceiver
10-27 19:11:51.170  1618  1788 W BroadcastQueue: Background execution not allowed: receiving Intent { act=android.intent.action.DROPBOX_ENTRY_ADDED flg=0x10 (has extras) } to com.google.android.gms/.chimera.GmsIntentOperationService$PersistentTrustedReceiver
10-27 19:11:51.190  1618  6364 D CompatibilityInfo: mCompatibilityFlags - 0
10-27 19:11:51.191  1618  6364 D CompatibilityInfo: applicationDensity - 420
10-27 19:11:51.191  1618  6364 D CompatibilityInfo: applicationScale - 1.0
10-27 19:11:51.716 10483 14014 W adbd    : timed out while waiting for FUNCTIONFS_BIND, trying again
10-27 19:11:51.716 10483 14014 I adbd    : UsbFfs: connection terminated: monitor thread finished
10-27 19:11:51.717 10483 10483 I adbd    : UsbFfs: already offline
10-27 19:11:51.717 10483 10483 I adbd    : destroying transport UsbFfs
10-27 19:11:51.717 10483 10483 I adbd    : UsbFfsConnection being destroyed
10-27 19:11:51.730 10483 10488 I adbd    : opening control endpoint /dev/usb-ffs/adb/ep0
10-27 19:11:51.733 10483 10488 I adbd    : UsbFfsConnection constructed
10-27 19:11:51.734 10483 14016 I adbd    : UsbFfs-monitor thread spawned
10-27 19:11:52.116   878  2264 E android.hardware.usb@1.0-service: uevent received SUBSYSTEM=dual_role_usb
10-27 19:11:52.116   878  2264 I android.hardware.usb@1.0-service: otg_default
10-27 19:11:52.117   878  2264 I android.hardware.usb@1.0-service: canChangeMode: 1 canChagedata: 0 canChangePower:0
10-27 19:11:52.119  1618  1786 I UsbPortManager: ClientCallback V1_0: otg_default
10-27 19:11:52.625  1618  3194 I ActivityManager: Force stopping com.google.android.keep appid=10032 user=0: from pid 14023
10-27 19:11:52.633  3109  3109 E PhoneInterfaceManager: [PhoneIntfMgr] getCarrierPackageNamesForIntentAndPhone: No UICC
10-27 19:11:52.633  3109  3109 D CarrierSvcBindHelper: No carrier app for: 0
10-27 19:11:52.634  3109  3109 E PhoneInterfaceManager: [PhoneIntfMgr] getCarrierPackageNamesForIntentAndPhone: No UICC
10-27 19:11:52.634  3109  3109 D CarrierSvcBindHelper: No carrier app for: 1
10-27 19:11:52.646  3840  3840 D RegisteredServicesCache: Others service enabled : ComponentInfo{com.google.android.gms/com.google.android.gms.nearby.mediums.nearfieldcommunication.NfcAdvertisingService}
10-27 19:11:52.646  3840  3840 D RegisteredServicesCache: Others service enabled : ComponentInfo{com.google.android.gms/com.google.android.gms.pay.hce.service.PayHceService}
10-27 19:11:52.646  3840  3840 D RegisteredServicesCache: Others service enabled : ComponentInfo{com.google.android.gms/com.google.android.gms.tapandpay.hce.service.TpHceService}
10-27 19:11:52.648  3840  3840 D AidRoutingManager: Default: 0, aid size: 297
10-27 19:11:52.648  3840  3840 D AidRoutingManager: Default: 2, aid size: 0
10-27 19:11:52.648  3840  3840 D AidRoutingManager: Default: 3, aid size: 0
10-27 19:11:52.648  3840  3840 D AidRoutingManager: Default: 0, aid expected size: 0
10-27 19:11:52.648  3840  3840 D AidRoutingManager: Default: 2, aid expected size: 297
10-27 19:11:52.648  3840  3840 D AidRoutingManager: Default: 3, aid expected size: 297
10-27 19:11:52.649  3840  3840 D RegisteredNfcFServicesCache: Service unchanged, not updating
10-27 19:11:52.731  1618  3194 I ActivityManager: Force stopping com.facebook.katana appid=10172 user=0: from pid 14028
10-27 19:11:52.732  1618  3194 I ActivityManager: Killing 13647:com.facebook.katana/u0a172 (adj 800): stop com.facebook.katana due to from pid 14028
10-27 19:11:52.736 10483 14016 W adbd    : timed out while waiting for FUNCTIONFS_BIND, trying again
10-27 19:11:52.736 10483 14016 I adbd    : UsbFfs: connection terminated: monitor thread finished
10-27 19:11:52.736 10483 10483 I adbd    : UsbFfs: already offline
10-27 19:11:52.736 10483 10483 I adbd    : destroying transport UsbFfs
10-27 19:11:52.736 10483 10483 I adbd    : UsbFfsConnection being destroyed
10-27 19:11:52.751  3109  3109 E PhoneInterfaceManager: [PhoneIntfMgr] getCarrierPackageNamesForIntentAndPhone: No UICC
10-27 19:11:52.751  3109  3109 D CarrierSvcBindHelper: No carrier app for: 0
10-27 19:11:52.752 14028 14030 I cmd     : oneway function results will be dropped but finished with status OK and parcel size 4
10-27 19:11:52.752  3109  3109 E PhoneInterfaceManager: [PhoneIntfMgr] getCarrierPackageNamesForIntentAndPhone: No UICC
10-27 19:11:52.752  3109  3109 D CarrierSvcBindHelper: No carrier app for: 1
10-27 19:11:52.764  3840  3840 D RegisteredServicesCache: Others service enabled : ComponentInfo{com.google.android.gms/com.google.android.gms.nearby.mediums.nearfieldcommunication.NfcAdvertisingService}
10-27 19:11:52.764  3840  3840 D RegisteredServicesCache: Others service enabled : ComponentInfo{com.google.android.gms/com.google.android.gms.pay.hce.service.PayHceService}
10-27 19:11:52.764  3840  3840 D RegisteredServicesCache: Others service enabled : ComponentInfo{com.google.android.gms/com.google.android.gms.tapandpay.hce.service.TpHceService}
10-27 19:11:52.766  3840  3840 D AidRoutingManager: Default: 0, aid size: 297
10-27 19:11:52.766  3840  3840 D AidRoutingManager: Default: 2, aid size: 0
10-27 19:11:52.766  3840  3840 D AidRoutingManager: Default: 3, aid size: 0
10-27 19:11:52.766  3840  3840 D AidRoutingManager: Default: 0, aid expected size: 0
10-27 19:11:52.766  3840  3840 D AidRoutingManager: Default: 2, aid expected size: 297
10-27 19:11:52.766  3840  3840 D AidRoutingManager: Default: 3, aid expected size: 297
10-27 19:11:52.768  3840  3840 D RegisteredNfcFServicesCache: Service unchanged, not updating
10-27 19:11:52.806  1235 11970 E OMXNodeInstance: !!! Observer died. Quickly, do something, ... anything...
10-27 19:11:52.807  1235 11970 I OMX-VDEC-1080P: omx_vdec::component_deinit() complete
10-27 19:11:52.807  1300  3364 V C2Store : in ~ComponentModule
10-27 19:11:52.807  1300  3364 V C2Store : unloading dll
10-27 19:11:52.812  1205  3351 E mediaserver: unlinkToDeath: removed reference to death recipient but unlink failed.
10-27 19:11:52.812  1205  3351 E IPCThreadState: attemptIncStrongHandle(33): Not supported
10-27 19:11:52.814  1235 11970 I OMX-VDEC-1080P: Exit OMX vdec Destructor: fd=9
10-27 19:11:52.815  1235 11970 I OMX-VDEC-1080P: Video slvp perflock released
10-27 19:11:52.816  1235 11970 I hw-BpHwBinder: onLastStrongRef automatically unlinking death recipients
10-27 19:11:52.819   816   816 I Zygote  : Process 13647 exited due to signal 9 (Killed)
10-27 19:11:52.830  1618  1793 I libprocessgroup: Successfully killed process cgroup uid 10172 pid 13647 in 95ms
10-27 19:11:52.832 10483 10488 I adbd    : opening control endpoint /dev/usb-ffs/adb/ep0
10-27 19:11:52.834 10483 10488 I adbd    : UsbFfsConnection constructed
10-27 19:11:52.835 10483 14031 I adbd    : UsbFfs-monitor thread spawned
10-27 19:11:52.929  1618  2955 I ActivityManager: Force stopping com.google.android.gm appid=10100 user=0: from pid 14034
10-27 19:11:52.936  3109  3109 E PhoneInterfaceManager: [PhoneIntfMgr] getCarrierPackageNamesForIntentAndPhone: No UICC
10-27 19:11:52.936  3109  3109 D CarrierSvcBindHelper: No carrier app for: 0
10-27 19:11:52.937  3109  3109 E PhoneInterfaceManager: [PhoneIntfMgr] getCarrierPackageNamesForIntentAndPhone: No UICC
10-27 19:11:52.938  3109  3109 D CarrierSvcBindHelper: No carrier app for: 1
10-27 19:11:52.938 14034 14036 I cmd     : oneway function results will be dropped but finished with status OK and parcel size 4
10-27 19:11:52.950  3840  3840 D RegisteredServicesCache: Others service enabled : ComponentInfo{com.google.android.gms/com.google.android.gms.nearby.mediums.nearfieldcommunication.NfcAdvertisingService}
10-27 19:11:52.950  3840  3840 D RegisteredServicesCache: Others service enabled : ComponentInfo{com.google.android.gms/com.google.android.gms.pay.hce.service.PayHceService}
10-27 19:11:52.950  3840  3840 D RegisteredServicesCache: Others service enabled : ComponentInfo{com.google.android.gms/com.google.android.gms.tapandpay.hce.service.TpHceService}
10-27 19:11:52.952  3840  3840 D AidRoutingManager: Default: 0, aid size: 297
10-27 19:11:52.952  3840  3840 D AidRoutingManager: Default: 2, aid size: 0
10-27 19:11:52.952  3840  3840 D AidRoutingManager: Default: 3, aid size: 0
10-27 19:11:52.952  3840  3840 D AidRoutingManager: Default: 0, aid expected size: 0
10-27 19:11:52.952  3840  3840 D AidRoutingManager: Default: 2, aid expected size: 297
10-27 19:11:52.952  3840  3840 D AidRoutingManager: Default: 3, aid expected size: 297
10-27 19:11:52.953  3840  3840 D RegisteredNfcFServicesCache: Service unchanged, not updating
10-27 19:11:53.032  1618  2259 I ActivityManager: Force stopping com.zhiliaoapp.musically appid=10175 user=0: from pid 14039
10-27 19:11:53.041  3109  3109 E PhoneInterfaceManager: [PhoneIntfMgr] getCarrierPackageNamesForIntentAndPhone: No UICC
10-27 19:11:53.041  3109  3109 D CarrierSvcBindHelper: No carrier app for: 0
10-27 19:11:53.042  3109  3109 E PhoneInterfaceManager: [PhoneIntfMgr] getCarrierPackageNamesForIntentAndPhone: No UICC
10-27 19:11:53.042  3109  3109 D CarrierSvcBindHelper: No carrier app for: 1
10-27 19:11:53.052  3840  3840 D RegisteredServicesCache: Others service enabled : ComponentInfo{com.google.android.gms/com.google.android.gms.nearby.mediums.nearfieldcommunication.NfcAdvertisingService}
10-27 19:11:53.052  3840  3840 D RegisteredServicesCache: Others service enabled : ComponentInfo{com.google.android.gms/com.google.android.gms.pay.hce.service.PayHceService}
10-27 19:11:53.052  3840  3840 D RegisteredServicesCache: Others service enabled : ComponentInfo{com.google.android.gms/com.google.android.gms.tapandpay.hce.service.TpHceService}
10-27 19:11:53.055  3840  3840 D AidRoutingManager: Default: 0, aid size: 297
10-27 19:11:53.055  3840  3840 D AidRoutingManager: Default: 2, aid size: 0
10-27 19:11:53.055  3840  3840 D AidRoutingManager: Default: 3, aid size: 0
10-27 19:11:53.055  3840  3840 D AidRoutingManager: Default: 0, aid expected size: 0
10-27 19:11:53.055  3840  3840 D AidRoutingManager: Default: 2, aid expected size: 297
10-27 19:11:53.055  3840  3840 D AidRoutingManager: Default: 3, aid expected size: 297
10-27 19:11:53.056  3840  3840 D RegisteredNfcFServicesCache: Service unchanged, not updating
10-27 19:11:53.137  1618  3870 I ActivityManager: Force stopping com.google.android.apps.maps appid=10111 user=0: from pid 14044
10-27 19:11:53.145 14044 14046 I cmd     : oneway function results will be dropped but finished with status OK and parcel size 4
10-27 19:11:53.145  3109  3109 E PhoneInterfaceManager: [PhoneIntfMgr] getCarrierPackageNamesForIntentAndPhone: No UICC
10-27 19:11:53.145  3109  3109 D CarrierSvcBindHelper: No carrier app for: 0
10-27 19:11:53.146  3109  3109 E PhoneInterfaceManager: [PhoneIntfMgr] getCarrierPackageNamesForIntentAndPhone: No UICC
10-27 19:11:53.146  3109  3109 D CarrierSvcBindHelper: No carrier app for: 1
10-27 19:11:53.157  3840  3840 D RegisteredServicesCache: Others service enabled : ComponentInfo{com.google.android.gms/com.google.android.gms.nearby.mediums.nearfieldcommunication.NfcAdvertisingService}
10-27 19:11:53.157  3840  3840 D RegisteredServicesCache: Others service enabled : ComponentInfo{com.google.android.gms/com.google.android.gms.pay.hce.service.PayHceService}
10-27 19:11:53.157  3840  3840 D RegisteredServicesCache: Others service enabled : ComponentInfo{com.google.android.gms/com.google.android.gms.tapandpay.hce.service.TpHceService}
10-27 19:11:53.160  3840  3840 D AidRoutingManager: Default: 0, aid size: 297
10-27 19:11:53.160  3840  3840 D AidRoutingManager: Default: 2, aid size: 0
10-27 19:11:53.160  3840  3840 D AidRoutingManager: Default: 3, aid size: 0
10-27 19:11:53.160  3840  3840 D AidRoutingManager: Default: 0, aid expected size: 0
10-27 19:11:53.160  3840  3840 D AidRoutingManager: Default: 2, aid expected size: 297
10-27 19:11:53.160  3840  3840 D AidRoutingManager: Default: 3, aid expected size: 297
10-27 19:11:53.161  3840  3840 D RegisteredNfcFServicesCache: Service unchanged, not updating
10-27 19:11:53.240  1618  3870 I ActivityManager: Force stopping com.facebook.orca appid=10173 user=0: from pid 14049
10-27 19:11:53.247  3109  3109 E PhoneInterfaceManager: [PhoneIntfMgr] getCarrierPackageNamesForIntentAndPhone: No UICC
10-27 19:11:53.247  3109  3109 D CarrierSvcBindHelper: No carrier app for: 0
10-27 19:11:53.248  3109  3109 E PhoneInterfaceManager: [PhoneIntfMgr] getCarrierPackageNamesForIntentAndPhone: No UICC
10-27 19:11:53.248  3109  3109 D CarrierSvcBindHelper: No carrier app for: 1
10-27 19:11:53.249 14049 14051 I cmd     : oneway function results will be dropped but finished with status OK and parcel size 4
10-27 19:11:53.260  3840  3840 D RegisteredServicesCache: Others service enabled : ComponentInfo{com.google.android.gms/com.google.android.gms.nearby.mediums.nearfieldcommunication.NfcAdvertisingService}
10-27 19:11:53.260  3840  3840 D RegisteredServicesCache: Others service enabled : ComponentInfo{com.google.android.gms/com.google.android.gms.pay.hce.service.PayHceService}
10-27 19:11:53.260  3840  3840 D RegisteredServicesCache: Others service enabled : ComponentInfo{com.google.android.gms/com.google.android.gms.tapandpay.hce.service.TpHceService}
10-27 19:11:53.263  3840  3840 D AidRoutingManager: Default: 0, aid size: 297
10-27 19:11:53.263  3840  3840 D AidRoutingManager: Default: 2, aid size: 0
10-27 19:11:53.263  3840  3840 D AidRoutingManager: Default: 3, aid size: 0
10-27 19:11:53.263  3840  3840 D AidRoutingManager: Default: 0, aid expected size: 0
10-27 19:11:53.263  3840  3840 D AidRoutingManager: Default: 2, aid expected size: 297
10-27 19:11:53.263  3840  3840 D AidRoutingManager: Default: 3, aid expected size: 297
10-27 19:11:53.264  3840  3840 D RegisteredNfcFServicesCache: Service unchanged, not updating
10-27 19:11:53.304   878  2264 E android.hardware.usb@1.0-service: uevent received SUBSYSTEM=dual_role_usb
10-27 19:11:53.304   878  2264 I android.hardware.usb@1.0-service: otg_default
10-27 19:11:53.304   878  2264 I android.hardware.usb@1.0-service: canChangeMode: 1 canChagedata: 0 canChangePower:0
10-27 19:11:53.306  1618  1786 I UsbPortManager: ClientCallback V1_0: otg_default
10-27 19:11:53.352  1618  2259 I ActivityManager: Force stopping com.netflix.mediaclient appid=10176 user=0: from pid 14054
10-27 19:11:53.358 14054 14056 I cmd     : oneway function results will be dropped but finished with status OK and parcel size 4
10-27 19:11:53.359  3109  3109 E PhoneInterfaceManager: [PhoneIntfMgr] getCarrierPackageNamesForIntentAndPhone: No UICC
10-27 19:11:53.359  3109  3109 D CarrierSvcBindHelper: No carrier app for: 0
10-27 19:11:53.359  3109  3109 E PhoneInterfaceManager: [PhoneIntfMgr] getCarrierPackageNamesForIntentAndPhone: No UICC
10-27 19:11:53.359  3109  3109 D CarrierSvcBindHelper: No carrier app for: 1
10-27 19:11:53.374  3840  3840 D RegisteredServicesCache: Others service enabled : ComponentInfo{com.google.android.gms/com.google.android.gms.nearby.mediums.nearfieldcommunication.NfcAdvertisingService}
10-27 19:11:53.374  3840  3840 D RegisteredServicesCache: Others service enabled : ComponentInfo{com.google.android.gms/com.google.android.gms.pay.hce.service.PayHceService}
10-27 19:11:53.374  3840  3840 D RegisteredServicesCache: Others service enabled : ComponentInfo{com.google.android.gms/com.google.android.gms.tapandpay.hce.service.TpHceService}
10-27 19:11:53.376  3840  3840 D AidRoutingManager: Default: 0, aid size: 297
10-27 19:11:53.376  3840  3840 D AidRoutingManager: Default: 2, aid size: 0
10-27 19:11:53.376  3840  3840 D AidRoutingManager: Default: 3, aid size: 0
10-27 19:11:53.376  3840  3840 D AidRoutingManager: Default: 0, aid expected size: 0
10-27 19:11:53.376  3840  3840 D AidRoutingManager: Default: 2, aid expected size: 297
10-27 19:11:53.376  3840  3840 D AidRoutingManager: Default: 3, aid expected size: 297
10-27 19:11:53.377  3840  3840 D RegisteredNfcFServicesCache: Service unchanged, not updating
10-27 19:11:53.458  1618  2955 I ActivityManager: Force stopping com.spotify.music appid=10177 user=0: from pid 14060
10-27 19:11:53.468 14060 14062 I cmd     : oneway function results will be dropped but finished with status OK and parcel size 4
10-27 19:11:53.469  3109  3109 E PhoneInterfaceManager: [PhoneIntfMgr] getCarrierPackageNamesForIntentAndPhone: No UICC
10-27 19:11:53.469  3109  3109 D CarrierSvcBindHelper: No carrier app for: 0
10-27 19:11:53.470  3109  3109 E PhoneInterfaceManager: [PhoneIntfMgr] getCarrierPackageNamesForIntentAndPhone: No UICC
10-27 19:11:53.470  3109  3109 D CarrierSvcBindHelper: No carrier app for: 1
10-27 19:11:53.483  3840  3840 D RegisteredServicesCache: Others service enabled : ComponentInfo{com.google.android.gms/com.google.android.gms.nearby.mediums.nearfieldcommunication.NfcAdvertisingService}
10-27 19:11:53.483  3840  3840 D RegisteredServicesCache: Others service enabled : ComponentInfo{com.google.android.gms/com.google.android.gms.pay.hce.service.PayHceService}
10-27 19:11:53.483  3840  3840 D RegisteredServicesCache: Others service enabled : ComponentInfo{com.google.android.gms/com.google.android.gms.tapandpay.hce.service.TpHceService}
10-27 19:11:53.485  3840  3840 D AidRoutingManager: Default: 0, aid size: 297
10-27 19:11:53.485  3840  3840 D AidRoutingManager: Default: 2, aid size: 0
10-27 19:11:53.485  3840  3840 D AidRoutingManager: Default: 3, aid size: 0
10-27 19:11:53.485  3840  3840 D AidRoutingManager: Default: 0, aid expected size: 0
10-27 19:11:53.485  3840  3840 D AidRoutingManager: Default: 2, aid expected size: 297
10-27 19:11:53.485  3840  3840 D AidRoutingManager: Default: 3, aid expected size: 297
10-27 19:11:53.486  3840  3840 D RegisteredNfcFServicesCache: Service unchanged, not updating
10-27 19:11:53.500  2989  4353 D QCNEJ/WlanStaInfoRelay: Received action: android.net.wifi.RSSI_CHANGED
10-27 19:11:53.506  3605  4625 I CarrierServices: [137] bwc.c: Connected state: [1], networkType: [WIFI]
10-27 19:11:53.506  3605  4518 I CarrierServices: [134] cew.d: (PEv2-SM-77899548): DisabledState: event Connectivity event [null]
10-27 19:11:53.510  3109  3474 E PhoneInterfaceManager: [PhoneIntfMgr] getCarrierPrivilegeStatus: Invalid subId
10-27 19:11:53.511  3605  4624 I CarrierServices: [136] cln.e: RCS Configuration storage in Bugle is disabled by p/h flag, using ProvisioningEngineStateCacheUtil.getProvisioningConfigurationForGivenSimIfExist()
10-27 19:11:53.562  1618  3879 I ActivityManager: Force stopping com.google.android.youtube appid=10094 user=0: from pid 14065
10-27 19:11:53.570  3109  3109 E PhoneInterfaceManager: [PhoneIntfMgr] getCarrierPackageNamesForIntentAndPhone: No UICC
10-27 19:11:53.570  3109  3109 D CarrierSvcBindHelper: No carrier app for: 0
10-27 19:11:53.571  3109  3109 E PhoneInterfaceManager: [PhoneIntfMgr] getCarrierPackageNamesForIntentAndPhone: No UICC
10-27 19:11:53.571  3109  3109 D CarrierSvcBindHelper: No carrier app for: 1
10-27 19:11:53.589  3840  3840 D RegisteredServicesCache: Others service enabled : ComponentInfo{com.google.android.gms/com.google.android.gms.nearby.mediums.nearfieldcommunication.NfcAdvertisingService}
10-27 19:11:53.589  3840  3840 D RegisteredServicesCache: Others service enabled : ComponentInfo{com.google.android.gms/com.google.android.gms.pay.hce.service.PayHceService}
10-27 19:11:53.589  3840  3840 D RegisteredServicesCache: Others service enabled : ComponentInfo{com.google.android.gms/com.google.android.gms.tapandpay.hce.service.TpHceService}
10-27 19:11:53.591  3840  3840 D AidRoutingManager: Default: 0, aid size: 297
10-27 19:11:53.591  3840  3840 D AidRoutingManager: Default: 2, aid size: 0
10-27 19:11:53.591  3840  3840 D AidRoutingManager: Default: 3, aid size: 0
10-27 19:11:53.591  3840  3840 D AidRoutingManager: Default: 0, aid expected size: 0
10-27 19:11:53.591  3840  3840 D AidRoutingManager: Default: 2, aid expected size: 297
10-27 19:11:53.591  3840  3840 D AidRoutingManager: Default: 3, aid expected size: 297
10-27 19:11:53.594  3840  3840 D RegisteredNfcFServicesCache: Service unchanged, not updating
10-27 19:11:53.661  1618  3879 I ActivityManager: Force stopping com.twitter.android appid=10174 user=0: from pid 14070
10-27 19:11:53.667 14070 14072 I cmd     : oneway function results will be dropped but finished with status OK and parcel size 4
10-27 19:11:53.669  3109  3109 E PhoneInterfaceManager: [PhoneIntfMgr] getCarrierPackageNamesForIntentAndPhone: No UICC
10-27 19:11:53.669  3109  3109 D CarrierSvcBindHelper: No carrier app for: 0
10-27 19:11:53.669  3109  3109 E PhoneInterfaceManager: [PhoneIntfMgr] getCarrierPackageNamesForIntentAndPhone: No UICC
10-27 19:11:53.669  3109  3109 D CarrierSvcBindHelper: No carrier app for: 1
10-27 19:11:53.684  3840  3840 D RegisteredServicesCache: Others service enabled : ComponentInfo{com.google.android.gms/com.google.android.gms.nearby.mediums.nearfieldcommunication.NfcAdvertisingService}
10-27 19:11:53.684  3840  3840 D RegisteredServicesCache: Others service enabled : ComponentInfo{com.google.android.gms/com.google.android.gms.pay.hce.service.PayHceService}
10-27 19:11:53.684  3840  3840 D RegisteredServicesCache: Others service enabled : ComponentInfo{com.google.android.gms/com.google.android.gms.tapandpay.hce.service.TpHceService}
10-27 19:11:53.686  3840  3840 D AidRoutingManager: Default: 0, aid size: 297
10-27 19:11:53.686  3840  3840 D AidRoutingManager: Default: 2, aid size: 0
10-27 19:11:53.686  3840  3840 D AidRoutingManager: Default: 3, aid size: 0
10-27 19:11:53.686  3840  3840 D AidRoutingManager: Default: 0, aid expected size: 0
10-27 19:11:53.686  3840  3840 D AidRoutingManager: Default: 2, aid expected size: 297
10-27 19:11:53.686  3840  3840 D AidRoutingManager: Default: 3, aid expected size: 297
10-27 19:11:53.687  3840  3840 D RegisteredNfcFServicesCache: Service unchanged, not updating
10-27 19:11:53.836 10483 14031 W adbd    : timed out while waiting for FUNCTIONFS_BIND, trying again
10-27 19:11:53.836 10483 14031 I adbd    : UsbFfs: connection terminated: monitor thread finished
10-27 19:11:53.836 10483 10483 I adbd    : UsbFfs: already offline
10-27 19:11:53.836 10483 10483 I adbd    : destroying transport UsbFfs
10-27 19:11:53.836 10483 10483 I adbd    : UsbFfsConnection being destroyed
10-27 19:11:53.872 10483 10488 I adbd    : opening control endpoint /dev/usb-ffs/adb/ep0
10-27 19:11:53.875 10483 10488 I adbd    : UsbFfsConnection constructed
10-27 19:11:53.875 10483 14077 I adbd    : UsbFfs-monitor thread spawned
